Component: ARM Compiler 6.16 Tool: armlink [5dfeaa00]

==============================================================================

Section Cross References

    main.o(.ARM.exidx.text.delay) refers to main.o(.text.delay) for [Anonymous Symbol]
    main.o(.text.main) refers to queue.o(.text.xQueueGenericCreate) for xQueueGenericCreate
    main.o(.text.main) refers to main.o(.bss.xBinarySemaphore) for xBinarySemaphore
    main.o(.text.main) refers to queue.o(.text.xQueueGenericSend) for xQueueGenericSend
    main.o(.text.main) refers to queue.o(.text.xQueueCreateMutex) for xQueueCreateMutex
    main.o(.text.main) refers to main.o(.bss.xMutex) for xMutex
    main.o(.text.main) refers to main.o(.bss.xCounterTask_Handle) for xCounterTask_Handle
    main.o(.text.main) refers to main.o(.text.vCounterTask) for vCounterTask
    main.o(.text.main) refers to main.o(.rodata.str1.1) for .L.str
    main.o(.text.main) refers to tasks.o(.text.xTaskCreate) for xTaskCreate
    main.o(.text.main) refers to main.o(.bss.xLedTogglerTask_Handle) for xLedTogglerTask_Handle
    main.o(.text.main) refers to main.o(.text.vLedTogglerTask) for vLedTogglerTask
    main.o(.text.main) refers to main.o(.text.INIT_TASK) for INIT_TASK
    main.o(.text.main) refers to tasks.o(.text.vTaskStartScheduler) for vTaskStartScheduler
    main.o(.ARM.exidx.text.main) refers to main.o(.text.main) for [Anonymous Symbol]
    main.o(.text.vCounterTask) refers to main.o(.bss.xMutex) for xMutex
    main.o(.text.vCounterTask) refers to queue.o(.text.xQueueSemaphoreTake) for xQueueSemaphoreTake
    main.o(.text.vCounterTask) refers to main.o(.bss.buffer) for buffer
    main.o(.text.vCounterTask) refers to main.o(.rodata.str1.1) for .L.str.5
    main.o(.text.vCounterTask) refers to sprintf.o(.text) for sprintf
    main.o(.text.vCounterTask) refers to uart.o(i.UARTCharPut) for UARTCharPut
    main.o(.text.vCounterTask) refers to queue.o(.text.xQueueGenericSend) for xQueueGenericSend
    main.o(.ARM.exidx.text.vCounterTask) refers to main.o(.text.vCounterTask) for [Anonymous Symbol]
    main.o(.text.vLedTogglerTask) refers to main.o(.bss.xBinarySemaphore) for xBinarySemaphore
    main.o(.text.vLedTogglerTask) refers to queue.o(.text.xQueueSemaphoreTake) for xQueueSemaphoreTake
    main.o(.text.vLedTogglerTask) refers to main.o(.bss.xMutex) for xMutex
    main.o(.text.vLedTogglerTask) refers to main.o(.bss.buffer) for buffer
    main.o(.text.vLedTogglerTask) refers to main.o(.rodata.str1.1) for .L.str.5
    main.o(.text.vLedTogglerTask) refers to sprintf.o(.text) for sprintf
    main.o(.text.vLedTogglerTask) refers to uart.o(i.UARTCharPut) for UARTCharPut
    main.o(.text.vLedTogglerTask) refers to main.o(.text.toggle_red) for toggle_red
    main.o(.text.vLedTogglerTask) refers to queue.o(.text.xQueueGenericSend) for xQueueGenericSend
    main.o(.text.vLedTogglerTask) refers to tasks.o(.text.vTaskDelay) for vTaskDelay
    main.o(.ARM.exidx.text.vLedTogglerTask) refers to main.o(.text.vLedTogglerTask) for [Anonymous Symbol]
    main.o(.text.INIT_TASK) refers to init.o(.text.PortAInit) for PortAInit
    main.o(.text.INIT_TASK) refers to init.o(.text.PortFInit) for PortFInit
    main.o(.text.INIT_TASK) refers to init.o(.text.SwitchInterruptInit) for SwitchInterruptInit
    main.o(.text.INIT_TASK) refers to init.o(.text.UART0Init) for UART0Init
    main.o(.text.INIT_TASK) refers to tasks.o(.text.vTaskDelete) for vTaskDelete
    main.o(.ARM.exidx.text.INIT_TASK) refers to main.o(.text.INIT_TASK) for [Anonymous Symbol]
    main.o(.text.SwitchHandler) refers to main.o(.bss.xBinarySemaphore) for xBinarySemaphore
    main.o(.text.SwitchHandler) refers to queue.o(.text.xQueueGiveFromISR) for xQueueGiveFromISR
    main.o(.text.SwitchHandler) refers to gpio.o(i.GPIOIntClear) for GPIOIntClear
    main.o(.ARM.exidx.text.SwitchHandler) refers to main.o(.text.SwitchHandler) for [Anonymous Symbol]
    main.o(.ARM.exidx.text.vApplicationIdleHook) refers to main.o(.text.vApplicationIdleHook) for [Anonymous Symbol]
    main.o(.text.toggle_red) refers to gpio.o(i.GPIOPinRead) for GPIOPinRead
    main.o(.text.toggle_red) refers to gpio.o(i.GPIOPinWrite) for GPIOPinWrite
    main.o(.ARM.exidx.text.toggle_red) refers to main.o(.text.toggle_red) for [Anonymous Symbol]
    main.o(.text.toggle_blue) refers to gpio.o(i.GPIOPinRead) for GPIOPinRead
    main.o(.text.toggle_blue) refers to gpio.o(i.GPIOPinWrite) for GPIOPinWrite
    main.o(.ARM.exidx.text.toggle_blue) refers to main.o(.text.toggle_blue) for [Anonymous Symbol]
    init.o(.ARM.exidx.text.CalcTicks) refers to init.o(.text.CalcTicks) for [Anonymous Symbol]
    init.o(.text.Systick_Handler) refers to init.o(.bss.tickcounter) for tickcounter
    init.o(.ARM.exidx.text.Systick_Handler) refers to init.o(.text.Systick_Handler) for [Anonymous Symbol]
    init.o(.text.PortFInit) refers to sysctl.o(i.SysCtlPeripheralEnable) for SysCtlPeripheralEnable
[...]
    [Anonymous Symbol]                       0x20002790   Section        0  port.o(.bss.ulTimerCountsForOneTick)
    uxCurrentNumberOfTasks                   0x20002794   Data           4  tasks.o(.bss.uxCurrentNumberOfTasks)
    [Anonymous Symbol]                       0x20002794   Section        0  tasks.o(.bss.uxCurrentNumberOfTasks)
    uxDeletedTasksWaitingCleanUp             0x20002798   Data           4  tasks.o(.bss.uxDeletedTasksWaitingCleanUp)
    [Anonymous Symbol]                       0x20002798   Section        0  tasks.o(.bss.uxDeletedTasksWaitingCleanUp)
    uxSchedulerSuspended                     0x2000279c   Data           4  tasks.o(.bss.uxSchedulerSuspended)
    [Anonymous Symbol]                       0x2000279c   Section        0  tasks.o(.bss.uxSchedulerSuspended)
    uxTaskNumber                             0x200027a0   Data           4  tasks.o(.bss.uxTaskNumber)
    [Anonymous Symbol]                       0x200027a0   Section        0  tasks.o(.bss.uxTaskNumber)
    uxTopReadyPriority                       0x200027a4   Data           4  tasks.o(.bss.uxTopReadyPriority)
    [Anonymous Symbol]                       0x200027a4   Section        0  tasks.o(.bss.uxTopReadyPriority)
    xActiveTimerList1                        0x200027a8   Data          20  timers.o(.bss.xActiveTimerList1)
    [Anonymous Symbol]                       0x200027a8   Section        0  timers.o(.bss.xActiveTimerList1)
    xActiveTimerList2                        0x200027bc   Data          20  timers.o(.bss.xActiveTimerList2)
    [Anonymous Symbol]                       0x200027bc   Section        0  timers.o(.bss.xActiveTimerList2)
    xDelayedTaskList1                        0x200027d8   Data          20  tasks.o(.bss.xDelayedTaskList1)
    [Anonymous Symbol]                       0x200027d8   Section        0  tasks.o(.bss.xDelayedTaskList1)
    xDelayedTaskList2                        0x200027ec   Data          20  tasks.o(.bss.xDelayedTaskList2)
    [Anonymous Symbol]                       0x200027ec   Section        0  tasks.o(.bss.xDelayedTaskList2)
    xEnd                                     0x20002800   Data           8  heap_2.o(.bss.xEnd)
    [Anonymous Symbol]                       0x20002800   Section        0  heap_2.o(.bss.xEnd)
    xIdleTaskHandle                          0x20002808   Data           4  tasks.o(.bss.xIdleTaskHandle)
    [Anonymous Symbol]                       0x20002808   Section        0  tasks.o(.bss.xIdleTaskHandle)
    xMaximumPossibleSuppressedTicks          0x20002810   Data           4  port.o(.bss.xMaximumPossibleSuppressedTicks)
    [Anonymous Symbol]                       0x20002810   Section        0  port.o(.bss.xMaximumPossibleSuppressedTicks)
    xNextTaskUnblockTime                     0x20002818   Data           4  tasks.o(.bss.xNextTaskUnblockTime)
    [Anonymous Symbol]                       0x20002818   Section        0  tasks.o(.bss.xNextTaskUnblockTime)
    xNumOfOverflows                          0x2000281c   Data           4  tasks.o(.bss.xNumOfOverflows)
    [Anonymous Symbol]                       0x2000281c   Section        0  tasks.o(.bss.xNumOfOverflows)
    xPendedTicks                             0x20002820   Data           4  tasks.o(.bss.xPendedTicks)
    [Anonymous Symbol]                       0x20002820   Section        0  tasks.o(.bss.xPendedTicks)
    xPendingReadyList                        0x20002824   Data          20  tasks.o(.bss.xPendingReadyList)
    [Anonymous Symbol]                       0x20002824   Section        0  tasks.o(.bss.xPendingReadyList)
    xSchedulerRunning                        0x20002838   Data           4  tasks.o(.bss.xSchedulerRunning)
    [Anonymous Symbol]                       0x20002838   Section        0  tasks.o(.bss.xSchedulerRunning)
    xStart                                   0x2000283c   Data           8  heap_2.o(.bss.xStart)
    [Anonymous Symbol]                       0x2000283c   Section        0  heap_2.o(.bss.xStart)
    xSuspendedTaskList                       0x20002844   Data          20  tasks.o(.bss.xSuspendedTaskList)
    [Anonymous Symbol]                       0x20002844   Section        0  tasks.o(.bss.xSuspendedTaskList)
    xTasksWaitingTermination                 0x20002858   Data          20  tasks.o(.bss.xTasksWaitingTermination)
    [Anonymous Symbol]                       0x20002858   Section        0  tasks.o(.bss.xTasksWaitingTermination)
    xTickCount                               0x2000286c   Data           4  tasks.o(.bss.xTickCount)
    [Anonymous Symbol]                       0x2000286c   Section        0  tasks.o(.bss.xTickCount)
    xTimerQueue                              0x20002870   Data           4  timers.o(.bss.xTimerQueue)
    [Anonymous Symbol]                       0x20002870   Section        0  timers.o(.bss.xTimerQueue)
    xTimerTaskHandle                         0x20002874   Data           4  timers.o(.bss.xTimerTaskHandle)
    [Anonymous Symbol]                       0x20002874   Section        0  timers.o(.bss.xTimerTaskHandle)
    xYieldPending                            0x20002878   Data           4  tasks.o(.bss.xYieldPending)
    [Anonymous Symbol]                       0x20002878   Section        0  tasks.o(.bss.xYieldPending)
    Heap_Mem                                 0x20002880   Data           0  startup_tm4c123.o(HEAP)
    Stack_Mem                                0x20002880   Data         512  startup_tm4c123.o(STACK)
    HEAP                                     0x20002880   Section        0  startup_tm4c123.o(HEAP)
    STACK                                    0x20002880   Section      512  startup_tm4c123.o(STACK)
    __initial_sp                             0x20002a80   Data           0  startup_tm4c123.o(STACK)

    Global Symbols

    Symbol Name                              Value     Ov Type        Size  Object(Section)

    BuildAttributes$$THM_ISAv4$E$P$D$K$B$S$7EM$VFPi3$EXTD16$VFPS$VFMA$PE$A:L22UL41UL21$X:L11$S22US41US21$IEEE1$IW$~IW$USESV6$~STKCKD$USESV7$~SHL$OTIME$ROPI$IEEEJ$EBA8$UX$STANDARDLIB$REQ8$PRES8$EABIv2 0x00000000   Number         0  anon$$obj.o ABSOLUTE
    __Vectors                                0x00000000   Data           4  startup_tm4c123.o(RESET)
    _printf_flags                            0x00000000   Number         0  printf_stubs.o ABSOLUTE
    _printf_return_value                     0x00000000   Number         0  printf_stubs.o ABSOLUTE
    _printf_sizespec                         0x00000000   Number         0  printf_stubs.o ABSOLUTE
    _printf_widthprec                        0x00000000   Number         0  printf_stubs.o ABSOLUTE
    __ARM_exceptions_init                     - Undefined Weak Reference
    __alloca_initialize                       - Undefined Weak Reference
    __arm_preinit_                            - Undefined Weak Reference
    __cpp_initialize__aeabi_                  - Undefined Weak Reference
    __cxa_finalize                            - Undefined Weak Reference
    __sigvec_lookup                           - Undefined Weak Reference
    _atexit_init                              - Undefined Weak Reference
    _call_atexit_fns                          - Undefined Weak Reference
    _clock_init                               - Undefined Weak Reference
    _fp_trap_init                             - Undefined Weak Reference
    _fp_trap_shutdown                         - Undefined Weak Reference
    _get_lc_collate                           - Undefined Weak Reference
    _get_lc_monetary                          - Undefined Weak Reference
    _get_lc_time                              - Undefined Weak Reference
    _getenv_init                              - Undefined Weak Reference
    _handle_redirection                       - Undefined Weak Reference
    _init_alloc                               - Undefined Weak Reference
    _init_user_alloc                          - Undefined Weak Reference
    _initio                                   - Undefined Weak Reference
    _printf_mbtowc                            - Undefined Weak Reference
    _printf_wc                                - Undefined Weak Reference
    _rand_init                                - Undefined Weak Reference
    _signal_finish                            - Undefined Weak Reference
    _signal_init                              - Undefined Weak Reference
    _terminate_alloc                          - Undefined Weak Reference
    _terminate_user_alloc                     - Undefined Weak Reference
    _terminateio                              - Undefined Weak Reference
    __Vectors_End                            0x0000026c   Data           0  startup_tm4c123.o(RESET)
    __Vectors_Size                           0x0000026c   Number         0  startup_tm4c123.o ABSOLUTE
    __main                                   0x0000026d   Thumb Code     8  __main.o(!!!main)
    __scatterload                            0x00000275   Thumb Code     0  __scatter.o(!!!scatter)
    __scatterload_rt2                        0x00000275   Thumb Code    44  __scatter.o(!!!scatter)
    __scatterload_rt2_thumb_only             0x00000275   Thumb Code     0  __scatter.o(!!!scatter)
    __scatterload_null                       0x00000283   Thumb Code     0  __scatter.o(!!!scatter)
    __decompress                             0x000002a9   Thumb Code    58  __dczerorl.o(!!dczerorl)
    __decompress0                            0x000002a9   Thumb Code     0  __dczerorl.o(!!dczerorl)
    __scatterload_zeroinit                   0x000002e5   Thumb Code    28  __scatter_zi.o(!!handler_zi)
    _printf_n                                0x00000301   Thumb Code     0  _printf_n.o(.ARM.Collect$$_printf_percent$$00000001)
    _printf_percent                          0x00000301   Thumb Code     0  _printf_percent.o(.ARM.Collect$$_printf_percent$$00000000)
    _printf_p                                0x00000307   Thumb Code     0  _printf_p.o(.ARM.Collect$$_printf_percent$$00000002)
    _printf_f                                0x0000030d   Thumb Code     0  _printf_f.o(.ARM.Collect$$_printf_percent$$00000003)
    _printf_e                                0x00000313   Thumb Code     0  _printf_e.o(.ARM.Collect$$_printf_percent$$00000004)
    _printf_g                                0x00000319   Thumb Code     0  _printf_g.o(.ARM.Collect$$_printf_percent$$00000005)
    _printf_a                                0x0000031f   Thumb Code     0  _printf_a.o(.ARM.Collect$$_printf_percent$$00000006)
    _printf_ll                               0x00000325   Thumb Code     0  _printf_ll.o(.ARM.Collect$$_printf_percent$$00000007)
    _printf_i                                0x0000032f   Thumb Code     0  _printf_i.o(.ARM.Collect$$_printf_percent$$00000008)
    _printf_d                                0x00000335   Thumb Code     0  _printf_d.o(.ARM.Collect$$_printf_percent$$00000009)
    _printf_u                                0x0000033b   Thumb Code     0  _printf_u.o(.ARM.Collect$$_printf_percent$$0000000A)
    _printf_o                                0x00000341   Thumb Code     0  _printf_o.o(.ARM.Collect$$_printf_percent$$0000000B)
    _printf_x                                0x00000347   Thumb Code     0  _printf_x.o(.ARM.Collect$$_printf_percent$$0000000C)
    _printf_lli                              0x0000034d   Thumb Code     0  _printf_lli.o(.ARM.Collect$$_printf_percent$$0000000D)
    _printf_lld                              0x00000353   Thumb Code     0  _printf_lld.o(.ARM.Collect$$_printf_percent$$0000000E)
    _printf_llu                              0x00000359   Thumb Code     0  _printf_llu.o(.ARM.Collect$$_printf_percent$$0000000F)
    _printf_llo                              0x0000035f   Thumb Code     0  _printf_llo.o(.ARM.Collect$$_printf_percent$$00000010)
    _printf_llx                              0x00000365   Thumb Code     0  _printf_llx.o(.ARM.Collect$$_printf_percent$$00000011)
    _printf_l                                0x0000036b   Thumb Code     0  _printf_l.o(.ARM.Collect$$_printf_percent$$00000012)
    _printf_c                                0x00000375   Thumb Code     0  _printf_c.o(.ARM.Collect$$_printf_percent$$00000013)
    _printf_s                                0x0000037b   Thumb Code     0  _printf_s.o(.ARM.Collect$$_printf_percent$$00000014)
    _printf_lc                               0x00000381   Thumb Code     0  _printf_lc.o(.ARM.Collect$$_printf_percent$$00000015)
    _printf_ls                               0x00000387   Thumb Code     0  _printf_ls.o(.ARM.Collect$$_printf_percent$$00000016)
    _printf_percent_end                      0x0000038d   Thumb Code     0  _printf_percent_end.o(.ARM.Collect$$_printf_percent$$00000017)
    __rt_lib_init                            0x00000391   Thumb Code     0  libinit.o(.ARM.Collect$$libinit$$00000000)
    __rt_lib_init_fp_1                       0x00000393   Thumb Code     0  libinit2.o(.ARM.Collect$$libinit$$00000001)
    __rt_lib_init_heap_1                     0x00000397   Thumb Code     0  libinit2.o(.ARM.Collect$$libinit$$0000000A)
    __rt_lib_init_lc_common                  0x00000397   Thumb Code     0  libinit2.o(.ARM.Collect$$libinit$$0000000F)
    __rt_lib_init_preinit_1                  0x00000397   Thumb Code     0  libinit2.o(.ARM.Collect$$libinit$$00000004)
    __rt_lib_init_rand_1                     0x00000397   Thumb Code     0  libinit2.o(.ARM.Collect$$libinit$$0000000E)
    __rt_lib_init_user_alloc_1               0x00000397   Thumb Code     0  libinit2.o(.ARM.Collect$$libinit$$0000000C)
    __rt_lib_init_lc_collate_1               0x0000039d   Thumb Code     0  libinit2.o(.ARM.Collect$$libinit$$00000011)
    __rt_lib_init_lc_ctype_2                 0x0000039d   Thumb Code     0  libinit2.o(.ARM.Collect$$libinit$$00000012)
    __rt_lib_init_lc_ctype_1                 0x000003a9   Thumb Code     0  libinit2.o(.ARM.Collect$$libinit$$00000013)
    __rt_lib_init_lc_monetary_1              0x000003a9   Thumb Code     0  libinit2.o(.ARM.Collect$$libinit$$00000015)
    __rt_lib_init_lc_numeric_2               0x000003a9   Thumb Code     0  libinit2.o(.ARM.Collect$$libinit$$00000016)
    __rt_lib_init_alloca_1                   0x000003b3   Thumb Code     0  libinit2.o(.ARM.Collect$$libinit$$0000002E)
    __rt_lib_init_argv_1                     0x000003b3   Thumb Code     0  libinit2.o(.ARM.Collect$$libinit$$0000002C)
    __rt_lib_init_atexit_1                   0x000003b3   Thumb Code     0  libinit2.o(.ARM.Collect$$libinit$$0000001B)
    __rt_lib_init_clock_1                    0x000003b3   Thumb Code     0  libinit2.o(.ARM.Collect$$libinit$$00000021)
    __rt_lib_init_cpp_1                      0x000003b3   Thumb Code     0  libinit2.o(.ARM.Collect$$libinit$$00000032)
    __rt_lib_init_exceptions_1               0x000003b3   Thumb Code     0  libinit2.o(.ARM.Collect$$libinit$$00000030)
    __rt_lib_init_fp_trap_1                  0x000003b3   Thumb Code     0  libinit2.o(.ARM.Collect$$libinit$$0000001F)
    __rt_lib_init_getenv_1                   0x000003b3   Thumb Code     0  libinit2.o(.ARM.Collect$$libinit$$00000023)
    __rt_lib_init_lc_numeric_1               0x000003b3   Thumb Code     0  libinit2.o(.ARM.Collect$$libinit$$00000017)
    __rt_lib_init_lc_time_1                  0x000003b3   Thumb Code     0  libinit2.o(.ARM.Collect$$libinit$$00000019)
    __rt_lib_init_return                     0x000003b3   Thumb Code     0  libinit2.o(.ARM.Collect$$libinit$$00000033)
    __rt_lib_init_signal_1                   0x000003b3   Thumb Code     0  libinit2.o(.ARM.Collect$$libinit$$0000001D)
    __rt_lib_init_stdio_1                    0x000003b3   Thumb Code     0  libinit2.o(.ARM.Collect$$libinit$$00000025)
    __rt_lib_shutdown                        0x000003b5   Thumb Code     0  libshutdown.o(.ARM.Collect$$libshutdown$$00000000)
    __rt_lib_shutdown_cpp_1                  0x000003b7   Thumb Code     0  libshutdown2.o(.ARM.Collect$$libshutdown$$00000002)
    __rt_lib_shutdown_fp_trap_1              0x000003b7   Thumb Code     0  libshutdown2.o(.ARM.Collect$$libshutdown$$00000007)
    __rt_lib_shutdown_heap_1                 0x000003b7   Thumb Code     0  libshutdown2.o(.ARM.Collect$$libshutdown$$0000000F)
    __rt_lib_shutdown_return                 0x000003b7   Thumb Code     0  libshutdown2.o(.ARM.Collect$$libshutdown$$00000010)
    __rt_lib_shutdown_signal_1               0x000003b7   Thumb Code     0  libshutdown2.o(.ARM.Collect$$libshutdown$$0000000A)
    __rt_lib_shutdown_stdio_1                0x000003b7   Thumb Code     0  libshutdown2.o(.ARM.Collect$$libshutdown$$00000004)
    __rt_lib_shutdown_user_alloc_1           0x000003b7   Thumb Code     0  libshutdown2.o(.ARM.Collect$$libshutdown$$0000000C)
    __rt_entry                               0x000003b9   Thumb Code     0  __rtentry.o(.ARM.Collect$$rtentry$$00000000)
    __rt_entry_presh_1                       0x000003b9   Thumb Code     0  __rtentry2.o(.ARM.Collect$$rtentry$$00000002)
    __rt_entry_sh                            0x000003b9   Thumb Code     0  __rtentry4.o(.ARM.Collect$$rtentry$$00000004)
    __rt_entry_li                            0x000003bf   Thumb Code     0  __rtentry2.o(.ARM.Collect$$rtentry$$0000000A)
    __rt_entry_postsh_1                      0x000003bf   Thumb Code     0  __rtentry2.o(.ARM.Collect$$rtentry$$00000009)
    __rt_entry_main                          0x000003c3   Thumb Code     0  __rtentry2.o(.ARM.Collect$$rtentry$$0000000D)
    __rt_entry_postli_1                      0x000003c3   Thumb Code     0  __rtentry2.o(.ARM.Collect$$rtentry$$0000000C)
    __rt_exit                                0x000003cb   Thumb Code     0  rtexit.o(.ARM.Collect$$rtexit$$00000000)
    __rt_exit_ls                             0x000003cd   Thumb Code     0  rtexit2.o(.ARM.Collect$$rtexit$$00000003)
    __rt_exit_prels_1                        0x000003cd   Thumb Code     0  rtexit2.o(.ARM.Collect$$rtexit$$00000002)
    __rt_exit_exit                           0x000003d1   Thumb Code     0  rtexit2.o(.ARM.Collect$$rtexit$$00000004)
    Reset_Handler                            0x000003d9   Thumb Code     8  startup_tm4c123.o(.text)
    NMI_Handler                              0x000003e1   Thumb Code     2  startup_tm4c123.o(.text)
    HardFault_Handler                        0x000003e3   Thumb Code     2  startup_tm4c123.o(.text)
    MemManage_Handler                        0x000003e5   Thumb Code     2  startup_tm4c123.o(.text)
    BusFault_Handler                         0x000003e7   Thumb Code     2  startup_tm4c123.o(.text)
    UsageFault_Handler                       0x000003e9   Thumb Code     2  startup_tm4c123.o(.text)
    DebugMon_Handler                         0x000003ed   Thumb Code     2  startup_tm4c123.o(.text)
    GPIOA_Handler                            0x000003f3   Thumb Code     2  startup_tm4c123.o(.text)
    GPIOB_Handler                            0x000003f5   Thumb Code     2  startup_tm4c123.o(.text)
    GPIOC_Handler                            0x000003f7   Thumb Code     2  startup_tm4c123.o(.text)
    GPIOD_Handler                            0x000003f9   Thumb Code     2  startup_tm4c123.o(.text)
    GPIOE_Handler                            0x000003fb   Thumb Code     2  startup_tm4c123.o(.text)
    UART0_Handler                            0x000003fd   Thumb Code     2  startup_tm4c123.o(.text)
    UART1_Handler                            0x000003ff   Thumb Code     2  startup_tm4c123.o(.text)
    SSI0_Handler                             0x00000401   Thumb Code     2  startup_tm4c123.o(.text)
    I2C0_Handler                             0x00000403   Thumb Code     2  startup_tm4c123.o(.text)
    PMW0_FAULT_Handler                       0x00000405   Thumb Code     2  startup_tm4c123.o(.text)
    PWM0_0_Handler                           0x00000407   Thumb Code     2  startup_tm4c123.o(.text)
    PWM0_1_Handler                           0x00000409   Thumb Code     2  startup_tm4c123.o(.text)
    PWM0_2_Handler                           0x0000040b   Thumb Code     2  startup_tm4c123.o(.text)
    QEI0_Handler                             0x0000040d   Thumb Code     2  startup_tm4c123.o(.text)
    ADC0SS0_Handler                          0x0000040f   Thumb Code     2  startup_tm4c123.o(.text)
    ADC0SS1_Handler                          0x00000411   Thumb Code     2  startup_tm4c123.o(.text)
    ADC0SS2_Handler                          0x00000413   Thumb Code     2  startup_tm4c123.o(.text)
    ADC0SS3_Handler                          0x00000415   Thumb Code     2  startup_tm4c123.o(.text)
    WDT0_Handler                             0x00000417   Thumb Code     2  startup_tm4c123.o(.text)
    TIMER0A_Handler                          0x00000419   Thumb Code     2  startup_tm4c123.o(.text)
    TIMER0B_Handler                          0x0000041b   Thumb Code     2  startup_tm4c123.o(.text)
    TIMER1A_Handler                          0x0000041d   Thumb Code     2  startup_tm4c123.o(.text)
    TIMER1B_Handler                          0x0000041f   Thumb Code     2  startup_tm4c123.o(.text)
    TIMER2A_Handler                          0x00000421   Thumb Code     2  startup_tm4c123.o(.text)
    TIMER2B_Handler                          0x00000423   Thumb Code     2  startup_tm4c123.o(.text)
    COMP0_Handler                            0x00000425   Thumb Code     2  startup_tm4c123.o(.text)
    COMP1_Handler                            0x00000427   Thumb Code     2  startup_tm4c123.o(.text)
    COMP2_Handler                            0x00000429   Thumb Code     2  startup_tm4c123.o(.text)
    SYSCTL_Handler                           0x0000042b   Thumb Code     2  startup_tm4c123.o(.text)
    FLASH_Handler                            0x0000042d   Thumb Code     2  startup_tm4c123.o(.text)
    GPIOF_Handler                            0x0000042f   Thumb Code     2  startup_tm4c123.o(.text)
    GPIOG_Handler                            0x00000431   Thumb Code     2  startup_tm4c123.o(.text)
    GPIOH_Handler                            0x00000433   Thumb Code     2  startup_tm4c123.o(.text)
    UART2_Handler                            0x00000435   Thumb Code     2  startup_tm4c123.o(.text)
    SSI1_Handler                             0x00000437   Thumb Code     2  startup_tm4c123.o(.text)
    TIMER3A_Handler                          0x00000439   Thumb Code     2  startup_tm4c123.o(.text)
    TIMER3B_Handler                          0x0000043b   Thumb Code     2  startup_tm4c123.o(.text)
    I2C1_Handler                             0x0000043d   Thumb Code     2  startup_tm4c123.o(.text)
    QEI1_Handler                             0x0000043f   Thumb Code     2  startup_tm4c123.o(.text)
    CAN0_Handler                             0x00000441   Thumb Code     2  startup_tm4c123.o(.text)
    CAN1_Handler                             0x00000443   Thumb Code     2  startup_tm4c123.o(.text)
    CAN2_Handler                             0x00000445   Thumb Code     2  startup_tm4c123.o(.text)
    HIB_Handler                              0x00000447   Thumb Code     2  startup_tm4c123.o(.text)
    USB0_Handler                             0x00000449   Thumb Code     2  startup_tm4c123.o(.text)
    PWM0_3_Handler                           0x0000044b   Thumb Code     2  startup_tm4c123.o(.text)
    UDMA_Handler                             0x0000044d   Thumb Code     2  startup_tm4c123.o(.text)
    UDMAERR_Handler                          0x0000044f   Thumb Code     2  startup_tm4c123.o(.text)
    ADC1SS0_Handler                          0x00000451   Thumb Code     2  startup_tm4c123.o(.text)
    ADC1SS1_Handler                          0x00000453   Thumb Code     2  startup_tm4c123.o(.text)
    ADC1SS2_Handler                          0x00000455   Thumb Code     2  startup_tm4c123.o(.text)
    ADC1SS3_Handler                          0x00000457   Thumb Code     2  startup_tm4c123.o(.text)
    GPIOJ_Handler                            0x00000459   Thumb Code     2  startup_tm4c123.o(.text)
    GPIOK_Handler                            0x0000045b   Thumb Code     2  startup_tm4c123.o(.text)
    GPIOL_Handler                            0x0000045d   Thumb Code     2  startup_tm4c123.o(.text)
    SSI2_Handler                             0x0000045f   Thumb Code     2  startup_tm4c123.o(.text)
    SSI3_Handler                             0x00000461   Thumb Code     2  startup_tm4c123.o(.text)
    UART3_Handler                            0x00000463   Thumb Code     2  startup_tm4c123.o(.text)
    UART4_Handler                            0x00000465   Thumb Code     2  startup_tm4c123.o(.text)
    UART5_Handler                            0x00000467   Thumb Code     2  startup_tm4c123.o(.text)
    UART6_Handler                            0x00000469   Thumb Code     2  startup_tm4c123.o(.text)
    UART7_Handler                            0x0000046b   Thumb Code     2  startup_tm4c123.o(.text)
    I2C2_Handler                             0x0000046d   Thumb Code     2  startup_tm4c123.o(.text)
    I2C3_Handler                             0x0000046f   Thumb Code     2  startup_tm4c123.o(.text)
    TIMER4A_Handler                          0x00000471   Thumb Code     2  startup_tm4c123.o(.text)
    TIMER4B_Handler                          0x00000473   Thumb Code     2  startup_tm4c123.o(.text)
    TIMER5A_Handler                          0x00000475   Thumb Code     2  startup_tm4c123.o(.text)
    TIMER5B_Handler                          0x00000477   Thumb Code     2  startup_tm4c123.o(.text)
    WTIMER0A_Handler                         0x00000479   Thumb Code     2  startup_tm4c123.o(.text)
    WTIMER0B_Handler                         0x0000047b   Thumb Code     2  startup_tm4c123.o(.text)
    WTIMER1A_Handler                         0x0000047d   Thumb Code     2  startup_tm4c123.o(.text)
    WTIMER1B_Handler                         0x0000047f   Thumb Code     2  startup_tm4c123.o(.text)
    WTIMER2A_Handler                         0x00000481   Thumb Code     2  startup_tm4c123.o(.text)
    WTIMER2B_Handler                         0x00000483   Thumb Code     2  startup_tm4c123.o(.text)
    WTIMER3A_Handler                         0x00000485   Thumb Code     2  startup_tm4c123.o(.text)
    WTIMER3B_Handler                         0x00000487   Thumb Code     2  startup_tm4c123.o(.text)
    WTIMER4A_Handler                         0x00000489   Thumb Code     2  startup_tm4c123.o(.text)
    WTIMER4B_Handler                         0x0000048b   Thumb Code     2  startup_tm4c123.o(.text)
    WTIMER5A_Handler                         0x0000048d   Thumb Code     2  startup_tm4c123.o(.text)
    WTIMER5B_Handler                         0x0000048f   Thumb Code     2  startup_tm4c123.o(.text)
    FPU_Handler                              0x00000491   Thumb Code     2  startup_tm4c123.o(.text)
    I2C4_Handler                             0x00000493   Thumb Code     2  startup_tm4c123.o(.text)
    I2C5_Handler                             0x00000495   Thumb Code     2  startup_tm4c123.o(.text)
    GPIOM_Handler                            0x00000497   Thumb Code     2  startup_tm4c123.o(.text)
    GPION_Handler                            0x00000499   Thumb Code     2  startup_tm4c123.o(.text)
    QEI2_Handler                             0x0000049b   Thumb Code     2  startup_tm4c123.o(.text)
    GPIOP0_Handler                           0x0000049d   Thumb Code     2  startup_tm4c123.o(.text)
    GPIOP1_Handler                           0x0000049f   Thumb Code     2  startup_tm4c123.o(.text)
    GPIOP2_Handler                           0x000004a1   Thumb Code     2  startup_tm4c123.o(.text)
    GPIOP3_Handler                           0x000004a3   Thumb Code     2  startup_tm4c123.o(.text)
    GPIOP4_Handler                           0x000004a5   Thumb Code     2  startup_tm4c123.o(.text)
    GPIOP5_Handler                           0x000004a7   Thumb Code     2  startup_tm4c123.o(.text)
    GPIOP6_Handler                           0x000004a9   Thumb Code     2  startup_tm4c123.o(.text)
    GPIOP7_Handler                           0x000004ab   Thumb Code     2  startup_tm4c123.o(.text)
    GPIOQ0_Handler                           0x000004ad   Thumb Code     2  startup_tm4c123.o(.text)
    GPIOQ1_Handler                           0x000004af   Thumb Code     2  startup_tm4c123.o(.text)
    GPIOQ2_Handler                           0x000004b1   Thumb Code     2  startup_tm4c123.o(.text)
    GPIOQ3_Handler                           0x000004b3   Thumb Code     2  startup_tm4c123.o(.text)
    GPIOQ4_Handler                           0x000004b5   Thumb Code     2  startup_tm4c123.o(.text)
    GPIOQ5_Handler                           0x000004b7   Thumb Code     2  startup_tm4c123.o(.text)
    GPIOQ6_Handler                           0x000004b9   Thumb Code     2  startup_tm4c123.o(.text)
    GPIOQ7_Handler                           0x000004bb   Thumb Code     2  startup_tm4c123.o(.text)
    GPIOR_Handler                            0x000004bd   Thumb Code     2  startup_tm4c123.o(.text)
    GPIOS_Handler                            0x000004bf   Thumb Code     2  startup_tm4c123.o(.text)
    PMW1_0_Handler                           0x000004c1   Thumb Code     2  startup_tm4c123.o(.text)
    PWM1_1_Handler                           0x000004c3   Thumb Code     2  startup_tm4c123.o(.text)
    PWM1_2_Handler                           0x000004c5   Thumb Code     2  startup_tm4c123.o(.text)
    PWM1_3_Handler                           0x000004c7   Thumb Code     2  startup_tm4c123.o(.text)
    PWM1_FAULT_Handler                       0x000004c9   Thumb Code     2  startup_tm4c123.o(.text)
    __user_initial_stackheap                 0x000004cd   Thumb Code     0  startup_tm4c123.o(.text)
    sprintf                                  0x000004ed   Thumb Code    38  sprintf.o(.text)
    __aeabi_memcpy                           0x00000519   Thumb Code     0  rt_memcpy_v6.o(.text)
    __rt_memcpy                              0x00000519   Thumb Code   138  rt_memcpy_v6.o(.text)
    _memcpy_lastbytes                        0x0000057f   Thumb Code     0  rt_memcpy_v6.o(.text)
    __aeabi_memset4                          0x000005a3   Thumb Code    16  aeabi_memset4.o(.text)
    __aeabi_memset8                          0x000005a3   Thumb Code     0  aeabi_memset4.o(.text)
    __use_two_region_memory                  0x000005b3   Thumb Code     2  heapauxi.o(.text)
    __rt_heap_escrow$2region                 0x000005b5   Thumb Code     2  heapauxi.o(.text)
    __rt_heap_expand$2region                 0x000005b7   Thumb Code     2  heapauxi.o(.text)
    _printf_pre_padding                      0x000005b9   Thumb Code    44  _printf_pad.o(.text)
    _printf_post_padding                     0x000005e5   Thumb Code    34  _printf_pad.o(.text)
    _printf_truncate_signed                  0x00000607   Thumb Code    18  _printf_truncate.o(.text)
    _printf_truncate_unsigned                0x00000619   Thumb Code    18  _printf_truncate.o(.text)
    _printf_str                              0x0000062b   Thumb Code    82  _printf_str.o(.text)
    _printf_int_dec                          0x0000067d   Thumb Code   104  _printf_dec.o(.text)
    _printf_charcount                        0x000006f5   Thumb Code    40  _printf_charcount.o(.text)
    _printf_char_common                      0x00000727   Thumb Code    32  _printf_char_common.o(.text)
    _sputc                                   0x0000074d   Thumb Code    10  _sputc.o(.text)
    _printf_wctomb                           0x00000759   Thumb Code   182  _printf_wctomb.o(.text)
    _printf_longlong_dec                     0x00000815   Thumb Code   108  _printf_longlong_dec.o(.text)
    _printf_longlong_oct                     0x00000891   Thumb Code    68  _printf_oct_int_ll.o(.text)
    _printf_int_oct                          0x000008d5   Thumb Code    24  _printf_oct_int_ll.o(.text)
    _printf_ll_oct                           0x000008ed   Thumb Code    12  _printf_oct_int_ll.o(.text)
    _printf_longlong_hex                     0x00000901   Thumb Code    86  _printf_hex_int_ll_ptr.o(.text)
    _printf_int_hex                          0x00000957   Thumb Code    28  _printf_hex_int_ll_ptr.o(.text)
    _printf_ll_hex                           0x00000973   Thumb Code    12  _printf_hex_int_ll_ptr.o(.text)
    _printf_hex_ptr                          0x0000097f   Thumb Code    18  _printf_hex_int_ll_ptr.o(.text)
    __printf                                 0x00000995   Thumb Code   388  __printf_flags_ss_wp.o(.text)
    __aeabi_memcpy4                          0x00000b1d   Thumb Code     0  rt_memcpy_w.o(.text)
    __aeabi_memcpy8                          0x00000b1d   Thumb Code     0  rt_memcpy_w.o(.text)
    __rt_memcpy_w                            0x00000b1d   Thumb Code   100  rt_memcpy_w.o(.text)
    _memcpy_lastbytes_aligned                0x00000b65   Thumb Code     0  rt_memcpy_w.o(.text)
    __aeabi_memclr4                          0x00000b81   Thumb Code     0  rt_memclr_w.o(.text)
    __aeabi_memclr8                          0x00000b81   Thumb Code     0  rt_memclr_w.o(.text)
    __rt_memclr_w                            0x00000b81   Thumb Code     0  rt_memclr_w.o(.text)
    _memset_w                                0x00000b85   Thumb Code    74  rt_memclr_w.o(.text)
    _ll_udiv10                               0x00000bcf   Thumb Code   138  lludiv10.o(.text)
    _printf_int_common                       0x00000c59   Thumb Code   178  _printf_intcommon.o(.text)
    _printf_fp_dec_real                      0x00000ebb   Thumb Code   620  _printf_fp_dec.o(.text)
    _printf_fp_hex_real                      0x00001129   Thumb Code   756  _printf_fp_hex.o(.text)
    _printf_cs_common                        0x00001425   Thumb Code    20  _printf_char.o(.text)
    _printf_char                             0x00001439   Thumb Code    16  _printf_char.o(.text)
    _printf_string                           0x00001449   Thumb Code     8  _printf_char.o(.text)
    _printf_lcs_common                       0x00001451   Thumb Code    20  _printf_wchar.o(.text)
    _printf_wchar                            0x00001465   Thumb Code    16  _printf_wchar.o(.text)
    _printf_wstring                          0x00001475   Thumb Code     8  _printf_wchar.o(.text)
    _c16rtomb                                0x0000147d   Thumb Code    72  _c16rtomb.o(.text)
    _wcrtomb                                 0x0000147d   Thumb Code     0  _c16rtomb.o(.text)
    __user_setup_stackheap                   0x000014c5   Thumb Code    74  sys_stackheap_outer.o(.text)
    __rt_ctype_table                         0x00001511   Thumb Code    16  rt_ctype_table.o(.text)
    __rt_locale                              0x00001521   Thumb Code     8  rt_locale_intlibspace.o(.text)
    _printf_fp_infnan                        0x00001529   Thumb Code   112  _printf_fp_infnan.o(.text)
    _btod_etento                             0x000015a9   Thumb Code   224  bigflt0.o(.text)
    exit                                     0x0000168d   Thumb Code    18  exit.o(.text)
    __user_libspace                          0x000016a1   Thumb Code     8  libspace.o(.text)
    __user_perproc_libspace                  0x000016a1   Thumb Code     0  libspace.o(.text)
    __user_perthread_libspace                0x000016a1   Thumb Code     0  libspace.o(.text)
    strcmp                                   0x000016a9   Thumb Code   124  strcmpv7em.o(.text)
    _sys_exit                                0x00001725   Thumb Code     8  sys_exit.o(.text)
    __I$use$semihosting                      0x00001731   Thumb Code     0  use_no_semi.o(.text)
    __use_no_semihosting_swi                 0x00001731   Thumb Code     2  use_no_semi.o(.text)
    __semihosting_library_function           0x00001733   Thumb Code     0  indicate_semi.o(.text)
    PendSV_Handler                           0x00001761   Thumb Code   100  port.o(.text.PendSV_Handler)
    PortAInit                                0x000017c5   Thumb Code    46  init.o(.text.PortAInit)
    PortFInit                                0x000017f5   Thumb Code   122  init.o(.text.PortFInit)
    SVC_Handler                              0x00001871   Thumb Code    36  port.o(.text.SVC_Handler)
    SwitchHandler                            0x00001895   Thumb Code    76  main.o(.text.SwitchHandler)
    SwitchInterruptInit                      0x000018e1   Thumb Code    80  init.o(.text.SwitchInterruptInit)
    SysTick_Handler                          0x00001931   Thumb Code    60  port.o(.text.SysTick_Handler)
    SystemInit                               0x0000196d   Thumb Code   268  system_tm4c123.o(.text.SystemInit)
    UART0Init                                0x00001a79   Thumb Code    86  init.o(.text.UART0Init)
    eTaskConfirmSleepModeStatus              0x00001ad1   Thumb Code   128  tasks.o(.text.eTaskConfirmSleepModeStatus)
    main                                     0x00001b51   Thumb Code   244  main.o(.text.main)
    pvPortMalloc                             0x00002b59   Thumb Code   396  heap_2.o(.text.pvPortMalloc)
    pvTaskIncrementMutexHeldCount            0x00002ce5   Thumb Code    44  tasks.o(.text.pvTaskIncrementMutexHeldCount)
    pxPortInitialiseStack                    0x00002d11   Thumb Code    94  port.o(.text.pxPortInitialiseStack)
    toggle_red                               0x00002d71   Thumb Code    62  main.o(.text.toggle_red)
    uxListRemove                             0x00002db1   Thumb Code    72  list.o(.text.uxListRemove)
    vApplicationIdleHook                     0x00002df9   Thumb Code     4  main.o(.text.vApplicationIdleHook)
    vListInitialise                          0x00002fe1   Thumb Code    46  list.o(.text.vListInitialise)
    vListInitialiseItem                      0x00003011   Thumb Code    14  list.o(.text.vListInitialiseItem)
    vListInsert                              0x00003021   Thumb Code   106  list.o(.text.vListInsert)
    vListInsertEnd                           0x0000308d   Thumb Code    58  list.o(.text.vListInsertEnd)
    vPortEnterCritical                       0x000030dd   Thumb Code    86  port.o(.text.vPortEnterCritical)
    vPortExitCritical                        0x00003135   Thumb Code    74  port.o(.text.vPortExitCritical)
    vPortFree                                0x00003181   Thumb Code   114  heap_2.o(.text.vPortFree)
    vPortSetupTimerInterrupt                 0x000031f5   Thumb Code   120  port.o(.text.vPortSetupTimerInterrupt)
    vPortSuppressTicksAndSleep               0x0000326d   Thumb Code   524  port.o(.text.vPortSuppressTicksAndSleep)
    vPortValidateInterruptPriority           0x00003479   Thumb Code   132  port.o(.text.vPortValidateInterruptPriority)
    vQueueWaitForMessageRestricted           0x000034fd   Thumb Code   100  queue.o(.text.vQueueWaitForMessageRestricted)
    vTaskDelay                               0x00003561   Thumb Code   110  tasks.o(.text.vTaskDelay)
    vTaskDelete                              0x000035d1   Thumb Code   340  tasks.o(.text.vTaskDelete)
    vTaskInternalSetTimeOutState             0x00003725   Thumb Code    36  tasks.o(.text.vTaskInternalSetTimeOutState)
    vTaskMissedYield                         0x00003749   Thumb Code    14  tasks.o(.text.vTaskMissedYield)
    vTaskPlaceOnEventList                    0x00003759   Thumb Code    66  tasks.o(.text.vTaskPlaceOnEventList)
    vTaskPlaceOnEventListRestricted          0x0000379d   Thumb Code   124  tasks.o(.text.vTaskPlaceOnEventListRestricted)
    vTaskPriorityDisinheritAfterTimeout      0x00003819   Thumb Code   386  tasks.o(.text.vTaskPriorityDisinheritAfterTimeout)
    vTaskStartScheduler                      0x0000399d   Thumb Code   186  tasks.o(.text.vTaskStartScheduler)
    vTaskStepTick                            0x00003a59   Thumb Code    76  tasks.o(.text.vTaskStepTick)
    vTaskSuspendAll                          0x00003aa5   Thumb Code    16  tasks.o(.text.vTaskSuspendAll)
    vTaskSwitchContext                       0x00003ab5   Thumb Code   190  tasks.o(.text.vTaskSwitchContext)
    xPortStartScheduler                      0x00003b75   Thumb Code   342  port.o(.text.xPortStartScheduler)
    xQueueCreateMutex                        0x00003ccd   Thumb Code    38  queue.o(.text.xQueueCreateMutex)
    xQueueGenericCreate                      0x00003cf5   Thumb Code   154  queue.o(.text.xQueueGenericCreate)
    xQueueGenericReset                       0x00003d91   Thumb Code   264  queue.o(.text.xQueueGenericReset)
    xQueueGenericSend                        0x00003e99   Thumb Code   628  queue.o(.text.xQueueGenericSend)
    xQueueGiveFromISR                        0x0000410d   Thumb Code   366  queue.o(.text.xQueueGiveFromISR)
    xQueueReceive                            0x0000427d   Thumb Code   476  queue.o(.text.xQueueReceive)
    xQueueSemaphoreTake                      0x00004459   Thumb Code   556  queue.o(.text.xQueueSemaphoreTake)
    xTaskCheckForTimeOut                     0x00004685   Thumb Code   252  tasks.o(.text.xTaskCheckForTimeOut)
    xTaskCreate                              0x00004781   Thumb Code   152  tasks.o(.text.xTaskCreate)
    xTaskGetSchedulerState                   0x00004819   Thumb Code    56  tasks.o(.text.xTaskGetSchedulerState)
    xTaskGetTickCount                        0x00004851   Thumb Code    20  tasks.o(.text.xTaskGetTickCount)
    xTaskIncrementTick                       0x00004865   Thumb Code   608  tasks.o(.text.xTaskIncrementTick)
    xTaskPriorityDisinherit                  0x00004ac5   Thumb Code   312  tasks.o(.text.xTaskPriorityDisinherit)
    xTaskPriorityInherit                     0x00004bfd   Thumb Code   348  tasks.o(.text.xTaskPriorityInherit)
    xTaskRemoveFromEventList                 0x00004d59   Thumb Code   402  tasks.o(.text.xTaskRemoveFromEventList)
    xTaskResumeAll                           0x00004eed   Thumb Code   546  tasks.o(.text.xTaskResumeAll)
    xTimerCreateTimerTask                    0x00005111   Thumb Code   108  timers.o(.text.xTimerCreateTimerTask)
    _btod_d2e                                0x0000517d   Thumb Code    62  btod.o(CL$$btod_d2e)
    _d2e_denorm_low                          0x000051bb   Thumb Code    70  btod.o(CL$$btod_d2e_denorm_low)
    _d2e_norm_op1                            0x00005201   Thumb Code    96  btod.o(CL$$btod_d2e_norm_op1)
    __btod_div_common                        0x00005261   Thumb Code   696  btod.o(CL$$btod_div_common)
    _e2e                                     0x00005599   Thumb Code   220  btod.o(CL$$btod_e2e)
    _btod_ediv                               0x00005675   Thumb Code    42  btod.o(CL$$btod_ediv)
    _btod_emul                               0x0000569f   Thumb Code    42  btod.o(CL$$btod_emul)
    __btod_mult_common                       0x000056c9   Thumb Code   580  btod.o(CL$$btod_mult_common)
    GPIODirModeSet                           0x0000590d   Thumb Code    40  gpio.o(i.GPIODirModeSet)
    GPIOIntClear                             0x00005935   Thumb Code     6  gpio.o(i.GPIOIntClear)
    GPIOIntDisable                           0x0000593b   Thumb Code    14  gpio.o(i.GPIOIntDisable)
    GPIOIntEnable                            0x00005949   Thumb Code    12  gpio.o(i.GPIOIntEnable)
    GPIOIntRegister                          0x00005955   Thumb Code    26  gpio.o(i.GPIOIntRegister)
    GPIOIntTypeSet                           0x0000596f   Thumb Code    80  gpio.o(i.GPIOIntTypeSet)
    GPIOPadConfigSet                         0x000059c1   Thumb Code   354  gpio.o(i.GPIOPadConfigSet)
    GPIOPinRead                              0x00005b31   Thumb Code     6  gpio.o(i.GPIOPinRead)
    GPIOPinTypeGPIOInput                     0x00005b37   Thumb Code    28  gpio.o(i.GPIOPinTypeGPIOInput)
    GPIOPinTypeGPIOOutput                    0x00005b53   Thumb Code    28  gpio.o(i.GPIOPinTypeGPIOOutput)
    GPIOPinTypeUART                          0x00005b6f   Thumb Code    28  gpio.o(i.GPIOPinTypeUART)
    GPIOPinWrite                             0x00005b8b   Thumb Code     6  gpio.o(i.GPIOPinWrite)
    IntEnable                                0x00005b91   Thumb Code    92  interrupt.o(i.IntEnable)
    IntRegister                              0x00005bf5   Thumb Code    44  interrupt.o(i.IntRegister)
    SysCtlClockGet                           0x00005c29   Thumb Code   304  sysctl.o(i.SysCtlClockGet)
    SysCtlPeripheralEnable                   0x00005d7d   Thumb Code    36  sysctl.o(i.SysCtlPeripheralEnable)
    SysCtlPeripheralReady                    0x00005da5   Thumb Code    40  sysctl.o(i.SysCtlPeripheralReady)
    UARTCharPut                              0x00005dd1   Thumb Code    12  uart.o(i.UARTCharPut)
    UARTClockSourceSet                       0x00005ddd   Thumb Code     6  uart.o(i.UARTClockSourceSet)
    UARTConfigSetExpClk                      0x00005de3   Thumb Code   110  uart.o(i.UARTConfigSetExpClk)
    UARTDisable                              0x00005e51   Thumb Code    30  uart.o(i.UARTDisable)
    UARTEnable                               0x00005e6f   Thumb Code    20  uart.o(i.UARTEnable)
    __ARM_fpclassify                         0x00005ed5   Thumb Code    48  fpclassify.o(i.__ARM_fpclassify)
    _is_digit                                0x00005f05   Thumb Code    14  __printf_wp.o(i._is_digit)
    _get_lc_numeric                          0x00005f15   Thumb Code    44  lc_numeric_c.o(locale$$code)
    _get_lc_ctype                            0x00005f41   Thumb Code    44  lc_ctype_c.o(locale$$code)
    _fp_init                                 0x00005f6d   Thumb Code    26  fpinit.o(x$fpl$fpinit)
    __fplib_config_fpu_vfp                   0x00005f85   Thumb Code     0  fpinit.o(x$fpl$fpinit)
    __fplib_config_pureend_doubles           0x00005f85   Thumb Code     0  fpinit.o(x$fpl$fpinit)
    _printf_fp_dec                           0x00005f87   Thumb Code     4  printf1.o(x$fpl$printf1)
    _printf_fp_hex                           0x00005f8b   Thumb Code     4  printf2.o(x$fpl$printf2)
    __I$use$fp                               0x00005f8e   Number         0  usenofp.o(x$fpl$usenofp)
    uxTopUsedPriority                        0x0000668c   Data           4  tasks.o(.rodata.uxTopUsedPriority)
    Region$$Table$$Base                      0x00006690   Number         0  anon$$obj.o(Region$$Table)
    Region$$Table$$Limit                     0x000066b0   Number         0  anon$$obj.o(Region$$Table)
    __ctype                                  0x000066d9   Data           0  lc_ctype_c.o(locale$$data)
    SystemCoreClock                          0x20000000   Data           4  system_tm4c123.o(.data.SystemCoreClock)
    __libspace_start                         0x20000670   Data          96  libspace.o(.bss)
    __temporary_stack_top$libspace           0x200006d0   Data           0  libspace.o(.bss)
    buffer                                   0x200006d0   Data          50  main.o(.bss.buffer)
    pxCurrentTCB                             0x2000070c   Data           4  tasks.o(.bss.pxCurrentTCB)
    xBinarySemaphore                         0x200027d0   Data           4  main.o(.bss.xBinarySemaphore)
    xCounterTask_Handle                      0x200027d4   Data           4  main.o(.bss.xCounterTask_Handle)
    xLedTogglerTask_Handle                   0x2000280c   Data           4  main.o(.bss.xLedTogglerTask_Handle)
    xMutex                                   0x20002814   Data           4  main.o(.bss.xMutex)



==============================================================================

Memory Map of the image

  Image Entry point : 0x000003d9

  Load Region LR_IROM1 (Base: 0x00000000, Size: 0x00006e70, Max: 0x00040000, ABSOLUTE, COMPRESSED[0x00006818])

    Execution Region ER_IROM1 (Exec base: 0x00000000, Load base: 0x00000000, Size: 0x000067dc, Max: 0x00040000, ABSOLUTE)

    Exec Addr    Load Addr    Size         Type   Attr      Idx    E Section Name        Object

    0x00000000   0x00000000   0x0000026c   Data   RO           57    RESET               startup_tm4c123.o
    0x0000026c   0x0000026c   0x00000008   Code   RO         1665  * !!!main             c_w.l(__main.o)
    0x00000274   0x00000274   0x00000034   Code   RO         2006    !!!scatter          c_w.l(__scatter.o)
    0x000002a8   0x000002a8   0x0000003a   Code   RO         2004    !!dczerorl          c_w.l(__dczerorl.o)
    0x000002e2   0x000002e2   0x00000002   PAD
    0x000002e4   0x000002e4   0x0000001c   Code   RO         2008    !!handler_zi        c_w.l(__scatter_zi.o)
    0x00000300   0x00000300   0x00000000   Code   RO         1749    .ARM.Collect$$_printf_percent$$00000000  c_w.l(_printf_percent.o)
    0x00000300   0x00000300   0x00000006   Code   RO         1738    .ARM.Collect$$_printf_percent$$00000001  c_w.l(_printf_n.o)
    0x00000306   0x00000306   0x00000006   Code   RO         1740    .ARM.Collect$$_printf_percent$$00000002  c_w.l(_printf_p.o)
    0x0000030c   0x0000030c   0x00000006   Code   RO         1745    .ARM.Collect$$_printf_percent$$00000003  c_w.l(_printf_f.o)
    0x00000312   0x00000312   0x00000006   Code   RO         1746    .ARM.Collect$$_printf_percent$$00000004  c_w.l(_printf_e.o)
    0x00000318   0x00000318   0x00000006   Code   RO         1747    .ARM.Collect$$_printf_percent$$00000005  c_w.l(_printf_g.o)
    0x0000031e   0x0000031e   0x00000006   Code   RO         1748    .ARM.Collect$$_printf_percent$$00000006  c_w.l(_printf_a.o)
    0x00000324   0x00000324   0x0000000a   Code   RO         1753    .ARM.Collect$$_printf_percent$$00000007  c_w.l(_printf_ll.o)
    0x0000032e   0x0000032e   0x00000006   Code   RO         1742    .ARM.Collect$$_printf_percent$$00000008  c_w.l(_printf_i.o)
    0x00000334   0x00000334   0x00000006   Code   RO         1743    .ARM.Collect$$_printf_percent$$00000009  c_w.l(_printf_d.o)
    0x0000033a   0x0000033a   0x00000006   Code   RO         1744    .ARM.Collect$$_printf_percent$$0000000A  c_w.l(_printf_u.o)
    0x00000340   0x00000340   0x00000006   Code   RO         1741    .ARM.Collect$$_printf_percent$$0000000B  c_w.l(_printf_o.o)
    0x00000346   0x00000346   0x00000006   Code   RO         1739    .ARM.Collect$$_printf_percent$$0000000C  c_w.l(_printf_x.o)
    0x0000034c   0x0000034c   0x00000006   Code   RO         1750    .ARM.Collect$$_printf_percent$$0000000D  c_w.l(_printf_lli.o)
    0x00000352   0x00000352   0x00000006   Code   RO         1751    .ARM.Collect$$_printf_percent$$0000000E  c_w.l(_printf_lld.o)
    0x00000358   0x00000358   0x00000006   Code   RO         1752    .ARM.Collect$$_printf_percent$$0000000F  c_w.l(_printf_llu.o)
    0x0000035e   0x0000035e   0x00000006   Code   RO         1757    .ARM.Collect$$_printf_percent$$00000010  c_w.l(_printf_llo.o)
    0x00000364   0x00000364   0x00000006   Code   RO         1758    .ARM.Collect$$_printf_percent$$00000011  c_w.l(_printf_llx.o)
    0x0000036a   0x0000036a   0x0000000a   Code   RO         1754    .ARM.Collect$$_printf_percent$$00000012  c_w.l(_printf_l.o)
    0x00000374   0x00000374   0x00000006   Code   RO         1736    .ARM.Collect$$_printf_percent$$00000013  c_w.l(_printf_c.o)
    0x0000037a   0x0000037a   0x00000006   Code   RO         1737    .ARM.Collect$$_printf_percent$$00000014  c_w.l(_printf_s.o)
    0x00000380   0x00000380   0x00000006   Code   RO         1755    .ARM.Collect$$_printf_percent$$00000015  c_w.l(_printf_lc.o)
    0x00000386   0x00000386   0x00000006   Code   RO         1756    .ARM.Collect$$_printf_percent$$00000016  c_w.l(_printf_ls.o)
    0x0000038c   0x0000038c   0x00000004   Code   RO         1803    .ARM.Collect$$_printf_percent$$00000017  c_w.l(_printf_percent_end.o)
    0x00000390   0x00000390   0x00000002   Code   RO         1854    .ARM.Collect$$libinit$$00000000  c_w.l(libinit.o)
    0x00000392   0x00000392   0x00000004   Code   RO         1872    .ARM.Collect$$libinit$$00000001  c_w.l(libinit2.o)
    0x00000396   0x00000396   0x00000000   Code   RO         1875    .ARM.Collect$$libinit$$00000004  c_w.l(libinit2.o)
    0x00000396   0x00000396   0x00000000   Code   RO         1878    .ARM.Collect$$libinit$$0000000A  c_w.l(libinit2.o)
    0x00000396   0x00000396   0x00000000   Code   RO         1880    .ARM.Collect$$libinit$$0000000C  c_w.l(libinit2.o)
    0x00000396   0x00000396   0x00000000   Code   RO         1882    .ARM.Collect$$libinit$$0000000E  c_w.l(libinit2.o)
    0x00000396   0x00000396   0x00000006   Code   RO         1883    .ARM.Collect$$libinit$$0000000F  c_w.l(libinit2.o)
    0x0000039c   0x0000039c   0x00000000   Code   RO         1885    .ARM.Collect$$libinit$$00000011  c_w.l(libinit2.o)
    0x0000039c   0x0000039c   0x0000000c   Code   RO         1886    .ARM.Collect$$libinit$$00000012  c_w.l(libinit2.o)
    0x000003a8   0x000003a8   0x00000000   Code   RO         1887    .ARM.Collect$$libinit$$00000013  c_w.l(libinit2.o)
    0x000003a8   0x000003a8   0x00000000   Code   RO         1889    .ARM.Collect$$libinit$$00000015  c_w.l(libinit2.o)
    0x000003a8   0x000003a8   0x0000000a   Code   RO         1890    .ARM.Collect$$libinit$$00000016  c_w.l(libinit2.o)
    0x000003b2   0x000003b2   0x00000000   Code   RO         1891    .ARM.Collect$$libinit$$00000017  c_w.l(libinit2.o)
    0x000003b2   0x000003b2   0x00000000   Code   RO         1893    .ARM.Collect$$libinit$$00000019  c_w.l(libinit2.o)
    0x000003b2   0x000003b2   0x00000000   Code   RO         1895    .ARM.Collect$$libinit$$0000001B  c_w.l(libinit2.o)
    0x000003b2   0x000003b2   0x00000000   Code   RO         1897    .ARM.Collect$$libinit$$0000001D  c_w.l(libinit2.o)
    0x000003b2   0x000003b2   0x00000000   Code   RO         1899    .ARM.Collect$$libinit$$0000001F  c_w.l(libinit2.o)
    0x000003b2   0x000003b2   0x00000000   Code   RO         1901    .ARM.Collect$$libinit$$00000021  c_w.l(libinit2.o)
    0x000003b2   0x000003b2   0x00000000   Code   RO         1903    .ARM.Collect$$libinit$$00000023  c_w.l(libinit2.o)
    0x000003b2   0x000003b2   0x00000000   Code   RO         1905    .ARM.Collect$$libinit$$00000025  c_w.l(libinit2.o)
    0x000003b2   0x000003b2   0x00000000   Code   RO         1909    .ARM.Collect$$libinit$$0000002C  c_w.l(libinit2.o)
    0x000003b2   0x000003b2   0x00000000   Code   RO         1911    .ARM.Collect$$libinit$$0000002E  c_w.l(libinit2.o)
    0x000003b2   0x000003b2   0x00000000   Code   RO         1913    .ARM.Collect$$libinit$$00000030  c_w.l(libinit2.o)
    0x000003b2   0x000003b2   0x00000000   Code   RO         1915    .ARM.Collect$$libinit$$00000032  c_w.l(libinit2.o)
    0x000003b2   0x000003b2   0x00000002   Code   RO         1916    .ARM.Collect$$libinit$$00000033  c_w.l(libinit2.o)
    0x000003b4   0x000003b4   0x00000002   Code   RO         1940    .ARM.Collect$$libshutdown$$00000000  c_w.l(libshutdown.o)
    0x000003b6   0x000003b6   0x00000000   Code   RO         1955    .ARM.Collect$$libshutdown$$00000002  c_w.l(libshutdown2.o)
    0x000003b6   0x000003b6   0x00000000   Code   RO         1957    .ARM.Collect$$libshutdown$$00000004  c_w.l(libshutdown2.o)
    0x000003b6   0x000003b6   0x00000000   Code   RO         1960    .ARM.Collect$$libshutdown$$00000007  c_w.l(libshutdown2.o)
    0x000003b6   0x000003b6   0x00000000   Code   RO         1963    .ARM.Collect$$libshutdown$$0000000A  c_w.l(libshutdown2.o)
    0x000003b6   0x000003b6   0x00000000   Code   RO         1965    .ARM.Collect$$libshutdown$$0000000C  c_w.l(libshutdown2.o)
    0x000003b6   0x000003b6   0x00000000   Code   RO         1968    .ARM.Collect$$libshutdown$$0000000F  c_w.l(libshutdown2.o)
    0x000003b6   0x000003b6   0x00000002   Code   RO         1969    .ARM.Collect$$libshutdown$$00000010  c_w.l(libshutdown2.o)
    0x000003b8   0x000003b8   0x00000000   Code   RO         1667    .ARM.Collect$$rtentry$$00000000  c_w.l(__rtentry.o)
    0x000003b8   0x000003b8   0x00000000   Code   RO         1772    .ARM.Collect$$rtentry$$00000002  c_w.l(__rtentry2.o)
    0x000003b8   0x000003b8   0x00000006   Code   RO         1784    .ARM.Collect$$rtentry$$00000004  c_w.l(__rtentry4.o)
    0x000003be   0x000003be   0x00000000   Code   RO         1774    .ARM.Collect$$rtentry$$00000009  c_w.l(__rtentry2.o)
    0x000003be   0x000003be   0x00000004   Code   RO         1775    .ARM.Collect$$rtentry$$0000000A  c_w.l(__rtentry2.o)
    0x000003c2   0x000003c2   0x00000000   Code   RO         1777    .ARM.Collect$$rtentry$$0000000C  c_w.l(__rtentry2.o)
    0x000003c2   0x000003c2   0x00000008   Code   RO         1778    .ARM.Collect$$rtentry$$0000000D  c_w.l(__rtentry2.o)
    0x000003ca   0x000003ca   0x00000002   Code   RO         1863    .ARM.Collect$$rtexit$$00000000  c_w.l(rtexit.o)
    0x000003cc   0x000003cc   0x00000000   Code   RO         1918    .ARM.Collect$$rtexit$$00000002  c_w.l(rtexit2.o)
    0x000003cc   0x000003cc   0x00000004   Code   RO         1919    .ARM.Collect$$rtexit$$00000003  c_w.l(rtexit2.o)
    0x000003d0   0x000003d0   0x00000006   Code   RO         1920    .ARM.Collect$$rtexit$$00000004  c_w.l(rtexit2.o)
    0x000003d6   0x000003d6   0x00000002   PAD
    0x000003d8   0x000003d8   0x00000114   Code   RO           58  * .text               startup_tm4c123.o
    0x000004ec   0x000004ec   0x0000002c   Code   RO         1655    .text               c_w.l(sprintf.o)
    0x00000518   0x00000518   0x0000008a   Code   RO         1659    .text               c_w.l(rt_memcpy_v6.o)
    0x000005a2   0x000005a2   0x00000010   Code   RO         1661    .text               c_w.l(aeabi_memset4.o)
    0x000005b2   0x000005b2   0x00000006   Code   RO         1663    .text               c_w.l(heapauxi.o)
    0x000005b8   0x000005b8   0x0000004e   Code   RO         1670    .text               c_w.l(_printf_pad.o)
    0x00000606   0x00000606   0x00000024   Code   RO         1672    .text               c_w.l(_printf_truncate.o)
    0x0000062a   0x0000062a   0x00000052   Code   RO         1674    .text               c_w.l(_printf_str.o)
    0x0000067c   0x0000067c   0x00000078   Code   RO         1676    .text               c_w.l(_printf_dec.o)
    0x000006f4   0x000006f4   0x00000028   Code   RO         1678    .text               c_w.l(_printf_charcount.o)
    0x0000071c   0x0000071c   0x00000030   Code   RO         1680    .text               c_w.l(_printf_char_common.o)
    0x0000074c   0x0000074c   0x0000000a   Code   RO         1682    .text               c_w.l(_sputc.o)
    0x00000756   0x00000756   0x00000002   PAD
    0x00000758   0x00000758   0x000000bc   Code   RO         1684    .text               c_w.l(_printf_wctomb.o)
    0x00000814   0x00000814   0x0000007c   Code   RO         1687    .text               c_w.l(_printf_longlong_dec.o)
    0x00000890   0x00000890   0x00000070   Code   RO         1693    .text               c_w.l(_printf_oct_int_ll.o)
    0x00000900   0x00000900   0x00000094   Code   RO         1713    .text               c_w.l(_printf_hex_int_ll_ptr.o)
    0x00000994   0x00000994   0x00000188   Code   RO         1733    .text               c_w.l(__printf_flags_ss_wp.o)
    0x00000b1c   0x00000b1c   0x00000064   Code   RO         1759    .text               c_w.l(rt_memcpy_w.o)
    0x00000b80   0x00000b80   0x0000004e   Code   RO         1761    .text               c_w.l(rt_memclr_w.o)
    0x00000bce   0x00000bce   0x0000008a   Code   RO         1786    .text               c_w.l(lludiv10.o)
    0x00000c58   0x00000c58   0x000000b2   Code   RO         1788    .text               c_w.l(_printf_intcommon.o)
    0x00000d0a   0x00000d0a   0x0000041c   Code   RO         1790    .text               c_w.l(_printf_fp_dec.o)
    0x00001126   0x00001126   0x00000002   PAD
    0x00001128   0x00001128   0x000002fc   Code   RO         1794    .text               c_w.l(_printf_fp_hex.o)
    0x00001424   0x00001424   0x0000002c   Code   RO         1799    .text               c_w.l(_printf_char.o)
    0x00001450   0x00001450   0x0000002c   Code   RO         1801    .text               c_w.l(_printf_wchar.o)
    0x0000147c   0x0000147c   0x00000048   Code   RO         1804    .text               c_w.l(_c16rtomb.o)
    0x000014c4   0x000014c4   0x0000004a   Code   RO         1806    .text               c_w.l(sys_stackheap_outer.o)
    0x0000150e   0x0000150e   0x00000002   PAD
    0x00001510   0x00001510   0x00000010   Code   RO         1808    .text               c_w.l(rt_ctype_table.o)
    0x00001520   0x00001520   0x00000008   Code   RO         1813    .text               c_w.l(rt_locale_intlibspace.o)
    0x00001528   0x00001528   0x00000080   Code   RO         1815    .text               c_w.l(_printf_fp_infnan.o)
    0x000015a8   0x000015a8   0x000000e4   Code   RO         1817    .text               c_w.l(bigflt0.o)
    0x0000168c   0x0000168c   0x00000012   Code   RO         1847    .text               c_w.l(exit.o)
    0x0000169e   0x0000169e   0x00000002   PAD
    0x000016a0   0x000016a0   0x00000008   Code   RO         1860    .text               c_w.l(libspace.o)
    0x000016a8   0x000016a8   0x0000007c   Code   RO         1870    .text               c_w.l(strcmpv7em.o)
    0x00001724   0x00001724   0x0000000c   Code   RO         1930    .text               c_w.l(sys_exit.o)
    0x00001730   0x00001730   0x00000002   Code   RO         1945    .text               c_w.l(use_no_semi.o)
    0x00001732   0x00001732   0x00000000   Code   RO         1947    .text               c_w.l(indicate_semi.o)
    0x00001732   0x00001732   0x00000002   PAD
    0x00001734   0x00001734   0x00000020   Code   RO           10    .text.INIT_TASK     main.o
    0x00001754   0x00001754   0x0000000c   PAD
    0x00001760   0x00001760   0x00000064   Code   RO          117    .text.PendSV_Handler  port.o
    0x000017c4   0x000017c4   0x0000002e   Code   RO           40    .text.PortAInit     init.o
    0x000017f2   0x000017f2   0x00000002   PAD
    0x000017f4   0x000017f4   0x0000007a   Code   RO           38    .text.PortFInit     init.o
    0x0000186e   0x0000186e   0x00000002   PAD
    0x00001870   0x00001870   0x00000024   Code   RO          101    .text.SVC_Handler   port.o
    0x00001894   0x00001894   0x0000004c   Code   RO           12    .text.SwitchHandler  main.o
    0x000018e0   0x000018e0   0x00000050   Code   RO           46    .text.SwitchInterruptInit  init.o
    0x00001930   0x00001930   0x0000003c   Code   RO          119    .text.SysTick_Handler  port.o
    0x0000196c   0x0000196c   0x0000010c   Code   RO           69    .text.SystemInit    system_tm4c123.o
    0x00001a78   0x00001a78   0x00000056   Code   RO           42    .text.UART0Init     init.o
    0x00001ace   0x00001ace   0x00000002   PAD
    0x00001ad0   0x00001ad0   0x00000080   Code   RO          341    .text.eTaskConfirmSleepModeStatus  tasks.o
    0x00001b50   0x00001b50   0x000000f4   Code   RO            4    .text.main          main.o
    0x00001c44   0x00001c44   0x00000122   Code   RO          263    .text.prvAddCurrentTaskToDelayedList  tasks.o
    0x00001d66   0x00001d66   0x00000002   PAD
    0x00001d68   0x00001d68   0x00000154   Code   RO          251    .text.prvAddNewTaskToReadyList  tasks.o
    0x00001ebc   0x00001ebc   0x0000006a   Code   RO          417    .text.prvCheckForValidListAndQueue  timers.o
    0x00001f26   0x00001f26   0x00000002   PAD
    0x00001f28   0x00001f28   0x0000005a   Code   RO          381    .text.prvCheckTasksWaitingTermination  tasks.o
    0x00001f82   0x00001f82   0x00000002   PAD
    0x00001f84   0x00001f84   0x00000042   Code   RO          198    .text.prvCopyDataFromQueue  queue.o
    0x00001fc6   0x00001fc6   0x00000002   PAD
    0x00001fc8   0x00001fc8   0x000000cc   Code   RO          184    .text.prvCopyDataToQueue  queue.o
    0x00002094   0x00002094   0x00000018   Code   RO          257    .text.prvDeleteTCB  tasks.o
    0x000020ac   0x000020ac   0x00000026   Code   RO          202    .text.prvGetDisinheritPriorityAfterTimeout  queue.o
    0x000020d2   0x000020d2   0x00000002   PAD
    0x000020d4   0x000020d4   0x0000007c   Code   RO          383    .text.prvGetExpectedIdleTime  tasks.o
    0x00002150   0x00002150   0x00000040   Code   RO          453    .text.prvGetNextExpireTime  timers.o
    0x00002190   0x00002190   0x00000042   Code   RO          140    .text.prvHeapInit   heap_2.o
    0x000021d2   0x000021d2   0x00000002   PAD
    0x000021d4   0x000021d4   0x0000009e   Code   RO          289    .text.prvIdleTask   tasks.o
    0x00002272   0x00002272   0x00000002   PAD
    0x00002274   0x00002274   0x0000002c   Code   RO          168    .text.prvInitialiseMutex  queue.o
    0x000022a0   0x000022a0   0x0000004e   Code   RO          164    .text.prvInitialiseNewQueue  queue.o
    0x000022ee   0x000022ee   0x00000002   PAD
    0x000022f0   0x000022f0   0x00000146   Code   RO          249    .text.prvInitialiseNewTask  tasks.o
    0x00002436   0x00002436   0x00000002   PAD
    0x00002438   0x00002438   0x0000008e   Code   RO          379    .text.prvInitialiseTaskLists  tasks.o
    0x000024c6   0x000024c6   0x00000002   PAD
    0x000024c8   0x000024c8   0x00000086   Code   RO          467    .text.prvInsertTimerInActiveList  timers.o
    0x0000254e   0x0000254e   0x00000002   PAD
    0x00002550   0x00002550   0x00000028   Code   RO          200    .text.prvIsQueueEmpty  queue.o
    0x00002578   0x00002578   0x0000002e   Code   RO          188    .text.prvIsQueueFull  queue.o
    0x000025a6   0x000025a6   0x00000002   PAD
    0x000025a8   0x000025a8   0x000000d8   Code   RO          186    .text.prvNotifyQueueSetContainer  queue.o
    0x00002680   0x00002680   0x00000028   Code   RO          109    .text.prvPortStartFirstTask  port.o
    0x000026a8   0x000026a8   0x00000054   Code   RO          461    .text.prvProcessExpiredTimer  timers.o
    0x000026fc   0x000026fc   0x00000180   Code   RO          457    .text.prvProcessReceivedCommands  timers.o
    0x0000287c   0x0000287c   0x0000009a   Code   RO          455    .text.prvProcessTimerOrBlockTask  timers.o
    0x00002916   0x00002916   0x00000002   PAD
    0x00002918   0x00002918   0x00000034   Code   RO          465    .text.prvReloadTimer  timers.o
    0x0000294c   0x0000294c   0x0000003c   Code   RO          255    .text.prvResetNextTaskUnblockTime  tasks.o
    0x00002988   0x00002988   0x00000044   Code   RO          459    .text.prvSampleTimeNow  timers.o
    0x000029cc   0x000029cc   0x00000052   Code   RO          463    .text.prvSwitchTimerLists  timers.o
    0x00002a1e   0x00002a1e   0x00000002   PAD
    0x00002a20   0x00002a20   0x0000004c   Code   RO           99    .text.prvTaskExitError  port.o
    0x00002a6c   0x00002a6c   0x0000001e   Code   RO          419    .text.prvTimerTask  timers.o
    0x00002a8a   0x00002a8a   0x00000002   PAD
    0x00002a8c   0x00002a8c   0x000000cc   Code   RO          190    .text.prvUnlockQueue  queue.o
    0x00002b58   0x00002b58   0x0000018c   Code   RO          138    .text.pvPortMalloc  heap_2.o
    0x00002ce4   0x00002ce4   0x0000002c   Code   RO          363    .text.pvTaskIncrementMutexHeldCount  tasks.o
    0x00002d10   0x00002d10   0x0000005e   Code   RO           97    .text.pxPortInitialiseStack  port.o
    0x00002d6e   0x00002d6e   0x00000002   PAD
    0x00002d70   0x00002d70   0x0000003e   Code   RO           16    .text.toggle_red    main.o
    0x00002dae   0x00002dae   0x00000002   PAD
    0x00002db0   0x00002db0   0x00000048   Code   RO           88    .text.uxListRemove  list.o
    0x00002df8   0x00002df8   0x00000004   Code   RO           14    .text.vApplicationIdleHook  main.o
    0x00002dfc   0x00002dfc   0x00000114   Code   RO            6    .text.vCounterTask  main.o
    0x00002f10   0x00002f10   0x000000d0   Code   RO            8    .text.vLedTogglerTask  main.o
    0x00002fe0   0x00002fe0   0x0000002e   Code   RO           80    .text.vListInitialise  list.o
    0x0000300e   0x0000300e   0x00000002   PAD
    0x00003010   0x00003010   0x0000000e   Code   RO           82    .text.vListInitialiseItem  list.o
    0x0000301e   0x0000301e   0x00000002   PAD
    0x00003020   0x00003020   0x0000006a   Code   RO           86    .text.vListInsert   list.o
    0x0000308a   0x0000308a   0x00000002   PAD
    0x0000308c   0x0000308c   0x0000003a   Code   RO           84    .text.vListInsertEnd  list.o
    0x000030c6   0x000030c6   0x00000002   PAD
    0x000030c8   0x000030c8   0x00000014   Code   RO          107    .text.vPortEnableVFP  port.o
    0x000030dc   0x000030dc   0x00000056   Code   RO          113    .text.vPortEnterCritical  port.o
    0x00003132   0x00003132   0x00000002   PAD
    0x00003134   0x00003134   0x0000004a   Code   RO          115    .text.vPortExitCritical  port.o
    0x0000317e   0x0000317e   0x00000002   PAD
    0x00003180   0x00003180   0x00000072   Code   RO          142    .text.vPortFree     heap_2.o
    0x000031f2   0x000031f2   0x00000002   PAD
    0x000031f4   0x000031f4   0x00000078   Code   RO          105    .text.vPortSetupTimerInterrupt  port.o
    0x0000326c   0x0000326c   0x0000020c   Code   RO          121    .text.vPortSuppressTicksAndSleep  port.o
    0x00003478   0x00003478   0x00000084   Code   RO          123    .text.vPortValidateInterruptPriority  port.o
    0x000034fc   0x000034fc   0x00000064   Code   RO          228    .text.vQueueWaitForMessageRestricted  queue.o
    0x00003560   0x00003560   0x0000006e   Code   RO          267    .text.vTaskDelay    tasks.o
    0x000035ce   0x000035ce   0x00000002   PAD
    0x000035d0   0x000035d0   0x00000154   Code   RO          253    .text.vTaskDelete   tasks.o
    0x00003724   0x00003724   0x00000024   Code   RO          331    .text.vTaskInternalSetTimeOutState  tasks.o
    0x00003748   0x00003748   0x0000000e   Code   RO          335    .text.vTaskMissedYield  tasks.o
    0x00003756   0x00003756   0x00000002   PAD
    0x00003758   0x00003758   0x00000042   Code   RO          319    .text.vTaskPlaceOnEventList  tasks.o
    0x0000379a   0x0000379a   0x00000002   PAD
    0x0000379c   0x0000379c   0x0000007c   Code   RO          323    .text.vTaskPlaceOnEventListRestricted  tasks.o
    0x00003818   0x00003818   0x00000182   Code   RO          359    .text.vTaskPriorityDisinheritAfterTimeout  tasks.o
    0x0000399a   0x0000399a   0x00000002   PAD
    0x0000399c   0x0000399c   0x000000ba   Code   RO          287    .text.vTaskStartScheduler  tasks.o
    0x00003a56   0x00003a56   0x00000002   PAD
    0x00003a58   0x00003a58   0x0000004c   Code   RO          313    .text.vTaskStepTick  tasks.o
    0x00003aa4   0x00003aa4   0x00000010   Code   RO          261    .text.vTaskSuspendAll  tasks.o
    0x00003ab4   0x00003ab4   0x000000be   Code   RO          279    .text.vTaskSwitchContext  tasks.o
    0x00003b72   0x00003b72   0x00000002   PAD
    0x00003b74   0x00003b74   0x00000156   Code   RO          103    .text.xPortStartScheduler  port.o
    0x00003cca   0x00003cca   0x00000002   PAD
    0x00003ccc   0x00003ccc   0x00000026   Code   RO          166    .text.xQueueCreateMutex  queue.o
    0x00003cf2   0x00003cf2   0x00000002   PAD
    0x00003cf4   0x00003cf4   0x0000009a   Code   RO          162    .text.xQueueGenericCreate  queue.o
    0x00003d8e   0x00003d8e   0x00000002   PAD
    0x00003d90   0x00003d90   0x00000108   Code   RO          160    .text.xQueueGenericReset  queue.o
    0x00003e98   0x00003e98   0x00000274   Code   RO          176    .text.xQueueGenericSend  queue.o
    0x0000410c   0x0000410c   0x0000016e   Code   RO          194    .text.xQueueGiveFromISR  queue.o
    0x0000427a   0x0000427a   0x00000002   PAD
    0x0000427c   0x0000427c   0x000001dc   Code   RO          196    .text.xQueueReceive  queue.o
    0x00004458   0x00004458   0x0000022c   Code   RO          180    .text.xQueueSemaphoreTake  queue.o
    0x00004684   0x00004684   0x000000fc   Code   RO          333    .text.xTaskCheckForTimeOut  tasks.o
    0x00004780   0x00004780   0x00000098   Code   RO          247    .text.xTaskCreate   tasks.o
    0x00004818   0x00004818   0x00000038   Code   RO          353    .text.xTaskGetSchedulerState  tasks.o
    0x00004850   0x00004850   0x00000014   Code   RO          295    .text.xTaskGetTickCount  tasks.o
    0x00004864   0x00004864   0x00000260   Code   RO          293    .text.xTaskIncrementTick  tasks.o
    0x00004ac4   0x00004ac4   0x00000138   Code   RO          357    .text.xTaskPriorityDisinherit  tasks.o
    0x00004bfc   0x00004bfc   0x0000015c   Code   RO          355    .text.xTaskPriorityInherit  tasks.o
    0x00004d58   0x00004d58   0x00000192   Code   RO          325    .text.xTaskRemoveFromEventList  tasks.o
    0x00004eea   0x00004eea   0x00000002   PAD
    0x00004eec   0x00004eec   0x00000222   Code   RO          265    .text.xTaskResumeAll  tasks.o
    0x0000510e   0x0000510e   0x00000002   PAD
    0x00005110   0x00005110   0x0000006c   Code   RO          415    .text.xTimerCreateTimerTask  timers.o
    0x0000517c   0x0000517c   0x0000003e   Code   RO         1820    CL$$btod_d2e        c_w.l(btod.o)
    0x000051ba   0x000051ba   0x00000046   Code   RO         1822    CL$$btod_d2e_denorm_low  c_w.l(btod.o)
    0x00005200   0x00005200   0x00000060   Code   RO         1821    CL$$btod_d2e_norm_op1  c_w.l(btod.o)
    0x00005260   0x00005260   0x00000338   Code   RO         1830    CL$$btod_div_common  c_w.l(btod.o)
    0x00005598   0x00005598   0x000000dc   Code   RO         1827    CL$$btod_e2e        c_w.l(btod.o)
    0x00005674   0x00005674   0x0000002a   Code   RO         1824    CL$$btod_ediv       c_w.l(btod.o)
    0x0000569e   0x0000569e   0x0000002a   Code   RO         1823    CL$$btod_emul       c_w.l(btod.o)
    0x000056c8   0x000056c8   0x00000244   Code   RO         1829    CL$$btod_mult_common  c_w.l(btod.o)
    0x0000590c   0x0000590c   0x00000028   Code   RO          488    i.GPIODirModeSet    driverlib.lib(gpio.o)
    0x00005934   0x00005934   0x00000006   Code   RO          489    i.GPIOIntClear      driverlib.lib(gpio.o)
    0x0000593a   0x0000593a   0x0000000e   Code   RO          490    i.GPIOIntDisable    driverlib.lib(gpio.o)
    0x00005948   0x00005948   0x0000000c   Code   RO          491    i.GPIOIntEnable     driverlib.lib(gpio.o)
    0x00005954   0x00005954   0x0000001a   Code   RO          492    i.GPIOIntRegister   driverlib.lib(gpio.o)
    0x0000596e   0x0000596e   0x00000050   Code   RO          496    i.GPIOIntTypeSet    driverlib.lib(gpio.o)
    0x000059be   0x000059be   0x00000002   PAD
    0x000059c0   0x000059c0   0x00000170   Code   RO          500    i.GPIOPadConfigSet  driverlib.lib(gpio.o)
    0x00005b30   0x00005b30   0x00000006   Code   RO          502    i.GPIOPinRead       driverlib.lib(gpio.o)
    0x00005b36   0x00005b36   0x0000001c   Code   RO          511    i.GPIOPinTypeGPIOInput  driverlib.lib(gpio.o)
    0x00005b52   0x00005b52   0x0000001c   Code   RO          512    i.GPIOPinTypeGPIOOutput  driverlib.lib(gpio.o)
    0x00005b6e   0x00005b6e   0x0000001c   Code   RO          524    i.GPIOPinTypeUART   driverlib.lib(gpio.o)
    0x00005b8a   0x00005b8a   0x00000006   Code   RO          530    i.GPIOPinWrite      driverlib.lib(gpio.o)
    0x00005b90   0x00005b90   0x00000064   Code   RO         1544    i.IntEnable         driverlib.lib(interrupt.o)
    0x00005bf4   0x00005bf4   0x00000034   Code   RO         1556    i.IntRegister       driverlib.lib(interrupt.o)
    0x00005c28   0x00005c28   0x00000154   Code   RO          824    i.SysCtlClockGet    driverlib.lib(sysctl.o)
    0x00005d7c   0x00005d7c   0x00000028   Code   RO          855    i.SysCtlPeripheralEnable  driverlib.lib(sysctl.o)
    0x00005da4   0x00005da4   0x0000002c   Code   RO          859    i.SysCtlPeripheralReady  driverlib.lib(sysctl.o)
    0x00005dd0   0x00005dd0   0x0000000c   Code   RO         1246    i.UARTCharPut       driverlib.lib(uart.o)
    0x00005ddc   0x00005ddc   0x00000006   Code   RO         1250    i.UARTClockSourceSet  driverlib.lib(uart.o)
    0x00005de2   0x00005de2   0x0000006e   Code   RO         1252    i.UARTConfigSetExpClk  driverlib.lib(uart.o)
    0x00005e50   0x00005e50   0x0000001e   Code   RO         1255    i.UARTDisable       driverlib.lib(uart.o)
    0x00005e6e   0x00005e6e   0x00000014   Code   RO         1257    i.UARTEnable        driverlib.lib(uart.o)
    0x00005e82   0x00005e82   0x00000002   PAD
    0x00005e84   0x00005e84   0x00000050   Code   RO          532    i._GPIOIntNumberGet  driverlib.lib(gpio.o)
    0x00005ed4   0x00005ed4   0x00000030   Code   RO         1858    i.__ARM_fpclassify  m_wm.l(fpclassify.o)
    0x00005f04   0x00005f04   0x0000000e   Code   RO         1726    i._is_digit         c_w.l(__printf_wp.o)
    0x00005f12   0x00005f12   0x00000002   PAD
    0x00005f14   0x00005f14   0x0000002c   Code   RO         1845    locale$$code        c_w.l(lc_numeric_c.o)
    0x00005f40   0x00005f40   0x0000002c   Code   RO         1868    locale$$code        c_w.l(lc_ctype_c.o)
    0x00005f6c   0x00005f6c   0x0000001a   Code   RO         1928    x$fpl$fpinit        fz_wm.l(fpinit.o)
    0x00005f86   0x00005f86   0x00000004   Code   RO         1763    x$fpl$printf1       fz_wm.l(printf1.o)
    0x00005f8a   0x00005f8a   0x00000004   Code   RO         1765    x$fpl$printf2       fz_wm.l(printf2.o)
    0x00005f8e   0x00005f8e   0x00000000   Code   RO         1857    x$fpl$usenofp       fz_wm.l(usenofp.o)
    0x00005f8e   0x00005f8e   0x00000002   PAD
    0x00005f90   0x00005f90   0x00000228   Data   RO          533    .constdata          driverlib.lib(gpio.o)
    0x000061b8   0x000061b8   0x00000254   Data   RO          877    .constdata          driverlib.lib(sysctl.o)
    0x0000640c   0x0000640c   0x0000010c   Data   RO         1560    .constdata          driverlib.lib(interrupt.o)
    0x00006518   0x00006518   0x00000008   Data   RO         1685    .constdata          c_w.l(_printf_wctomb.o)
    0x00006520   0x00006520   0x00000028   Data   RO         1714    .constdata          c_w.l(_printf_hex_int_ll_ptr.o)
    0x00006548   0x00006548   0x00000011   Data   RO         1734    .constdata          c_w.l(__printf_flags_ss_wp.o)
    0x00006559   0x00006559   0x00000026   Data   RO         1795    .constdata          c_w.l(_printf_fp_hex.o)
    0x0000657f   0x0000657f   0x00000001   PAD
    0x00006580   0x00006580   0x00000094   Data   RO         1818    .constdata          c_w.l(bigflt0.o)
    0x00006614   0x00006614   0x00000068   Data   RO           22    .rodata.str1.1      main.o
    0x0000667c   0x0000667c   0x00000005   Data   RO          401    .rodata.str1.1      tasks.o
    0x00006681   0x00006681   0x00000008   Data   RO          470    .rodata.str1.1      timers.o
    0x00006689   0x00006689   0x00000003   PAD
    0x0000668c   0x0000668c   0x00000004   Data   RO          386    .rodata.uxTopUsedPriority  tasks.o
    0x00006690   0x00006690   0x00000020   Data   RO         2003    Region$$Table       anon$$obj.o
    0x000066b0   0x000066b0   0x0000001c   Data   RO         1844    locale$$data        c_w.l(lc_numeric_c.o)
    0x000066cc   0x000066cc   0x00000110   Data   RO         1867    locale$$data        c_w.l(lc_ctype_c.o)


    Execution Region RW_IRAM1 (Exec base: 0x20000000, Load base: 0x00006800, Size: 0x00002a80, Max: 0x00008000, ABSOLUTE, COMPRESSED[0x00000018])

    Exec Addr    Load Addr    Size         Type   Attr      Idx    E Section Name        Object

    0x20000000   COMPRESSED   0x00000004   Data   RW           71    .data.SystemCoreClock  system_tm4c123.o
    0x20000004   COMPRESSED   0x00000004   Data   RW          127    .data.uxCriticalNesting  port.o
    0x20000008   COMPRESSED   0x00000004   Data   RW          149    .data.xFreeBytesRemaining  heap_2.o
    0x2000000c   COMPRESSED   0x000003f4   PAD
    0x20000400   COMPRESSED   0x0000026c   Data   RW         1561    vtable              driverlib.lib(interrupt.o)
    0x2000066c   COMPRESSED   0x00000004   PAD
    0x20000670        -       0x00000060   Zero   RW         1861    .bss                c_w.l(libspace.o)
    0x200006d0        -       0x00000032   Zero   RW           25    .bss.buffer         main.o
    0x20000702   COMPRESSED   0x00000002   PAD
    0x20000704        -       0x00000004   Zero   RW          474    .bss.prvSampleTimeNow.xLastTime  timers.o
    0x20000708        -       0x00000004   Zero   RW          148    .bss.pvPortMalloc.xHeapHasBeenInitialised  heap_2.o
    0x2000070c        -       0x00000004   Zero   RW          385    .bss.pxCurrentTCB   tasks.o
    0x20000710        -       0x00000004   Zero   RW          472    .bss.pxCurrentTimerList  timers.o
    0x20000714        -       0x00000004   Zero   RW          396    .bss.pxDelayedTaskList  tasks.o
    0x20000718        -       0x00000004   Zero   RW          397    .bss.pxOverflowDelayedTaskList  tasks.o
    0x2000071c        -       0x00000004   Zero   RW          473    .bss.pxOverflowTimerList  timers.o
    0x20000720        -       0x00000064   Zero   RW          387    .bss.pxReadyTasksLists  tasks.o
    0x20000784        -       0x00002000   Zero   RW          152    .bss.ucHeap         heap_2.o
    0x20002784        -       0x00000001   Zero   RW          125    .bss.ucMaxSysCallPriority  port.o
    0x20002785   COMPRESSED   0x00000003   PAD
    0x20002788        -       0x00000004   Zero   RW          126    .bss.ulMaxPRIGROUPValue  port.o
    0x2000278c        -       0x00000004   Zero   RW          130    .bss.ulStoppedTimerCompensation  port.o
    0x20002790        -       0x00000004   Zero   RW          129    .bss.ulTimerCountsForOneTick  port.o
    0x20002794        -       0x00000004   Zero   RW          392    .bss.uxCurrentNumberOfTasks  tasks.o
    0x20002798        -       0x00000004   Zero   RW          391    .bss.uxDeletedTasksWaitingCleanUp  tasks.o
    0x2000279c        -       0x00000004   Zero   RW          394    .bss.uxSchedulerSuspended  tasks.o
    0x200027a0        -       0x00000004   Zero   RW          389    .bss.uxTaskNumber   tasks.o
    0x200027a4        -       0x00000004   Zero   RW          388    .bss.uxTopReadyPriority  tasks.o
    0x200027a8        -       0x00000014   Zero   RW          475    .bss.xActiveTimerList1  timers.o
    0x200027bc        -       0x00000014   Zero   RW          476    .bss.xActiveTimerList2  timers.o
    0x200027d0        -       0x00000004   Zero   RW           20    .bss.xBinarySemaphore  main.o
    0x200027d4        -       0x00000004   Zero   RW           23    .bss.xCounterTask_Handle  main.o
    0x200027d8        -       0x00000014   Zero   RW          406    .bss.xDelayedTaskList1  tasks.o
    0x200027ec        -       0x00000014   Zero   RW          407    .bss.xDelayedTaskList2  tasks.o
    0x20002800        -       0x00000008   Zero   RW          151    .bss.xEnd           heap_2.o
    0x20002808        -       0x00000004   Zero   RW          402    .bss.xIdleTaskHandle  tasks.o
    0x2000280c        -       0x00000004   Zero   RW           24    .bss.xLedTogglerTask_Handle  main.o
    0x20002810        -       0x00000004   Zero   RW          128    .bss.xMaximumPossibleSuppressedTicks  port.o
    0x20002814        -       0x00000004   Zero   RW           21    .bss.xMutex         main.o
    0x20002818        -       0x00000004   Zero   RW          403    .bss.xNextTaskUnblockTime  tasks.o
    0x2000281c        -       0x00000004   Zero   RW          405    .bss.xNumOfOverflows  tasks.o
    0x20002820        -       0x00000004   Zero   RW          404    .bss.xPendedTicks   tasks.o
    0x20002824        -       0x00000014   Zero   RW          400    .bss.xPendingReadyList  tasks.o
    0x20002838        -       0x00000004   Zero   RW          393    .bss.xSchedulerRunning  tasks.o
    0x2000283c        -       0x00000008   Zero   RW          150    .bss.xStart         heap_2.o
    0x20002844        -       0x00000014   Zero   RW          398    .bss.xSuspendedTaskList  tasks.o
    0x20002858        -       0x00000014   Zero   RW          390    .bss.xTasksWaitingTermination  tasks.o
    0x2000286c        -       0x00000004   Zero   RW          395    .bss.xTickCount     tasks.o
    0x20002870        -       0x00000004   Zero   RW          469    .bss.xTimerQueue    timers.o
    0x20002874        -       0x00000004   Zero   RW          471    .bss.xTimerTaskHandle  timers.o
    0x20002878        -       0x00000004   Zero   RW          399    .bss.xYieldPending  tasks.o
    0x2000287c   COMPRESSED   0x00000004   PAD
    0x20002880        -       0x00000000   Zero   RW           56    HEAP                startup_tm4c123.o
    0x20002880        -       0x00000200   Zero   RW           55    STACK               startup_tm4c123.o


==============================================================================

Image component sizes


      Code (inc. data)   RO Data    RW Data    ZI Data      Debug   Object Name

       576          0          0          4       8212       2829   heap_2.o
       334          0          0          0          0       1334   init.o
       296          0          0          0          0       2375   list.o
       902          0        104          0         66       2831   main.o
      1704         16          0          4         17       4911   port.o
      3518          0          0          0          0      17027   queue.o
       276         24        620          0        512       5500   startup_tm4c123.o
       268          0          0          4          0       6775   system_tm4c123.o
      5966          0          9          0        260      27232   tasks.o
      1266         10          8          0         60       9504   timers.o

    ----------------------------------------------------------------------
     15196         50        776       1024       9136      80318   Object Totals
         0          0         32          0          0          0   (incl. Generated)
        90          0          3       1012          9          0   (incl. Padding)

    ----------------------------------------------------------------------

      Code (inc. data)   RO Data    RW Data    ZI Data      Debug   Library Member Name

        58          0          0          0          0          0   __dczerorl.o
         8          0          0          0          0         68   __main.o
       392          4         17          0          0         92   __printf_flags_ss_wp.o
        14          0          0          0          0         68   __printf_wp.o
         0          0          0          0          0          0   __rtentry.o
        12          0          0          0          0          0   __rtentry2.o
         6          0          0          0          0          0   __rtentry4.o
        52          8          0          0          0          0   __scatter.o
        28          0          0          0          0          0   __scatter_zi.o
        72          0          0          0          0         96   _c16rtomb.o
         6          0          0          0          0          0   _printf_a.o
         6          0          0          0          0          0   _printf_c.o
        44          0          0          0          0        108   _printf_char.o
        48          6          0          0          0         96   _printf_char_common.o
        40          0          0          0          0         68   _printf_charcount.o
         6          0          0          0          0          0   _printf_d.o
       120         16          0          0          0         92   _printf_dec.o
         6          0          0          0          0          0   _printf_e.o
         6          0          0          0          0          0   _printf_f.o
      1052          0          0          0          0        148   _printf_fp_dec.o
       764          8         38          0          0        100   _printf_fp_hex.o
       128         16          0          0          0         84   _printf_fp_infnan.o
         6          0          0          0          0          0   _printf_g.o
       148          4         40          0          0        160   _printf_hex_int_ll_ptr.o
         6          0          0          0          0          0   _printf_i.o
       178          0          0          0          0         88   _printf_intcommon.o
        10          0          0          0          0          0   _printf_l.o
         6          0          0          0          0          0   _printf_lc.o
        10          0          0          0          0          0   _printf_ll.o
         6          0          0          0          0          0   _printf_lld.o
         6          0          0          0          0          0   _printf_lli.o
         6          0          0          0          0          0   _printf_llo.o
         6          0          0          0          0          0   _printf_llu.o
         6          0          0          0          0          0   _printf_llx.o
       124         16          0          0          0         92   _printf_longlong_dec.o
         6          0          0          0          0          0   _printf_ls.o
         6          0          0          0          0          0   _printf_n.o
         6          0          0          0          0          0   _printf_o.o
       112          8          0          0          0        124   _printf_oct_int_ll.o
         6          0          0          0          0          0   _printf_p.o
        78          0          0          0          0        108   _printf_pad.o
         0          0          0          0          0          0   _printf_percent.o
         4          0          0          0          0          0   _printf_percent_end.o
         6          0          0          0          0          0   _printf_s.o
        82          0          0          0          0         80   _printf_str.o
        36          0          0          0          0         84   _printf_truncate.o
         6          0          0          0          0          0   _printf_u.o
        44          0          0          0          0        108   _printf_wchar.o
       188          6          8          0          0         92   _printf_wctomb.o
         6          0          0          0          0          0   _printf_x.o
        10          0          0          0          0         68   _sputc.o
        16          0          0          0          0         68   aeabi_memset4.o
       228          4        148          0          0         96   bigflt0.o
      1936        128          0          0          0        668   btod.o
        18          0          0          0          0         80   exit.o
         6          0          0          0          0        152   heapauxi.o
         0          0          0          0          0          0   indicate_semi.o
        44         10        272          0          0         76   lc_ctype_c.o
        44         10         28          0          0         76   lc_numeric_c.o
         2          0          0          0          0          0   libinit.o
        34          0          0          0          0          0   libinit2.o
         2          0          0          0          0          0   libshutdown.o
         2          0          0          0          0          0   libshutdown2.o
         8          4          0          0         96         68   libspace.o
       138          0          0          0          0         80   lludiv10.o
        16          4          0          0          0         76   rt_ctype_table.o
         8          4          0          0          0         68   rt_locale_intlibspace.o
        78          0          0          0          0         80   rt_memclr_w.o
       138          0          0          0          0         68   rt_memcpy_v6.o
       100          0          0          0          0         80   rt_memcpy_w.o
         2          0          0          0          0          0   rtexit.o
        10          0          0          0          0          0   rtexit2.o
        44          6          0          0          0         84   sprintf.o
       124          0          0          0          0         88   strcmpv7em.o
        12          4          0          0          0         68   sys_exit.o
        74          0          0          0          0         80   sys_stackheap_outer.o
         2          0          0          0          0         68   use_no_semi.o
       722         32        552          0          0      12781   gpio.o
       152         16        268        620          0       2150   interrupt.o
       424         44        596          0          0       3674   sysctl.o
       178          0          0          0          0       3406   uart.o
        26          0          0          0          0        116   fpinit.o
         4          0          0          0          0        116   printf1.o
         4          0          0          0          0        116   printf2.o
         0          0          0          0          0          0   usenofp.o
        48          0          0          0          0        124   fpclassify.o

    ----------------------------------------------------------------------
      8648        358       1968        620        100      26631   Library Totals
        22          0          1          0          4          0   (incl. Padding)

    ----------------------------------------------------------------------

      Code (inc. data)   RO Data    RW Data    ZI Data      Debug   Library Name

      7068        266        551          0         96       4148   c_w.l
      1476         92       1416        620          0      22011   driverlib.lib
        34          0          0          0          0        348   fz_wm.l
        48          0          0          0          0        124   m_wm.l

    ----------------------------------------------------------------------
      8648        358       1968        620        100      26631   Library Totals

    ----------------------------------------------------------------------

==============================================================================


      Code (inc. data)   RO Data    RW Data    ZI Data      Debug   

     23844        408       2744       1644       9236     102453   Grand Totals
     23844        408       2744         24       9236     102453   ELF Image Totals (compressed)
     23844        408       2744         24          0          0   ROM Totals

==============================================================================

    Total RO  Size (Code + RO Data)                26588 (  25.96kB)
    Total RW  Size (RW Data + ZI Data)             10880 (  10.63kB)
    Total ROM Size (Code + RO Data + RW Data)      26612 (  25.99kB)

==============================================================================

