Component: ARM Compiler 6.16 Tool: armlink [5dfeaa00]

==============================================================================

Section Cross References

    main.o(.text) refers (Special) to _printf_d.o(.ARM.Collect$$_printf_percent$$00000009) for _printf_d
    main.o(.text) refers (Special) to _printf_f.o(.ARM.Collect$$_printf_percent$$00000003) for _printf_f
    main.o(.text) refers (Special) to printf1.o(x$fpl$printf1) for _printf_fp_dec
    main.o(.text) refers (Special) to _printf_dec.o(.text) for _printf_int_dec
    main.o(.text) refers (Special) to _printf_percent.o(.ARM.Collect$$_printf_percent$$00000000) for _printf_percent
    main.o(.text) refers (Special) to _printf_s.o(.ARM.Collect$$_printf_percent$$00000014) for _printf_s
    main.o(.text) refers (Special) to _printf_str.o(.text) for _printf_str
    main.o(.text.main) refers (Special) to _printf_d.o(.ARM.Collect$$_printf_percent$$00000009) for _printf_d
    main.o(.text.main) refers (Special) to _printf_f.o(.ARM.Collect$$_printf_percent$$00000003) for _printf_f
    main.o(.text.main) refers (Special) to printf1.o(x$fpl$printf1) for _printf_fp_dec
    main.o(.text.main) refers (Special) to _printf_dec.o(.text) for _printf_int_dec
    main.o(.text.main) refers (Special) to _printf_percent.o(.ARM.Collect$$_printf_percent$$00000000) for _printf_percent
    main.o(.text.main) refers (Special) to _printf_s.o(.ARM.Collect$$_printf_percent$$00000014) for _printf_s
    main.o(.text.main) refers (Special) to _printf_str.o(.text) for _printf_str
    main.o(.text.main) refers to queue.o(.text.xQueueGenericCreate) for xQueueGenericCreate
    main.o(.text.main) refers to main.o(.bss..L_MergedGlobals) for .L_MergedGlobals
    main.o(.text.main) refers to queue.o(.text.xQueueGenericSend) for xQueueGenericSend
    main.o(.text.main) refers to queue.o(.text.xQueueCreateMutex) for xQueueCreateMutex
    main.o(.text.main) refers to main.o(.text.vADCTask) for vADCTask
    main.o(.text.main) refers to tasks.o(.text.xTaskCreate) for xTaskCreate
    main.o(.text.main) refers to main.o(.text.vDisplayTask) for vDisplayTask
    main.o(.text.main) refers to main.o(.text.vChangeThresholdTask) for vChangeThresholdTask
    main.o(.text.main) refers to main.o(.text.INIT_TASK) for INIT_TASK
    main.o(.text.main) refers to tasks.o(.text.vTaskStartScheduler) for vTaskStartScheduler
    main.o(.ARM.exidx.text.main) refers (Special) to _printf_d.o(.ARM.Collect$$_printf_percent$$00000009) for _printf_d
    main.o(.ARM.exidx.text.main) refers (Special) to _printf_f.o(.ARM.Collect$$_printf_percent$$00000003) for _printf_f
    main.o(.ARM.exidx.text.main) refers (Special) to printf1.o(x$fpl$printf1) for _printf_fp_dec
    main.o(.ARM.exidx.text.main) refers (Special) to _printf_dec.o(.text) for _printf_int_dec
    main.o(.ARM.exidx.text.main) refers (Special) to _printf_percent.o(.ARM.Collect$$_printf_percent$$00000000) for _printf_percent
    main.o(.ARM.exidx.text.main) refers (Special) to _printf_s.o(.ARM.Collect$$_printf_percent$$00000014) for _printf_s
    main.o(.ARM.exidx.text.main) refers (Special) to _printf_str.o(.text) for _printf_str
    main.o(.ARM.exidx.text.main) refers to main.o(.text.main) for [Anonymous Symbol]
    main.o(.text.vADCTask) refers (Special) to _printf_d.o(.ARM.Collect$$_printf_percent$$00000009) for _printf_d
    main.o(.text.vADCTask) refers (Special) to _printf_f.o(.ARM.Collect$$_printf_percent$$00000003) for _printf_f
    main.o(.text.vADCTask) refers (Special) to printf1.o(x$fpl$printf1) for _printf_fp_dec
    main.o(.text.vADCTask) refers (Special) to _printf_dec.o(.text) for _printf_int_dec
    main.o(.text.vADCTask) refers (Special) to _printf_percent.o(.ARM.Collect$$_printf_percent$$00000000) for _printf_percent
    main.o(.text.vADCTask) refers (Special) to _printf_s.o(.ARM.Collect$$_printf_percent$$00000014) for _printf_s
    main.o(.text.vADCTask) refers (Special) to _printf_str.o(.text) for _printf_str
    main.o(.text.vADCTask) refers to main.o(.bss..L_MergedGlobals) for .L_MergedGlobals
    main.o(.text.vADCTask) refers to queue.o(.text.xQueueSemaphoreTake) for xQueueSemaphoreTake
    main.o(.text.vADCTask) refers to adc.o(i.ADCProcessorTrigger) for ADCProcessorTrigger
    main.o(.text.vADCTask) refers to adc.o(i.ADCIntStatus) for ADCIntStatus
    main.o(.text.vADCTask) refers to adc.o(i.ADCIntClear) for ADCIntClear
    main.o(.text.vADCTask) refers to adc.o(i.ADCSequenceDataGet) for ADCSequenceDataGet
    main.o(.text.vADCTask) refers to dflt_clz.o(x$fpl$dfltu) for __aeabi_ui2d
    main.o(.text.vADCTask) refers to dmul.o(x$fpl$dmul) for __aeabi_dmul
    main.o(.text.vADCTask) refers to ceil.o(i.__hardfp_ceil) for __hardfp_ceil
    main.o(.text.vADCTask) refers to dfixu.o(x$fpl$dfixu) for __aeabi_d2uiz
    main.o(.text.vADCTask) refers to queue.o(.text.xQueueGenericSend) for xQueueGenericSend
    main.o(.text.vADCTask) refers to tasks.o(.text.vTaskDelay) for vTaskDelay
[...]
    $v0                                      0x000057e0   Number         0  dcmpi.o(x$fpl$dcmpinf)
    x$fpl$dcmpinf                            0x000057e0   Section       24  dcmpi.o(x$fpl$dcmpinf)
    $v0                                      0x000057f8   Number         0  ddiv.o(x$fpl$ddiv)
    x$fpl$ddiv                               0x000057f8   Section      692  ddiv.o(x$fpl$ddiv)
    ddiv_entry                               0x000057ff   Thumb Code     0  ddiv.o(x$fpl$ddiv)
    $v0                                      0x00005aac   Number         0  dfixu.o(x$fpl$dfixu)
    x$fpl$dfixu                              0x00005aac   Section       90  dfixu.o(x$fpl$dfixu)
    $v0                                      0x00005b06   Number         0  dflt_clz.o(x$fpl$dfltu)
    x$fpl$dfltu                              0x00005b06   Section       38  dflt_clz.o(x$fpl$dfltu)
    $v0                                      0x00005b2c   Number         0  dleqf.o(x$fpl$dleqf)
    x$fpl$dleqf                              0x00005b2c   Section      120  dleqf.o(x$fpl$dleqf)
    $v0                                      0x00005ba4   Number         0  dmul.o(x$fpl$dmul)
    x$fpl$dmul                               0x00005ba4   Section      340  dmul.o(x$fpl$dmul)
    $v0                                      0x00005cf8   Number         0  dnaninf.o(x$fpl$dnaninf)
    x$fpl$dnaninf                            0x00005cf8   Section      156  dnaninf.o(x$fpl$dnaninf)
    $v0                                      0x00005d94   Number         0  dretinf.o(x$fpl$dretinf)
    x$fpl$dretinf                            0x00005d94   Section       12  dretinf.o(x$fpl$dretinf)
    $v0                                      0x00005da0   Number         0  drleqf.o(x$fpl$drleqf)
    x$fpl$drleqf                             0x00005da0   Section      108  drleqf.o(x$fpl$drleqf)
    $v0                                      0x00005e0c   Number         0  daddsub_clz.o(x$fpl$drsb)
    x$fpl$drsb                               0x00005e0c   Section       22  daddsub_clz.o(x$fpl$drsb)
    $v0                                      0x00005e24   Number         0  daddsub_clz.o(x$fpl$dsub)
    x$fpl$dsub                               0x00005e24   Section      476  daddsub_clz.o(x$fpl$dsub)
    _dsub1                                   0x00005e35   Thumb Code     0  daddsub_clz.o(x$fpl$dsub)
    $v0                                      0x00006000   Number         0  fpinit.o(x$fpl$fpinit)
    x$fpl$fpinit                             0x00006000   Section       26  fpinit.o(x$fpl$fpinit)
    $v0                                      0x0000601a   Number         0  printf1.o(x$fpl$printf1)
    x$fpl$printf1                            0x0000601a   Section        4  printf1.o(x$fpl$printf1)
    x$fpl$usenofp                            0x0000601e   Section        0  usenofp.o(x$fpl$usenofp)
    g_ppui32GPIOIntMapBlizzard               0x00006020   Data         192  gpio.o(.constdata)
    .constdata                               0x00006020   Section      552  gpio.o(.constdata)
    g_ppui32GPIOIntMapSnowflake              0x000060e0   Data         216  gpio.o(.constdata)
    g_pui32GPIOBaseAddrs                     0x000061b8   Data         144  gpio.o(.constdata)
    g_pui32VCOFrequencies                    0x00006248   Data           8  sysctl.o(.constdata)
    .constdata                               0x00006248   Section      596  sysctl.o(.constdata)
    g_pui32Xtals                             0x00006250   Data         108  sysctl.o(.constdata)
    g_pppui32XTALtoVCO                       0x000062bc   Data         432  sysctl.o(.constdata)
    g_sXTALtoMEMTIM                          0x0000646c   Data          48  sysctl.o(.constdata)
    g_pui32Priority                          0x0000649c   Data          32  interrupt.o(.constdata)
    .constdata                               0x0000649c   Section      268  interrupt.o(.constdata)
    g_pui32Regs                              0x000064bc   Data         156  interrupt.o(.constdata)
    g_pui32EnRegs                            0x00006558   Data          20  interrupt.o(.constdata)
    g_pui32Dii16Regs                         0x0000656c   Data          20  interrupt.o(.constdata)
    g_pui32PendRegs                          0x00006580   Data          20  interrupt.o(.constdata)
    g_pui32UnpendRegs                        0x00006594   Data          20  interrupt.o(.constdata)
    tenpwrs_x                                0x000065a8   Data          60  bigflt0.o(.constdata)
    .constdata                               0x000065a8   Section      148  bigflt0.o(.constdata)
    tenpwrs_i                                0x000065e4   Data          64  bigflt0.o(.constdata)
    .L.str.7                                 0x0000663c   Data           3  main.o(.rodata.str1.1)
    [Anonymous Symbol]                       0x0000663c   Section        0  main.o(.rodata.str1.1)
    locale$$data                             0x00006664   Section       28  lc_numeric_c.o(locale$$data)
    __lcnum_c_name                           0x00006668   Data           2  lc_numeric_c.o(locale$$data)
    __lcnum_c_start                          0x00006670   Data           0  lc_numeric_c.o(locale$$data)
    __lcnum_c_point                          0x0000667c   Data           0  lc_numeric_c.o(locale$$data)
    __lcnum_c_thousands                      0x0000667e   Data           0  lc_numeric_c.o(locale$$data)
    __lcnum_c_grouping                       0x0000667f   Data           0  lc_numeric_c.o(locale$$data)
    __lcnum_c_end                            0x00006680   Data           0  lc_numeric_c.o(locale$$data)
    locale$$data                             0x00006680   Section      272  lc_ctype_c.o(locale$$data)
    __lcctype_c_name                         0x00006684   Data           2  lc_ctype_c.o(locale$$data)
    __lcctype_c_start                        0x0000668c   Data           0  lc_ctype_c.o(locale$$data)
    __lcctype_c_end                          0x00006790   Data           0  lc_ctype_c.o(locale$$data)
    uxCriticalNesting                        0x20000004   Data           4  port.o(.data.uxCriticalNesting)
    [Anonymous Symbol]                       0x20000004   Section        0  port.o(.data.uxCriticalNesting)
    xFreeBytesRemaining                      0x20000008   Data           4  heap_2.o(.data.xFreeBytesRemaining)
    [Anonymous Symbol]                       0x20000008   Section        0  heap_2.o(.data.xFreeBytesRemaining)
    g_pfnRAMVectors                          0x20000400   Data         620  interrupt.o(vtable)
    vtable                                   0x20000400   Section      620  interrupt.o(vtable)
    .bss                                     0x20000670   Section       96  libspace.o(.bss)
    .L_MergedGlobals                         0x200006d0   Data         102  main.o(.bss..L_MergedGlobals)
    [Anonymous Symbol]                       0x200006d0   Section        0  main.o(.bss..L_MergedGlobals)
    .L_MergedGlobals                         0x20000738   Data          20  port.o(.bss..L_MergedGlobals)
    ucMaxSysCallPriority                     0x20000738   Data           1  port.o(.bss..L_MergedGlobals)
    [Anonymous Symbol]                       0x20000738   Section        0  port.o(.bss..L_MergedGlobals)
    ulStoppedTimerCompensation               0x2000073c   Data           1  port.o(.bss..L_MergedGlobals)
    ulMaxPRIGROUPValue                       0x20000740   Data           4  port.o(.bss..L_MergedGlobals)
    xMaximumPossibleSuppressedTicks          0x20000744   Data           4  port.o(.bss..L_MergedGlobals)
    ulTimerCountsForOneTick                  0x20000748   Data           4  port.o(.bss..L_MergedGlobals)
    .L_MergedGlobals                         0x2000074c   Data          20  heap_2.o(.bss..L_MergedGlobals)
    pvPortMalloc.xHeapHasBeenInitialised     0x2000074c   Data           1  heap_2.o(.bss..L_MergedGlobals)
    [Anonymous Symbol]                       0x2000074c   Section        0  heap_2.o(.bss..L_MergedGlobals)
    xStart                                   0x20000750   Data           8  heap_2.o(.bss..L_MergedGlobals)
    xEnd                                     0x20000758   Data           8  heap_2.o(.bss..L_MergedGlobals)
    .L_MergedGlobals                         0x20000760   Data         120  tasks.o(.bss..L_MergedGlobals)
    [Anonymous Symbol]                       0x20000760   Section        0  tasks.o(.bss..L_MergedGlobals)
    uxTopReadyPriority                       0x20000764   Data           4  tasks.o(.bss..L_MergedGlobals)
    uxTaskNumber                             0x20000768   Data           4  tasks.o(.bss..L_MergedGlobals)
    uxDeletedTasksWaitingCleanUp             0x2000076c   Data           4  tasks.o(.bss..L_MergedGlobals)
    uxCurrentNumberOfTasks                   0x20000770   Data           4  tasks.o(.bss..L_MergedGlobals)
    xSchedulerRunning                        0x20000774   Data           4  tasks.o(.bss..L_MergedGlobals)
    uxSchedulerSuspended                     0x20000778   Data           4  tasks.o(.bss..L_MergedGlobals)
    xTickCount                               0x2000077c   Data           4  tasks.o(.bss..L_MergedGlobals)
    pxDelayedTaskList                        0x20000780   Data           4  tasks.o(.bss..L_MergedGlobals)
    pxOverflowDelayedTaskList                0x20000784   Data           4  tasks.o(.bss..L_MergedGlobals)
    xYieldPending                            0x20000788   Data           4  tasks.o(.bss..L_MergedGlobals)
    xIdleTaskHandle                          0x2000078c   Data           4  tasks.o(.bss..L_MergedGlobals)
    xNextTaskUnblockTime                     0x20000790   Data           4  tasks.o(.bss..L_MergedGlobals)
    xPendedTicks                             0x20000794   Data           4  tasks.o(.bss..L_MergedGlobals)
    xNumOfOverflows                          0x20000798   Data           4  tasks.o(.bss..L_MergedGlobals)
    xTasksWaitingTermination                 0x2000079c   Data          20  tasks.o(.bss..L_MergedGlobals)
    xSuspendedTaskList                       0x200007b0   Data          20  tasks.o(.bss..L_MergedGlobals)
    xPendingReadyList                        0x200007c4   Data          20  tasks.o(.bss..L_MergedGlobals)
    .L_MergedGlobals                         0x200007d8   Data          60  timers.o(.bss..L_MergedGlobals)
    xTimerQueue                              0x200007d8   Data           4  timers.o(.bss..L_MergedGlobals)
    [Anonymous Symbol]                       0x200007d8   Section        0  timers.o(.bss..L_MergedGlobals)
    xTimerTaskHandle                         0x200007dc   Data           4  timers.o(.bss..L_MergedGlobals)
    pxCurrentTimerList                       0x200007e0   Data           4  timers.o(.bss..L_MergedGlobals)
    pxOverflowTimerList                      0x200007e4   Data           4  timers.o(.bss..L_MergedGlobals)
    prvSampleTimeNow.xLastTime               0x200007e8   Data           4  timers.o(.bss..L_MergedGlobals)
    xActiveTimerList1                        0x200007ec   Data          20  timers.o(.bss..L_MergedGlobals)
    xActiveTimerList2                        0x20000800   Data          20  timers.o(.bss..L_MergedGlobals)
    .L_MergedGlobals.1                       0x20000814   Data          40  tasks.o(.bss..L_MergedGlobals.1)
    xDelayedTaskList1                        0x20000814   Data          20  tasks.o(.bss..L_MergedGlobals.1)
    [Anonymous Symbol]                       0x20000814   Section        0  tasks.o(.bss..L_MergedGlobals.1)
    xDelayedTaskList2                        0x20000828   Data          20  tasks.o(.bss..L_MergedGlobals.1)
    pxReadyTasksLists                        0x2000083c   Data         100  tasks.o(.bss.pxReadyTasksLists)
    [Anonymous Symbol]                       0x2000083c   Section        0  tasks.o(.bss.pxReadyTasksLists)
    ucHeap                                   0x200008a0   Data        8192  heap_2.o(.bss.ucHeap)
    [Anonymous Symbol]                       0x200008a0   Section        0  heap_2.o(.bss.ucHeap)
    Heap_Mem                                 0x200028a0   Data           0  startup_tm4c123.o(HEAP)
    Stack_Mem                                0x200028a0   Data         512  startup_tm4c123.o(STACK)
    HEAP                                     0x200028a0   Section        0  startup_tm4c123.o(HEAP)
    STACK                                    0x200028a0   Section      512  startup_tm4c123.o(STACK)
    __initial_sp                             0x20002aa0   Data           0  startup_tm4c123.o(STACK)

    Global Symbols

    Symbol Name                              Value     Ov Type        Size  Object(Section)

    BuildAttributes$$THM_ISAv4$E$P$D$K$B$S$7EM$VFPi3$EXTD16$VFPS$VFMA$PE$A:L22UL41UL21$X:L11$S22US41US21$IEEE1$IW$~IW$USESV6$~STKCKD$USESV7$~SHL$OTIME$ROPI$IEEEJ$EBA8$UX$STANDARDLIB$REQ8$PRES8$EABIv2 0x00000000   Number         0  anon$$obj.o ABSOLUTE
    __Vectors                                0x00000000   Data           4  startup_tm4c123.o(RESET)
    _printf_flags                            0x00000000   Number         0  printf_stubs.o ABSOLUTE
    _printf_return_value                     0x00000000   Number         0  printf_stubs.o ABSOLUTE
    _printf_sizespec                         0x00000000   Number         0  printf_stubs.o ABSOLUTE
    _printf_widthprec                        0x00000000   Number         0  printf_stubs.o ABSOLUTE
    __ARM_exceptions_init                     - Undefined Weak Reference
    __alloca_initialize                       - Undefined Weak Reference
    __arm_preinit_                            - Undefined Weak Reference
    __cpp_initialize__aeabi_                  - Undefined Weak Reference
    __cxa_finalize                            - Undefined Weak Reference
    __sigvec_lookup                           - Undefined Weak Reference
    _atexit_init                              - Undefined Weak Reference
    _call_atexit_fns                          - Undefined Weak Reference
    _clock_init                               - Undefined Weak Reference
    _fp_trap_init                             - Undefined Weak Reference
    _fp_trap_shutdown                         - Undefined Weak Reference
    _get_lc_collate                           - Undefined Weak Reference
    _get_lc_monetary                          - Undefined Weak Reference
    _get_lc_time                              - Undefined Weak Reference
    _getenv_init                              - Undefined Weak Reference
    _handle_redirection                       - Undefined Weak Reference
    _init_alloc                               - Undefined Weak Reference
    _init_user_alloc                          - Undefined Weak Reference
    _initio                                   - Undefined Weak Reference
    _printf_mbtowc                            - Undefined Weak Reference
    _printf_post_padding                      - Undefined Weak Reference
    _printf_pre_padding                       - Undefined Weak Reference
    _printf_truncate_signed                   - Undefined Weak Reference
    _printf_truncate_unsigned                 - Undefined Weak Reference
    _rand_init                                - Undefined Weak Reference
    _signal_finish                            - Undefined Weak Reference
    _signal_init                              - Undefined Weak Reference
    _terminate_alloc                          - Undefined Weak Reference
    _terminate_user_alloc                     - Undefined Weak Reference
    _terminateio                              - Undefined Weak Reference
    __Vectors_End                            0x0000026c   Data           0  startup_tm4c123.o(RESET)
    __Vectors_Size                           0x0000026c   Number         0  startup_tm4c123.o ABSOLUTE
    __main                                   0x0000026d   Thumb Code     8  __main.o(!!!main)
    __scatterload                            0x00000275   Thumb Code     0  __scatter.o(!!!scatter)
    __scatterload_rt2                        0x00000275   Thumb Code    44  __scatter.o(!!!scatter)
    __scatterload_rt2_thumb_only             0x00000275   Thumb Code     0  __scatter.o(!!!scatter)
    __scatterload_null                       0x00000283   Thumb Code     0  __scatter.o(!!!scatter)
    __decompress                             0x000002a9   Thumb Code    58  __dczerorl.o(!!dczerorl)
    __decompress0                            0x000002a9   Thumb Code     0  __dczerorl.o(!!dczerorl)
    __scatterload_zeroinit                   0x000002e5   Thumb Code    28  __scatter_zi.o(!!handler_zi)
    _printf_f                                0x00000301   Thumb Code     0  _printf_f.o(.ARM.Collect$$_printf_percent$$00000003)
    _printf_percent                          0x00000301   Thumb Code     0  _printf_percent.o(.ARM.Collect$$_printf_percent$$00000000)
    _printf_d                                0x00000307   Thumb Code     0  _printf_d.o(.ARM.Collect$$_printf_percent$$00000009)
    _printf_s                                0x0000030d   Thumb Code     0  _printf_s.o(.ARM.Collect$$_printf_percent$$00000014)
    _printf_percent_end                      0x00000313   Thumb Code     0  _printf_percent_end.o(.ARM.Collect$$_printf_percent$$00000017)
    __rt_lib_init                            0x00000317   Thumb Code     0  libinit.o(.ARM.Collect$$libinit$$00000000)
    __rt_lib_init_fp_1                       0x00000319   Thumb Code     0  libinit2.o(.ARM.Collect$$libinit$$00000001)
    __rt_lib_init_heap_1                     0x0000031d   Thumb Code     0  libinit2.o(.ARM.Collect$$libinit$$0000000A)
    __rt_lib_init_lc_common                  0x0000031d   Thumb Code     0  libinit2.o(.ARM.Collect$$libinit$$0000000F)
    __rt_lib_init_preinit_1                  0x0000031d   Thumb Code     0  libinit2.o(.ARM.Collect$$libinit$$00000004)
    __rt_lib_init_rand_1                     0x0000031d   Thumb Code     0  libinit2.o(.ARM.Collect$$libinit$$0000000E)
    __rt_lib_init_user_alloc_1               0x0000031d   Thumb Code     0  libinit2.o(.ARM.Collect$$libinit$$0000000C)
    __rt_lib_init_lc_collate_1               0x00000323   Thumb Code     0  libinit2.o(.ARM.Collect$$libinit$$00000011)
    __rt_lib_init_lc_ctype_2                 0x00000323   Thumb Code     0  libinit2.o(.ARM.Collect$$libinit$$00000012)
    __rt_lib_init_lc_ctype_1                 0x0000032f   Thumb Code     0  libinit2.o(.ARM.Collect$$libinit$$00000013)
    __rt_lib_init_lc_monetary_1              0x0000032f   Thumb Code     0  libinit2.o(.ARM.Collect$$libinit$$00000015)
    __rt_lib_init_lc_numeric_2               0x0000032f   Thumb Code     0  libinit2.o(.ARM.Collect$$libinit$$00000016)
    __rt_lib_init_alloca_1                   0x00000339   Thumb Code     0  libinit2.o(.ARM.Collect$$libinit$$0000002E)
    __rt_lib_init_argv_1                     0x00000339   Thumb Code     0  libinit2.o(.ARM.Collect$$libinit$$0000002C)
    __rt_lib_init_atexit_1                   0x00000339   Thumb Code     0  libinit2.o(.ARM.Collect$$libinit$$0000001B)
    __rt_lib_init_clock_1                    0x00000339   Thumb Code     0  libinit2.o(.ARM.Collect$$libinit$$00000021)
    __rt_lib_init_cpp_1                      0x00000339   Thumb Code     0  libinit2.o(.ARM.Collect$$libinit$$00000032)
    __rt_lib_init_exceptions_1               0x00000339   Thumb Code     0  libinit2.o(.ARM.Collect$$libinit$$00000030)
    __rt_lib_init_fp_trap_1                  0x00000339   Thumb Code     0  libinit2.o(.ARM.Collect$$libinit$$0000001F)
    __rt_lib_init_getenv_1                   0x00000339   Thumb Code     0  libinit2.o(.ARM.Collect$$libinit$$00000023)
    __rt_lib_init_lc_numeric_1               0x00000339   Thumb Code     0  libinit2.o(.ARM.Collect$$libinit$$00000017)
    __rt_lib_init_lc_time_1                  0x00000339   Thumb Code     0  libinit2.o(.ARM.Collect$$libinit$$00000019)
    __rt_lib_init_return                     0x00000339   Thumb Code     0  libinit2.o(.ARM.Collect$$libinit$$00000033)
    __rt_lib_init_signal_1                   0x00000339   Thumb Code     0  libinit2.o(.ARM.Collect$$libinit$$0000001D)
    __rt_lib_init_stdio_1                    0x00000339   Thumb Code     0  libinit2.o(.ARM.Collect$$libinit$$00000025)
    __rt_lib_shutdown                        0x0000033b   Thumb Code     0  libshutdown.o(.ARM.Collect$$libshutdown$$00000000)
    __rt_lib_shutdown_cpp_1                  0x0000033d   Thumb Code     0  libshutdown2.o(.ARM.Collect$$libshutdown$$00000002)
    __rt_lib_shutdown_fp_trap_1              0x0000033d   Thumb Code     0  libshutdown2.o(.ARM.Collect$$libshutdown$$00000007)
    __rt_lib_shutdown_heap_1                 0x0000033d   Thumb Code     0  libshutdown2.o(.ARM.Collect$$libshutdown$$0000000F)
    __rt_lib_shutdown_return                 0x0000033d   Thumb Code     0  libshutdown2.o(.ARM.Collect$$libshutdown$$00000010)
    __rt_lib_shutdown_signal_1               0x0000033d   Thumb Code     0  libshutdown2.o(.ARM.Collect$$libshutdown$$0000000A)
    __rt_lib_shutdown_stdio_1                0x0000033d   Thumb Code     0  libshutdown2.o(.ARM.Collect$$libshutdown$$00000004)
    __rt_lib_shutdown_user_alloc_1           0x0000033d   Thumb Code     0  libshutdown2.o(.ARM.Collect$$libshutdown$$0000000C)
    __rt_entry                               0x0000033f   Thumb Code     0  __rtentry.o(.ARM.Collect$$rtentry$$00000000)
    __rt_entry_presh_1                       0x0000033f   Thumb Code     0  __rtentry2.o(.ARM.Collect$$rtentry$$00000002)
    __rt_entry_sh                            0x0000033f   Thumb Code     0  __rtentry4.o(.ARM.Collect$$rtentry$$00000004)
    __rt_entry_li                            0x00000345   Thumb Code     0  __rtentry2.o(.ARM.Collect$$rtentry$$0000000A)
    __rt_entry_postsh_1                      0x00000345   Thumb Code     0  __rtentry2.o(.ARM.Collect$$rtentry$$00000009)
    __rt_entry_main                          0x00000349   Thumb Code     0  __rtentry2.o(.ARM.Collect$$rtentry$$0000000D)
    __rt_entry_postli_1                      0x00000349   Thumb Code     0  __rtentry2.o(.ARM.Collect$$rtentry$$0000000C)
    __rt_exit                                0x00000351   Thumb Code     0  rtexit.o(.ARM.Collect$$rtexit$$00000000)
    __rt_exit_ls                             0x00000353   Thumb Code     0  rtexit2.o(.ARM.Collect$$rtexit$$00000003)
    __rt_exit_prels_1                        0x00000353   Thumb Code     0  rtexit2.o(.ARM.Collect$$rtexit$$00000002)
    __rt_exit_exit                           0x00000357   Thumb Code     0  rtexit2.o(.ARM.Collect$$rtexit$$00000004)
    SysCtlDelay                              0x0000035d   Thumb Code     6  sysctl.o(.emb_text)
    Reset_Handler                            0x00000365   Thumb Code     8  startup_tm4c123.o(.text)
    NMI_Handler                              0x0000036d   Thumb Code     2  startup_tm4c123.o(.text)
    HardFault_Handler                        0x0000036f   Thumb Code     2  startup_tm4c123.o(.text)
    MemManage_Handler                        0x00000371   Thumb Code     2  startup_tm4c123.o(.text)
    BusFault_Handler                         0x00000373   Thumb Code     2  startup_tm4c123.o(.text)
    UsageFault_Handler                       0x00000375   Thumb Code     2  startup_tm4c123.o(.text)
    DebugMon_Handler                         0x00000379   Thumb Code     2  startup_tm4c123.o(.text)
    GPIOA_Handler                            0x0000037f   Thumb Code     2  startup_tm4c123.o(.text)
    GPIOB_Handler                            0x00000381   Thumb Code     2  startup_tm4c123.o(.text)
    GPIOC_Handler                            0x00000383   Thumb Code     2  startup_tm4c123.o(.text)
    GPIOD_Handler                            0x00000385   Thumb Code     2  startup_tm4c123.o(.text)
    GPIOE_Handler                            0x00000387   Thumb Code     2  startup_tm4c123.o(.text)
    UART0_Handler                            0x00000389   Thumb Code     2  startup_tm4c123.o(.text)
    UART1_Handler                            0x0000038b   Thumb Code     2  startup_tm4c123.o(.text)
    SSI0_Handler                             0x0000038d   Thumb Code     2  startup_tm4c123.o(.text)
    I2C0_Handler                             0x0000038f   Thumb Code     2  startup_tm4c123.o(.text)
    PMW0_FAULT_Handler                       0x00000391   Thumb Code     2  startup_tm4c123.o(.text)
    PWM0_0_Handler                           0x00000393   Thumb Code     2  startup_tm4c123.o(.text)
    PWM0_1_Handler                           0x00000395   Thumb Code     2  startup_tm4c123.o(.text)
    PWM0_2_Handler                           0x00000397   Thumb Code     2  startup_tm4c123.o(.text)
    QEI0_Handler                             0x00000399   Thumb Code     2  startup_tm4c123.o(.text)
    ADC0SS0_Handler                          0x0000039b   Thumb Code     2  startup_tm4c123.o(.text)
    ADC0SS1_Handler                          0x0000039d   Thumb Code     2  startup_tm4c123.o(.text)
    ADC0SS2_Handler                          0x0000039f   Thumb Code     2  startup_tm4c123.o(.text)
    ADC0SS3_Handler                          0x000003a1   Thumb Code     2  startup_tm4c123.o(.text)
    WDT0_Handler                             0x000003a3   Thumb Code     2  startup_tm4c123.o(.text)
    TIMER0A_Handler                          0x000003a5   Thumb Code     2  startup_tm4c123.o(.text)
    TIMER0B_Handler                          0x000003a7   Thumb Code     2  startup_tm4c123.o(.text)
    TIMER1A_Handler                          0x000003a9   Thumb Code     2  startup_tm4c123.o(.text)
    TIMER1B_Handler                          0x000003ab   Thumb Code     2  startup_tm4c123.o(.text)
    TIMER2A_Handler                          0x000003ad   Thumb Code     2  startup_tm4c123.o(.text)
    TIMER2B_Handler                          0x000003af   Thumb Code     2  startup_tm4c123.o(.text)
    COMP0_Handler                            0x000003b1   Thumb Code     2  startup_tm4c123.o(.text)
    COMP1_Handler                            0x000003b3   Thumb Code     2  startup_tm4c123.o(.text)
    COMP2_Handler                            0x000003b5   Thumb Code     2  startup_tm4c123.o(.text)
    SYSCTL_Handler                           0x000003b7   Thumb Code     2  startup_tm4c123.o(.text)
    FLASH_Handler                            0x000003b9   Thumb Code     2  startup_tm4c123.o(.text)
    GPIOF_Handler                            0x000003bb   Thumb Code     2  startup_tm4c123.o(.text)
    GPIOG_Handler                            0x000003bd   Thumb Code     2  startup_tm4c123.o(.text)
    GPIOH_Handler                            0x000003bf   Thumb Code     2  startup_tm4c123.o(.text)
    UART2_Handler                            0x000003c1   Thumb Code     2  startup_tm4c123.o(.text)
    SSI1_Handler                             0x000003c3   Thumb Code     2  startup_tm4c123.o(.text)
    TIMER3A_Handler                          0x000003c5   Thumb Code     2  startup_tm4c123.o(.text)
    TIMER3B_Handler                          0x000003c7   Thumb Code     2  startup_tm4c123.o(.text)
    I2C1_Handler                             0x000003c9   Thumb Code     2  startup_tm4c123.o(.text)
    QEI1_Handler                             0x000003cb   Thumb Code     2  startup_tm4c123.o(.text)
    CAN0_Handler                             0x000003cd   Thumb Code     2  startup_tm4c123.o(.text)
    CAN1_Handler                             0x000003cf   Thumb Code     2  startup_tm4c123.o(.text)
    CAN2_Handler                             0x000003d1   Thumb Code     2  startup_tm4c123.o(.text)
    HIB_Handler                              0x000003d3   Thumb Code     2  startup_tm4c123.o(.text)
    USB0_Handler                             0x000003d5   Thumb Code     2  startup_tm4c123.o(.text)
    PWM0_3_Handler                           0x000003d7   Thumb Code     2  startup_tm4c123.o(.text)
    UDMA_Handler                             0x000003d9   Thumb Code     2  startup_tm4c123.o(.text)
    UDMAERR_Handler                          0x000003db   Thumb Code     2  startup_tm4c123.o(.text)
    ADC1SS0_Handler                          0x000003dd   Thumb Code     2  startup_tm4c123.o(.text)
    ADC1SS1_Handler                          0x000003df   Thumb Code     2  startup_tm4c123.o(.text)
    ADC1SS2_Handler                          0x000003e1   Thumb Code     2  startup_tm4c123.o(.text)
    ADC1SS3_Handler                          0x000003e3   Thumb Code     2  startup_tm4c123.o(.text)
    GPIOJ_Handler                            0x000003e5   Thumb Code     2  startup_tm4c123.o(.text)
    GPIOK_Handler                            0x000003e7   Thumb Code     2  startup_tm4c123.o(.text)
    GPIOL_Handler                            0x000003e9   Thumb Code     2  startup_tm4c123.o(.text)
    SSI2_Handler                             0x000003eb   Thumb Code     2  startup_tm4c123.o(.text)
    SSI3_Handler                             0x000003ed   Thumb Code     2  startup_tm4c123.o(.text)
    UART3_Handler                            0x000003ef   Thumb Code     2  startup_tm4c123.o(.text)
    UART4_Handler                            0x000003f1   Thumb Code     2  startup_tm4c123.o(.text)
    UART5_Handler                            0x000003f3   Thumb Code     2  startup_tm4c123.o(.text)
    UART6_Handler                            0x000003f5   Thumb Code     2  startup_tm4c123.o(.text)
    UART7_Handler                            0x000003f7   Thumb Code     2  startup_tm4c123.o(.text)
    I2C2_Handler                             0x000003f9   Thumb Code     2  startup_tm4c123.o(.text)
    I2C3_Handler                             0x000003fb   Thumb Code     2  startup_tm4c123.o(.text)
    TIMER4A_Handler                          0x000003fd   Thumb Code     2  startup_tm4c123.o(.text)
    TIMER4B_Handler                          0x000003ff   Thumb Code     2  startup_tm4c123.o(.text)
    TIMER5A_Handler                          0x00000401   Thumb Code     2  startup_tm4c123.o(.text)
    TIMER5B_Handler                          0x00000403   Thumb Code     2  startup_tm4c123.o(.text)
    WTIMER0A_Handler                         0x00000405   Thumb Code     2  startup_tm4c123.o(.text)
    WTIMER0B_Handler                         0x00000407   Thumb Code     2  startup_tm4c123.o(.text)
    WTIMER1A_Handler                         0x00000409   Thumb Code     2  startup_tm4c123.o(.text)
    WTIMER1B_Handler                         0x0000040b   Thumb Code     2  startup_tm4c123.o(.text)
    WTIMER2A_Handler                         0x0000040d   Thumb Code     2  startup_tm4c123.o(.text)
    WTIMER2B_Handler                         0x0000040f   Thumb Code     2  startup_tm4c123.o(.text)
    WTIMER3A_Handler                         0x00000411   Thumb Code     2  startup_tm4c123.o(.text)
    WTIMER3B_Handler                         0x00000413   Thumb Code     2  startup_tm4c123.o(.text)
    WTIMER4A_Handler                         0x00000415   Thumb Code     2  startup_tm4c123.o(.text)
    WTIMER4B_Handler                         0x00000417   Thumb Code     2  startup_tm4c123.o(.text)
    WTIMER5A_Handler                         0x00000419   Thumb Code     2  startup_tm4c123.o(.text)
    WTIMER5B_Handler                         0x0000041b   Thumb Code     2  startup_tm4c123.o(.text)
    FPU_Handler                              0x0000041d   Thumb Code     2  startup_tm4c123.o(.text)
    I2C4_Handler                             0x0000041f   Thumb Code     2  startup_tm4c123.o(.text)
    I2C5_Handler                             0x00000421   Thumb Code     2  startup_tm4c123.o(.text)
    GPIOM_Handler                            0x00000423   Thumb Code     2  startup_tm4c123.o(.text)
    GPION_Handler                            0x00000425   Thumb Code     2  startup_tm4c123.o(.text)
    QEI2_Handler                             0x00000427   Thumb Code     2  startup_tm4c123.o(.text)
    GPIOP0_Handler                           0x00000429   Thumb Code     2  startup_tm4c123.o(.text)
    GPIOP1_Handler                           0x0000042b   Thumb Code     2  startup_tm4c123.o(.text)
    GPIOP2_Handler                           0x0000042d   Thumb Code     2  startup_tm4c123.o(.text)
    GPIOP3_Handler                           0x0000042f   Thumb Code     2  startup_tm4c123.o(.text)
    GPIOP4_Handler                           0x00000431   Thumb Code     2  startup_tm4c123.o(.text)
    GPIOP5_Handler                           0x00000433   Thumb Code     2  startup_tm4c123.o(.text)
    GPIOP6_Handler                           0x00000435   Thumb Code     2  startup_tm4c123.o(.text)
    GPIOP7_Handler                           0x00000437   Thumb Code     2  startup_tm4c123.o(.text)
    GPIOQ0_Handler                           0x00000439   Thumb Code     2  startup_tm4c123.o(.text)
    GPIOQ1_Handler                           0x0000043b   Thumb Code     2  startup_tm4c123.o(.text)
    GPIOQ2_Handler                           0x0000043d   Thumb Code     2  startup_tm4c123.o(.text)
    GPIOQ3_Handler                           0x0000043f   Thumb Code     2  startup_tm4c123.o(.text)
    GPIOQ4_Handler                           0x00000441   Thumb Code     2  startup_tm4c123.o(.text)
    GPIOQ5_Handler                           0x00000443   Thumb Code     2  startup_tm4c123.o(.text)
    GPIOQ6_Handler                           0x00000445   Thumb Code     2  startup_tm4c123.o(.text)
    GPIOQ7_Handler                           0x00000447   Thumb Code     2  startup_tm4c123.o(.text)
    GPIOR_Handler                            0x00000449   Thumb Code     2  startup_tm4c123.o(.text)
    GPIOS_Handler                            0x0000044b   Thumb Code     2  startup_tm4c123.o(.text)
    PMW1_0_Handler                           0x0000044d   Thumb Code     2  startup_tm4c123.o(.text)
    PWM1_1_Handler                           0x0000044f   Thumb Code     2  startup_tm4c123.o(.text)
    PWM1_2_Handler                           0x00000451   Thumb Code     2  startup_tm4c123.o(.text)
    PWM1_3_Handler                           0x00000453   Thumb Code     2  startup_tm4c123.o(.text)
    PWM1_FAULT_Handler                       0x00000455   Thumb Code     2  startup_tm4c123.o(.text)
    __user_initial_stackheap                 0x00000459   Thumb Code     0  startup_tm4c123.o(.text)
    __2sprintf                               0x00000479   Thumb Code    34  noretval__2sprintf.o(.text)
    _printf_str                              0x000004a1   Thumb Code    82  _printf_str.o(.text)
    _printf_int_dec                          0x000004f5   Thumb Code   104  _printf_dec.o(.text)
    __printf                                 0x0000056d   Thumb Code   352  __printf_ss_wp.o(.text)
    atoi                                     0x000006cd   Thumb Code    26  atoi.o(.text)
    strlen                                   0x000006e7   Thumb Code    62  strlen.o(.text)
    __aeabi_memcpy                           0x00000725   Thumb Code     0  rt_memcpy_v6.o(.text)
    __rt_memcpy                              0x00000725   Thumb Code   138  rt_memcpy_v6.o(.text)
    _memcpy_lastbytes                        0x0000078b   Thumb Code     0  rt_memcpy_v6.o(.text)
    __aeabi_memset4                          0x000007af   Thumb Code    16  aeabi_memset4.o(.text)
    __aeabi_memset8                          0x000007af   Thumb Code     0  aeabi_memset4.o(.text)
    __use_two_region_memory                  0x000007bf   Thumb Code     2  heapauxi.o(.text)
    __rt_heap_escrow$2region                 0x000007c1   Thumb Code     2  heapauxi.o(.text)
    __rt_heap_expand$2region                 0x000007c3   Thumb Code     2  heapauxi.o(.text)
    __aeabi_errno_addr                       0x000007c5   Thumb Code     8  rt_errno_addr_intlibspace.o(.text)
    __errno$intlibspace                      0x000007c5   Thumb Code     0  rt_errno_addr_intlibspace.o(.text)
    __rt_errno_addr$intlibspace              0x000007c5   Thumb Code     0  rt_errno_addr_intlibspace.o(.text)
    _printf_int_common                       0x000007cd   Thumb Code   178  _printf_intcommon.o(.text)
    _printf_fp_dec_real                      0x00000a2f   Thumb Code   620  _printf_fp_dec.o(.text)
    _printf_char_common                      0x00000ca7   Thumb Code    32  _printf_char_common.o(.text)
    _sputc                                   0x00000ccd   Thumb Code    10  _sputc.o(.text)
    _printf_cs_common                        0x00000cd7   Thumb Code    20  _printf_char.o(.text)
    _printf_char                             0x00000ceb   Thumb Code    16  _printf_char.o(.text)
    _printf_string                           0x00000cfb   Thumb Code     8  _printf_char.o(.text)
    strtol                                   0x00000d03   Thumb Code   112  strtol.o(.text)
    __aeabi_memcpy4                          0x00000d73   Thumb Code     0  rt_memcpy_w.o(.text)
    __aeabi_memcpy8                          0x00000d73   Thumb Code     0  rt_memcpy_w.o(.text)
    __rt_memcpy_w                            0x00000d73   Thumb Code   100  rt_memcpy_w.o(.text)
    _memcpy_lastbytes_aligned                0x00000dbb   Thumb Code     0  rt_memcpy_w.o(.text)
    __aeabi_memclr4                          0x00000dd7   Thumb Code     0  rt_memclr_w.o(.text)
    __aeabi_memclr8                          0x00000dd7   Thumb Code     0  rt_memclr_w.o(.text)
    __rt_memclr_w                            0x00000dd7   Thumb Code     0  rt_memclr_w.o(.text)
    _memset_w                                0x00000ddb   Thumb Code    74  rt_memclr_w.o(.text)
    __user_libspace                          0x00000e25   Thumb Code     8  libspace.o(.text)
    __user_perproc_libspace                  0x00000e25   Thumb Code     0  libspace.o(.text)
    __user_perthread_libspace                0x00000e25   Thumb Code     0  libspace.o(.text)
    __rt_ctype_table                         0x00000e2d   Thumb Code    16  rt_ctype_table.o(.text)
    __rt_locale                              0x00000e3d   Thumb Code     8  rt_locale_intlibspace.o(.text)
    _ll_udiv10                               0x00000e45   Thumb Code   138  lludiv10.o(.text)
    _printf_fp_infnan                        0x00000ed1   Thumb Code   112  _printf_fp_infnan.o(.text)
    _strtoul                                 0x00000f51   Thumb Code   158  _strtoul.o(.text)
    _btod_etento                             0x00000ff1   Thumb Code   224  bigflt0.o(.text)
    __user_setup_stackheap                   0x000010d5   Thumb Code    74  sys_stackheap_outer.o(.text)
    _chval                                   0x0000111f   Thumb Code    28  _chval.o(.text)
    exit                                     0x0000113b   Thumb Code    18  exit.o(.text)
    strcmp                                   0x00001151   Thumb Code   124  strcmpv7em.o(.text)
    _sys_exit                                0x000011cd   Thumb Code     8  sys_exit.o(.text)
    __I$use$semihosting                      0x000011d9   Thumb Code     0  use_no_semi.o(.text)
    __use_no_semihosting_swi                 0x000011d9   Thumb Code     2  use_no_semi.o(.text)
    __semihosting_library_function           0x000011db   Thumb Code     0  indicate_semi.o(.text)
    ADCInit                                  0x000011dd   Thumb Code   112  init.o(.text.ADCInit)
    INIT_TASK                                0x0000124d   Thumb Code    82  main.o(.text.INIT_TASK)
    LCD_clear                                0x000012a1   Thumb Code   196  lcd.o(.text.LCD_clear)
    LCD_create                               0x00001365   Thumb Code    58  lcd.o(.text.LCD_create)
    LCD_init                                 0x000013a1   Thumb Code   960  lcd.o(.text.LCD_init)
    LCD_sendByte                             0x00001761   Thumb Code   452  lcd.o(.text.LCD_sendByte)
    LCD_sendNibble                           0x00001925   Thumb Code   110  lcd.o(.text.LCD_sendNibble)
    LCD_sendNum                              0x00001995   Thumb Code    60  lcd.o(.text.LCD_sendNum)
    LCD_sendString                           0x000019d1   Thumb Code    42  lcd.o(.text.LCD_sendString)
    LCD_setPosition                          0x000019fd   Thumb Code    84  lcd.o(.text.LCD_setPosition)
    PendSV_Handler                           0x00001a51   Thumb Code   100  port.o(.text.PendSV_Handler)
    PortAInit                                0x00001ab5   Thumb Code    54  init.o(.text.PortAInit)
    PortFInit                                0x00001aed   Thumb Code   102  init.o(.text.PortFInit)
    SVC_Handler                              0x00001b61   Thumb Code    36  port.o(.text.SVC_Handler)
    SwitchHandler                            0x00001b85   Thumb Code    68  main.o(.text.SwitchHandler)
    SwitchInterruptInit                      0x00001bc9   Thumb Code    76  init.o(.text.SwitchInterruptInit)
    SysTick_Handler                          0x00001c15   Thumb Code    46  port.o(.text.SysTick_Handler)
    SystemInit                               0x00001c45   Thumb Code   136  system_tm4c123.o(.text.SystemInit)
    UART0Init                                0x00001ccd   Thumb Code    76  init.o(.text.UART0Init)
    eTaskConfirmSleepModeStatus              0x00001d19   Thumb Code    40  tasks.o(.text.eTaskConfirmSleepModeStatus)
    main                                     0x00001d41   Thumb Code   176  main.o(.text.main)
    pvPortMalloc                             0x00002411   Thumb Code   356  heap_2.o(.text.pvPortMalloc)
    pvTaskIncrementMutexHeldCount            0x00002575   Thumb Code    24  tasks.o(.text.pvTaskIncrementMutexHeldCount)
    pxPortInitialiseStack                    0x0000258d   Thumb Code    40  port.o(.text.pxPortInitialiseStack)
    uxListRemove                             0x000025b5   Thumb Code    36  list.o(.text.uxListRemove)
    vApplicationIdleHook                     0x000026a9   Thumb Code     4  main.o(.text.vApplicationIdleHook)
    vListInitialise                          0x000029ad   Thumb Code    22  list.o(.text.vListInitialise)
    vListInitialiseItem                      0x000029c5   Thumb Code     6  list.o(.text.vListInitialiseItem)
    vListInsert                              0x000029cd   Thumb Code    98  list.o(.text.vListInsert)
    vListInsertEnd                           0x00002a31   Thumb Code    28  list.o(.text.vListInsertEnd)
    vPortEnterCritical                       0x00002a61   Thumb Code    70  port.o(.text.vPortEnterCritical)
    vPortExitCritical                        0x00002aa9   Thumb Code    46  port.o(.text.vPortExitCritical)
    vPortFree                                0x00002ad9   Thumb Code   108  heap_2.o(.text.vPortFree)
    vPortSetupTimerInterrupt                 0x00002b45   Thumb Code    88  port.o(.text.vPortSetupTimerInterrupt)
    vPortSuppressTicksAndSleep               0x00002b9d   Thumb Code   258  port.o(.text.vPortSuppressTicksAndSleep)
    vPortValidateInterruptPriority           0x00002ca1   Thumb Code    94  port.o(.text.vPortValidateInterruptPriority)
    vQueueWaitForMessageRestricted           0x00002d01   Thumb Code    82  queue.o(.text.vQueueWaitForMessageRestricted)
    vTaskDelay                               0x00002d55   Thumb Code   166  tasks.o(.text.vTaskDelay)
    vTaskDelete                              0x00002dfd   Thumb Code   228  tasks.o(.text.vTaskDelete)
    vTaskInternalSetTimeOutState             0x00002ee1   Thumb Code    18  tasks.o(.text.vTaskInternalSetTimeOutState)
    vTaskMissedYield                         0x00002ef5   Thumb Code    14  tasks.o(.text.vTaskMissedYield)
    vTaskPlaceOnEventList                    0x00002f05   Thumb Code    54  tasks.o(.text.vTaskPlaceOnEventList)
    vTaskPlaceOnEventListRestricted          0x00002f3d   Thumb Code   182  tasks.o(.text.vTaskPlaceOnEventListRestricted)
    vTaskPriorityDisinheritAfterTimeout      0x00002ff5   Thumb Code   194  tasks.o(.text.vTaskPriorityDisinheritAfterTimeout)
    vTaskStartScheduler                      0x000030b9   Thumb Code   124  tasks.o(.text.vTaskStartScheduler)
    vTaskStepTick                            0x0000313d   Thumb Code    48  tasks.o(.text.vTaskStepTick)
    vTaskSuspendAll                          0x0000316d   Thumb Code    16  tasks.o(.text.vTaskSuspendAll)
    vTaskSwitchContext                       0x0000317d   Thumb Code   110  tasks.o(.text.vTaskSwitchContext)
    xPortStartScheduler                      0x000031ed   Thumb Code   390  port.o(.text.xPortStartScheduler)
    xQueueCreateMutex                        0x00003375   Thumb Code   114  queue.o(.text.xQueueCreateMutex)
    xQueueGenericCreate                      0x000033e9   Thumb Code   146  queue.o(.text.xQueueGenericCreate)
    xQueueGenericSend                        0x0000347d   Thumb Code   746  queue.o(.text.xQueueGenericSend)
    xQueueGiveFromISR                        0x00003769   Thumb Code   448  queue.o(.text.xQueueGiveFromISR)
    xQueueReceive                            0x00003929   Thumb Code   426  queue.o(.text.xQueueReceive)
    xQueueSemaphoreTake                      0x00003ad5   Thumb Code   470  queue.o(.text.xQueueSemaphoreTake)
    xTaskCheckForTimeOut                     0x00003cad   Thumb Code   190  tasks.o(.text.xTaskCheckForTimeOut)
    xTaskCreate                              0x00003d6d   Thumb Code   586  tasks.o(.text.xTaskCreate)
    xTaskGetSchedulerState                   0x00003fb9   Thumb Code    30  tasks.o(.text.xTaskGetSchedulerState)
    xTaskGetTickCount                        0x00003fd9   Thumb Code    12  tasks.o(.text.xTaskGetTickCount)
    xTaskIncrementTick                       0x00003fe5   Thumb Code   386  tasks.o(.text.xTaskIncrementTick)
    xTaskPriorityDisinherit                  0x00004169   Thumb Code   178  tasks.o(.text.xTaskPriorityDisinherit)
    xTaskPriorityInherit                     0x0000421d   Thumb Code   186  tasks.o(.text.xTaskPriorityInherit)
    xTaskRemoveFromEventList                 0x000042d9   Thumb Code   256  tasks.o(.text.xTaskRemoveFromEventList)
    xTaskResumeAll                           0x000043d9   Thumb Code   308  tasks.o(.text.xTaskResumeAll)
    xTimerCreateTimerTask                    0x0000450d   Thumb Code   132  timers.o(.text.xTimerCreateTimerTask)
    _btod_d2e                                0x00004599   Thumb Code    62  btod.o(CL$$btod_d2e)
    _d2e_denorm_low                          0x000045d7   Thumb Code    70  btod.o(CL$$btod_d2e_denorm_low)
    _d2e_norm_op1                            0x0000461d   Thumb Code    96  btod.o(CL$$btod_d2e_norm_op1)
    __btod_div_common                        0x0000467d   Thumb Code   696  btod.o(CL$$btod_div_common)
    _e2e                                     0x000049b5   Thumb Code   220  btod.o(CL$$btod_e2e)
    _btod_ediv                               0x00004a91   Thumb Code    42  btod.o(CL$$btod_ediv)
    _btod_emul                               0x00004abb   Thumb Code    42  btod.o(CL$$btod_emul)
    __btod_mult_common                       0x00004ae5   Thumb Code   580  btod.o(CL$$btod_mult_common)
    ADCIntClear                              0x00004d29   Thumb Code    10  adc.o(i.ADCIntClear)
    ADCIntStatus                             0x00004d33   Thumb Code    52  adc.o(i.ADCIntStatus)
    ADCProcessorTrigger                      0x00004d67   Thumb Code    26  adc.o(i.ADCProcessorTrigger)
    ADCSequenceConfigure                     0x00004d81   Thumb Code    96  adc.o(i.ADCSequenceConfigure)
    ADCSequenceDataGet                       0x00004de1   Thumb Code    36  adc.o(i.ADCSequenceDataGet)
    ADCSequenceEnable                        0x00004e05   Thumb Code    14  adc.o(i.ADCSequenceEnable)
    ADCSequenceStepConfigure                 0x00004e13   Thumb Code   154  adc.o(i.ADCSequenceStepConfigure)
    GPIODirModeSet                           0x00004ead   Thumb Code    40  gpio.o(i.GPIODirModeSet)
    GPIOIntClear                             0x00004ed5   Thumb Code     6  gpio.o(i.GPIOIntClear)
    GPIOIntDisable                           0x00004edb   Thumb Code    14  gpio.o(i.GPIOIntDisable)
    GPIOIntEnable                            0x00004ee9   Thumb Code    12  gpio.o(i.GPIOIntEnable)
    GPIOIntRegister                          0x00004ef5   Thumb Code    26  gpio.o(i.GPIOIntRegister)
    GPIOIntTypeSet                           0x00004f0f   Thumb Code    80  gpio.o(i.GPIOIntTypeSet)
    GPIOPadConfigSet                         0x00004f61   Thumb Code   354  gpio.o(i.GPIOPadConfigSet)
    GPIOPinConfigure                         0x000050d1   Thumb Code    60  gpio.o(i.GPIOPinConfigure)
    GPIOPinTypeADC                           0x00005115   Thumb Code    28  gpio.o(i.GPIOPinTypeADC)
    GPIOPinTypeGPIOInput                     0x00005131   Thumb Code    28  gpio.o(i.GPIOPinTypeGPIOInput)
    GPIOPinTypeGPIOOutput                    0x0000514d   Thumb Code    28  gpio.o(i.GPIOPinTypeGPIOOutput)
    GPIOPinTypeUART                          0x00005169   Thumb Code    28  gpio.o(i.GPIOPinTypeUART)
    GPIOPinWrite                             0x00005185   Thumb Code     6  gpio.o(i.GPIOPinWrite)
    IntEnable                                0x0000518d   Thumb Code    92  interrupt.o(i.IntEnable)
    IntRegister                              0x000051f1   Thumb Code    44  interrupt.o(i.IntRegister)
    SysCtlClockGet                           0x00005225   Thumb Code   304  sysctl.o(i.SysCtlClockGet)
    SysCtlPeripheralEnable                   0x00005379   Thumb Code    36  sysctl.o(i.SysCtlPeripheralEnable)
    SysCtlPeripheralReady                    0x000053a1   Thumb Code    40  sysctl.o(i.SysCtlPeripheralReady)
    UARTCharGet                              0x000053cd   Thumb Code    12  uart.o(i.UARTCharGet)
    UARTCharPut                              0x000053d9   Thumb Code    12  uart.o(i.UARTCharPut)
    UARTClockSourceSet                       0x000053e5   Thumb Code     6  uart.o(i.UARTClockSourceSet)
    UARTConfigSetExpClk                      0x000053eb   Thumb Code   110  uart.o(i.UARTConfigSetExpClk)
    UARTDisable                              0x00005459   Thumb Code    30  uart.o(i.UARTDisable)
    UARTEnable                               0x00005477   Thumb Code    20  uart.o(i.UARTEnable)
    __ARM_fpclassify                         0x000054dd   Thumb Code    48  fpclassify.o(i.__ARM_fpclassify)
    __hardfp_ceil                            0x00005511   Thumb Code   252  ceil.o(i.__hardfp_ceil)
    _is_digit                                0x00005629   Thumb Code    14  __printf_wp.o(i._is_digit)
    _get_lc_numeric                          0x00005639   Thumb Code    44  lc_numeric_c.o(locale$$code)
    _get_lc_ctype                            0x00005665   Thumb Code    44  lc_ctype_c.o(locale$$code)
    __aeabi_dadd                             0x00005691   Thumb Code     0  daddsub_clz.o(x$fpl$dadd)
    _dadd                                    0x00005691   Thumb Code   332  daddsub_clz.o(x$fpl$dadd)
    __fpl_dcmp_Inf                           0x000057e1   Thumb Code    24  dcmpi.o(x$fpl$dcmpinf)
    __aeabi_ddiv                             0x000057f9   Thumb Code     0  ddiv.o(x$fpl$ddiv)
    _ddiv                                    0x000057f9   Thumb Code   556  ddiv.o(x$fpl$ddiv)
    __aeabi_d2uiz                            0x00005aad   Thumb Code     0  dfixu.o(x$fpl$dfixu)
    _dfixu                                   0x00005aad   Thumb Code    90  dfixu.o(x$fpl$dfixu)
    __aeabi_ui2d                             0x00005b07   Thumb Code     0  dflt_clz.o(x$fpl$dfltu)
    _dfltu                                   0x00005b07   Thumb Code    38  dflt_clz.o(x$fpl$dfltu)
    __aeabi_cdcmple                          0x00005b2d   Thumb Code     0  dleqf.o(x$fpl$dleqf)
    _dcmple                                  0x00005b2d   Thumb Code   120  dleqf.o(x$fpl$dleqf)
    __fpl_dcmple_InfNaN                      0x00005b8f   Thumb Code     0  dleqf.o(x$fpl$dleqf)
    __aeabi_dmul                             0x00005ba5   Thumb Code     0  dmul.o(x$fpl$dmul)
    _dmul                                    0x00005ba5   Thumb Code   332  dmul.o(x$fpl$dmul)
    __fpl_dnaninf                            0x00005cf9   Thumb Code   156  dnaninf.o(x$fpl$dnaninf)
    __fpl_dretinf                            0x00005d95   Thumb Code    12  dretinf.o(x$fpl$dretinf)
    __aeabi_cdrcmple                         0x00005da1   Thumb Code     0  drleqf.o(x$fpl$drleqf)
    _drcmple                                 0x00005da1   Thumb Code   108  drleqf.o(x$fpl$drleqf)
    __aeabi_drsub                            0x00005e0d   Thumb Code     0  daddsub_clz.o(x$fpl$drsb)
    _drsb                                    0x00005e0d   Thumb Code    22  daddsub_clz.o(x$fpl$drsb)
    __aeabi_dsub                             0x00005e25   Thumb Code     0  daddsub_clz.o(x$fpl$dsub)
    _dsub                                    0x00005e25   Thumb Code   472  daddsub_clz.o(x$fpl$dsub)
    _fp_init                                 0x00006001   Thumb Code    26  fpinit.o(x$fpl$fpinit)
    __fplib_config_fpu_vfp                   0x00006019   Thumb Code     0  fpinit.o(x$fpl$fpinit)
    __fplib_config_pureend_doubles           0x00006019   Thumb Code     0  fpinit.o(x$fpl$fpinit)
    _printf_fp_dec                           0x0000601b   Thumb Code     4  printf1.o(x$fpl$printf1)
    __I$use$fp                               0x0000601e   Number         0  usenofp.o(x$fpl$usenofp)
    uxTopUsedPriority                        0x00006640   Data           4  tasks.o(.rodata.uxTopUsedPriority)
    Region$$Table$$Base                      0x00006644   Number         0  anon$$obj.o(Region$$Table)
    Region$$Table$$Limit                     0x00006664   Number         0  anon$$obj.o(Region$$Table)
    __ctype                                  0x0000668d   Data           0  lc_ctype_c.o(locale$$data)
    SystemCoreClock                          0x20000000   Data           4  system_tm4c123.o(.data.SystemCoreClock)
    __libspace_start                         0x20000670   Data          96  libspace.o(.bss)
    __temporary_stack_top$libspace           0x200006d0   Data           0  libspace.o(.bss)
    xBinarySemaphore                         0x200006d0   Data           4  main.o(.bss..L_MergedGlobals)
    xMutex                                   0x200006d4   Data           4  main.o(.bss..L_MergedGlobals)
    xQueue                                   0x200006d8   Data           4  main.o(.bss..L_MergedGlobals)
    threshold                                0x200006dc   Data           4  main.o(.bss..L_MergedGlobals)
    lcd                                      0x200006e0   Data          36  main.o(.bss..L_MergedGlobals)
    buffer                                   0x20000704   Data          50  main.o(.bss..L_MergedGlobals)
    pxCurrentTCB                             0x20000760   Data           4  tasks.o(.bss..L_MergedGlobals)



==============================================================================

Memory Map of the image

  Image Entry point : 0x00000365

  Load Region LR_IROM1 (Base: 0x00000000, Size: 0x00006e70, Max: 0x00040000, ABSOLUTE, COMPRESSED[0x00006818])

    Execution Region ER_IROM1 (Exec base: 0x00000000, Load base: 0x00000000, Size: 0x00006790, Max: 0x00040000, ABSOLUTE)

    Exec Addr    Load Addr    Size         Type   Attr      Idx    E Section Name        Object

    0x00000000   0x00000000   0x0000026c   Data   RO           86    RESET               startup_tm4c123.o
    0x0000026c   0x0000026c   0x00000008   Code   RO         1837  * !!!main             c_w.l(__main.o)
    0x00000274   0x00000274   0x00000034   Code   RO         2127    !!!scatter          c_w.l(__scatter.o)
    0x000002a8   0x000002a8   0x0000003a   Code   RO         2125    !!dczerorl          c_w.l(__dczerorl.o)
    0x000002e2   0x000002e2   0x00000002   PAD
    0x000002e4   0x000002e4   0x0000001c   Code   RO         2129    !!handler_zi        c_w.l(__scatter_zi.o)
    0x00000300   0x00000300   0x00000000   Code   RO         1826    .ARM.Collect$$_printf_percent$$00000000  c_w.l(_printf_percent.o)
    0x00000300   0x00000300   0x00000006   Code   RO         1825    .ARM.Collect$$_printf_percent$$00000003  c_w.l(_printf_f.o)
    0x00000306   0x00000306   0x00000006   Code   RO         1824    .ARM.Collect$$_printf_percent$$00000009  c_w.l(_printf_d.o)
    0x0000030c   0x0000030c   0x00000006   Code   RO         1823    .ARM.Collect$$_printf_percent$$00000014  c_w.l(_printf_s.o)
    0x00000312   0x00000312   0x00000004   Code   RO         1887    .ARM.Collect$$_printf_percent$$00000017  c_w.l(_printf_percent_end.o)
    0x00000316   0x00000316   0x00000002   Code   RO         1988    .ARM.Collect$$libinit$$00000000  c_w.l(libinit.o)
    0x00000318   0x00000318   0x00000004   Code   RO         1989    .ARM.Collect$$libinit$$00000001  c_w.l(libinit2.o)
    0x0000031c   0x0000031c   0x00000000   Code   RO         1992    .ARM.Collect$$libinit$$00000004  c_w.l(libinit2.o)
    0x0000031c   0x0000031c   0x00000000   Code   RO         1995    .ARM.Collect$$libinit$$0000000A  c_w.l(libinit2.o)
    0x0000031c   0x0000031c   0x00000000   Code   RO         1997    .ARM.Collect$$libinit$$0000000C  c_w.l(libinit2.o)
    0x0000031c   0x0000031c   0x00000000   Code   RO         1999    .ARM.Collect$$libinit$$0000000E  c_w.l(libinit2.o)
    0x0000031c   0x0000031c   0x00000006   Code   RO         2000    .ARM.Collect$$libinit$$0000000F  c_w.l(libinit2.o)
    0x00000322   0x00000322   0x00000000   Code   RO         2002    .ARM.Collect$$libinit$$00000011  c_w.l(libinit2.o)
    0x00000322   0x00000322   0x0000000c   Code   RO         2003    .ARM.Collect$$libinit$$00000012  c_w.l(libinit2.o)
    0x0000032e   0x0000032e   0x00000000   Code   RO         2004    .ARM.Collect$$libinit$$00000013  c_w.l(libinit2.o)
    0x0000032e   0x0000032e   0x00000000   Code   RO         2006    .ARM.Collect$$libinit$$00000015  c_w.l(libinit2.o)
    0x0000032e   0x0000032e   0x0000000a   Code   RO         2007    .ARM.Collect$$libinit$$00000016  c_w.l(libinit2.o)
    0x00000338   0x00000338   0x00000000   Code   RO         2008    .ARM.Collect$$libinit$$00000017  c_w.l(libinit2.o)
    0x00000338   0x00000338   0x00000000   Code   RO         2010    .ARM.Collect$$libinit$$00000019  c_w.l(libinit2.o)
    0x00000338   0x00000338   0x00000000   Code   RO         2012    .ARM.Collect$$libinit$$0000001B  c_w.l(libinit2.o)
    0x00000338   0x00000338   0x00000000   Code   RO         2014    .ARM.Collect$$libinit$$0000001D  c_w.l(libinit2.o)
    0x00000338   0x00000338   0x00000000   Code   RO         2016    .ARM.Collect$$libinit$$0000001F  c_w.l(libinit2.o)
    0x00000338   0x00000338   0x00000000   Code   RO         2018    .ARM.Collect$$libinit$$00000021  c_w.l(libinit2.o)
    0x00000338   0x00000338   0x00000000   Code   RO         2020    .ARM.Collect$$libinit$$00000023  c_w.l(libinit2.o)
    0x00000338   0x00000338   0x00000000   Code   RO         2022    .ARM.Collect$$libinit$$00000025  c_w.l(libinit2.o)
    0x00000338   0x00000338   0x00000000   Code   RO         2026    .ARM.Collect$$libinit$$0000002C  c_w.l(libinit2.o)
    0x00000338   0x00000338   0x00000000   Code   RO         2028    .ARM.Collect$$libinit$$0000002E  c_w.l(libinit2.o)
    0x00000338   0x00000338   0x00000000   Code   RO         2030    .ARM.Collect$$libinit$$00000030  c_w.l(libinit2.o)
    0x00000338   0x00000338   0x00000000   Code   RO         2032    .ARM.Collect$$libinit$$00000032  c_w.l(libinit2.o)
    0x00000338   0x00000338   0x00000002   Code   RO         2033    .ARM.Collect$$libinit$$00000033  c_w.l(libinit2.o)
    0x0000033a   0x0000033a   0x00000002   Code   RO         2071    .ARM.Collect$$libshutdown$$00000000  c_w.l(libshutdown.o)
    0x0000033c   0x0000033c   0x00000000   Code   RO         2082    .ARM.Collect$$libshutdown$$00000002  c_w.l(libshutdown2.o)
    0x0000033c   0x0000033c   0x00000000   Code   RO         2084    .ARM.Collect$$libshutdown$$00000004  c_w.l(libshutdown2.o)
    0x0000033c   0x0000033c   0x00000000   Code   RO         2087    .ARM.Collect$$libshutdown$$00000007  c_w.l(libshutdown2.o)
    0x0000033c   0x0000033c   0x00000000   Code   RO         2090    .ARM.Collect$$libshutdown$$0000000A  c_w.l(libshutdown2.o)
    0x0000033c   0x0000033c   0x00000000   Code   RO         2092    .ARM.Collect$$libshutdown$$0000000C  c_w.l(libshutdown2.o)
    0x0000033c   0x0000033c   0x00000000   Code   RO         2095    .ARM.Collect$$libshutdown$$0000000F  c_w.l(libshutdown2.o)
    0x0000033c   0x0000033c   0x00000002   Code   RO         2096    .ARM.Collect$$libshutdown$$00000010  c_w.l(libshutdown2.o)
    0x0000033e   0x0000033e   0x00000000   Code   RO         1869    .ARM.Collect$$rtentry$$00000000  c_w.l(__rtentry.o)
    0x0000033e   0x0000033e   0x00000000   Code   RO         1905    .ARM.Collect$$rtentry$$00000002  c_w.l(__rtentry2.o)
    0x0000033e   0x0000033e   0x00000006   Code   RO         1917    .ARM.Collect$$rtentry$$00000004  c_w.l(__rtentry4.o)
    0x00000344   0x00000344   0x00000000   Code   RO         1907    .ARM.Collect$$rtentry$$00000009  c_w.l(__rtentry2.o)
    0x00000344   0x00000344   0x00000004   Code   RO         1908    .ARM.Collect$$rtentry$$0000000A  c_w.l(__rtentry2.o)
    0x00000348   0x00000348   0x00000000   Code   RO         1910    .ARM.Collect$$rtentry$$0000000C  c_w.l(__rtentry2.o)
    0x00000348   0x00000348   0x00000008   Code   RO         1911    .ARM.Collect$$rtentry$$0000000D  c_w.l(__rtentry2.o)
    0x00000350   0x00000350   0x00000002   Code   RO         2036    .ARM.Collect$$rtexit$$00000000  c_w.l(rtexit.o)
    0x00000352   0x00000352   0x00000000   Code   RO         2045    .ARM.Collect$$rtexit$$00000002  c_w.l(rtexit2.o)
    0x00000352   0x00000352   0x00000004   Code   RO         2046    .ARM.Collect$$rtexit$$00000003  c_w.l(rtexit2.o)
    0x00000356   0x00000356   0x00000006   Code   RO         2047    .ARM.Collect$$rtexit$$00000004  c_w.l(rtexit2.o)
    0x0000035c   0x0000035c   0x00000006   Code   RO         1022    .emb_text           driverlib.lib(sysctl.o)
    0x00000362   0x00000362   0x00000002   PAD
    0x00000364   0x00000364   0x00000114   Code   RO           87  * .text               startup_tm4c123.o
    0x00000478   0x00000478   0x00000028   Code   RO         1795    .text               c_w.l(noretval__2sprintf.o)
    0x000004a0   0x000004a0   0x00000052   Code   RO         1799    .text               c_w.l(_printf_str.o)
    0x000004f2   0x000004f2   0x00000002   PAD
    0x000004f4   0x000004f4   0x00000078   Code   RO         1801    .text               c_w.l(_printf_dec.o)
    0x0000056c   0x0000056c   0x00000160   Code   RO         1818    .text               c_w.l(__printf_ss_wp.o)
    0x000006cc   0x000006cc   0x0000001a   Code   RO         1827    .text               c_w.l(atoi.o)
    0x000006e6   0x000006e6   0x0000003e   Code   RO         1829    .text               c_w.l(strlen.o)
    0x00000724   0x00000724   0x0000008a   Code   RO         1831    .text               c_w.l(rt_memcpy_v6.o)
    0x000007ae   0x000007ae   0x00000010   Code   RO         1833    .text               c_w.l(aeabi_memset4.o)
    0x000007be   0x000007be   0x00000006   Code   RO         1835    .text               c_w.l(heapauxi.o)
    0x000007c4   0x000007c4   0x00000008   Code   RO         1873    .text               c_w.l(rt_errno_addr_intlibspace.o)
    0x000007cc   0x000007cc   0x000000b2   Code   RO         1875    .text               c_w.l(_printf_intcommon.o)
    0x0000087e   0x0000087e   0x0000041c   Code   RO         1877    .text               c_w.l(_printf_fp_dec.o)
    0x00000c9a   0x00000c9a   0x00000002   PAD
    0x00000c9c   0x00000c9c   0x00000030   Code   RO         1881    .text               c_w.l(_printf_char_common.o)
    0x00000ccc   0x00000ccc   0x0000000a   Code   RO         1883    .text               c_w.l(_sputc.o)
    0x00000cd6   0x00000cd6   0x0000002c   Code   RO         1885    .text               c_w.l(_printf_char.o)
    0x00000d02   0x00000d02   0x00000070   Code   RO         1888    .text               c_w.l(strtol.o)
    0x00000d72   0x00000d72   0x00000064   Code   RO         1890    .text               c_w.l(rt_memcpy_w.o)
    0x00000dd6   0x00000dd6   0x0000004e   Code   RO         1892    .text               c_w.l(rt_memclr_w.o)
    0x00000e24   0x00000e24   0x00000008   Code   RO         1901    .text               c_w.l(libspace.o)
    0x00000e2c   0x00000e2c   0x00000010   Code   RO         1919    .text               c_w.l(rt_ctype_table.o)
    0x00000e3c   0x00000e3c   0x00000008   Code   RO         1924    .text               c_w.l(rt_locale_intlibspace.o)
    0x00000e44   0x00000e44   0x0000008a   Code   RO         1926    .text               c_w.l(lludiv10.o)
    0x00000ece   0x00000ece   0x00000002   PAD
    0x00000ed0   0x00000ed0   0x00000080   Code   RO         1928    .text               c_w.l(_printf_fp_infnan.o)
    0x00000f50   0x00000f50   0x0000009e   Code   RO         1932    .text               c_w.l(_strtoul.o)
    0x00000fee   0x00000fee   0x00000002   PAD
    0x00000ff0   0x00000ff0   0x000000e4   Code   RO         1934    .text               c_w.l(bigflt0.o)
    0x000010d4   0x000010d4   0x0000004a   Code   RO         1970    .text               c_w.l(sys_stackheap_outer.o)
    0x0000111e   0x0000111e   0x0000001c   Code   RO         1972    .text               c_w.l(_chval.o)
    0x0000113a   0x0000113a   0x00000012   Code   RO         1979    .text               c_w.l(exit.o)
    0x0000114c   0x0000114c   0x00000004   PAD
    0x00001150   0x00001150   0x0000007c   Code   RO         1981    .text               c_w.l(strcmpv7em.o)
    0x000011cc   0x000011cc   0x0000000c   Code   RO         2057    .text               c_w.l(sys_exit.o)
    0x000011d8   0x000011d8   0x00000002   Code   RO         2072    .text               c_w.l(use_no_semi.o)
    0x000011da   0x000011da   0x00000000   Code   RO         2074    .text               c_w.l(indicate_semi.o)
    0x000011da   0x000011da   0x00000002   PAD
    0x000011dc   0x000011dc   0x00000070   Code   RO           39    .text.ADCInit       init.o
    0x0000124c   0x0000124c   0x00000052   Code   RO           10    .text.INIT_TASK     main.o
    0x0000129e   0x0000129e   0x00000002   PAD
    0x000012a0   0x000012a0   0x000000c4   Code   RO           67    .text.LCD_clear     lcd.o
    0x00001364   0x00001364   0x0000003a   Code   RO           53    .text.LCD_create    lcd.o
    0x0000139e   0x0000139e   0x00000002   PAD
    0x000013a0   0x000013a0   0x000003c0   Code   RO           61    .text.LCD_init      lcd.o
    0x00001760   0x00001760   0x000001c4   Code   RO           65    .text.LCD_sendByte  lcd.o
    0x00001924   0x00001924   0x0000006e   Code   RO           63    .text.LCD_sendNibble  lcd.o
    0x00001992   0x00001992   0x00000002   PAD
    0x00001994   0x00001994   0x0000003c   Code   RO           75    .text.LCD_sendNum   lcd.o
    0x000019d0   0x000019d0   0x0000002a   Code   RO           71    .text.LCD_sendString  lcd.o
    0x000019fa   0x000019fa   0x00000002   PAD
    0x000019fc   0x000019fc   0x00000054   Code   RO           73    .text.LCD_setPosition  lcd.o
    0x00001a50   0x00001a50   0x00000064   Code   RO          147    .text.PendSV_Handler  port.o
    0x00001ab4   0x00001ab4   0x00000036   Code   RO           35    .text.PortAInit     init.o
    0x00001aea   0x00001aea   0x00000002   PAD
    0x00001aec   0x00001aec   0x00000066   Code   RO           33    .text.PortFInit     init.o
    0x00001b52   0x00001b52   0x0000000e   PAD
    0x00001b60   0x00001b60   0x00000024   Code   RO          131    .text.SVC_Handler   port.o
    0x00001b84   0x00001b84   0x00000044   Code   RO           12    .text.SwitchHandler  main.o
    0x00001bc8   0x00001bc8   0x0000004c   Code   RO           43    .text.SwitchInterruptInit  init.o
    0x00001c14   0x00001c14   0x0000002e   Code   RO          149    .text.SysTick_Handler  port.o
    0x00001c42   0x00001c42   0x00000002   PAD
    0x00001c44   0x00001c44   0x00000088   Code   RO           96    .text.SystemInit    system_tm4c123.o
    0x00001ccc   0x00001ccc   0x0000004c   Code   RO           41    .text.UART0Init     init.o
    0x00001d18   0x00001d18   0x00000028   Code   RO          338    .text.eTaskConfirmSleepModeStatus  tasks.o
    0x00001d40   0x00001d40   0x000000f8   Code   RO            2    .text.main          main.o
    0x00001e38   0x00001e38   0x000000a2   Code   RO          264    .text.prvAddCurrentTaskToDelayedList  tasks.o
    0x00001eda   0x00001eda   0x00000002   PAD
    0x00001edc   0x00001edc   0x000000c6   Code   RO          288    .text.prvIdleTask   tasks.o
    0x00001fa2   0x00001fa2   0x00000002   PAD
    0x00001fa4   0x00001fa4   0x00000028   Code   RO          139    .text.prvPortStartFirstTask  port.o
    0x00001fcc   0x00001fcc   0x0000009c   Code   RO          420    .text.prvSampleTimeNow  timers.o
    0x00002068   0x00002068   0x0000003e   Code   RO          129    .text.prvTaskExitError  port.o
    0x000020a6   0x000020a6   0x00000002   PAD
    0x000020a8   0x000020a8   0x0000022e   Code   RO          388    .text.prvTimerTask  timers.o
    0x000022d6   0x000022d6   0x00000002   PAD
    0x000022d8   0x000022d8   0x00000136   Code   RO          204    .text.prvUnlockQueue  queue.o
    0x0000240e   0x0000240e   0x00000002   PAD
    0x00002410   0x00002410   0x00000164   Code   RO          165    .text.pvPortMalloc  heap_2.o
    0x00002574   0x00002574   0x00000018   Code   RO          358    .text.pvTaskIncrementMutexHeldCount  tasks.o
    0x0000258c   0x0000258c   0x00000028   Code   RO          127    .text.pxPortInitialiseStack  port.o
    0x000025b4   0x000025b4   0x00000024   Code   RO          117    .text.uxListRemove  list.o
    0x000025d8   0x000025d8   0x000000d0   Code   RO            4    .text.vADCTask      main.o
    0x000026a8   0x000026a8   0x00000004   Code   RO           14    .text.vApplicationIdleHook  main.o
    0x000026ac   0x000026ac   0x00000128   Code   RO            8    .text.vChangeThresholdTask  main.o
    0x000027d4   0x000027d4   0x00000004   PAD
    0x000027d8   0x000027d8   0x000001d4   Code   RO            6    .text.vDisplayTask  main.o
    0x000029ac   0x000029ac   0x00000016   Code   RO          109    .text.vListInitialise  list.o
    0x000029c2   0x000029c2   0x00000002   PAD
    0x000029c4   0x000029c4   0x00000006   Code   RO          111    .text.vListInitialiseItem  list.o
    0x000029ca   0x000029ca   0x00000002   PAD
    0x000029cc   0x000029cc   0x00000062   Code   RO          115    .text.vListInsert   list.o
    0x00002a2e   0x00002a2e   0x00000002   PAD
    0x00002a30   0x00002a30   0x0000001c   Code   RO          113    .text.vListInsertEnd  list.o
    0x00002a4c   0x00002a4c   0x00000014   Code   RO          137    .text.vPortEnableVFP  port.o
    0x00002a60   0x00002a60   0x00000046   Code   RO          143    .text.vPortEnterCritical  port.o
    0x00002aa6   0x00002aa6   0x00000002   PAD
    0x00002aa8   0x00002aa8   0x0000002e   Code   RO          145    .text.vPortExitCritical  port.o
    0x00002ad6   0x00002ad6   0x00000002   PAD
    0x00002ad8   0x00002ad8   0x0000006c   Code   RO          167    .text.vPortFree     heap_2.o
    0x00002b44   0x00002b44   0x00000058   Code   RO          135    .text.vPortSetupTimerInterrupt  port.o
    0x00002b9c   0x00002b9c   0x00000102   Code   RO          151    .text.vPortSuppressTicksAndSleep  port.o
    0x00002c9e   0x00002c9e   0x00000002   PAD
    0x00002ca0   0x00002ca0   0x0000005e   Code   RO          153    .text.vPortValidateInterruptPriority  port.o
    0x00002cfe   0x00002cfe   0x00000002   PAD
    0x00002d00   0x00002d00   0x00000052   Code   RO          236    .text.vQueueWaitForMessageRestricted  queue.o
    0x00002d52   0x00002d52   0x00000002   PAD
    0x00002d54   0x00002d54   0x000000a6   Code   RO          268    .text.vTaskDelay    tasks.o
    0x00002dfa   0x00002dfa   0x00000002   PAD
    0x00002dfc   0x00002dfc   0x000000e4   Code   RO          258    .text.vTaskDelete   tasks.o
    0x00002ee0   0x00002ee0   0x00000012   Code   RO          328    .text.vTaskInternalSetTimeOutState  tasks.o
    0x00002ef2   0x00002ef2   0x00000002   PAD
    0x00002ef4   0x00002ef4   0x0000000e   Code   RO          332    .text.vTaskMissedYield  tasks.o
    0x00002f02   0x00002f02   0x00000002   PAD
    0x00002f04   0x00002f04   0x00000036   Code   RO          316    .text.vTaskPlaceOnEventList  tasks.o
    0x00002f3a   0x00002f3a   0x00000002   PAD
    0x00002f3c   0x00002f3c   0x000000b6   Code   RO          320    .text.vTaskPlaceOnEventListRestricted  tasks.o
    0x00002ff2   0x00002ff2   0x00000002   PAD
    0x00002ff4   0x00002ff4   0x000000c2   Code   RO          354    .text.vTaskPriorityDisinheritAfterTimeout  tasks.o
    0x000030b6   0x000030b6   0x00000002   PAD
    0x000030b8   0x000030b8   0x00000084   Code   RO          286    .text.vTaskStartScheduler  tasks.o
    0x0000313c   0x0000313c   0x00000030   Code   RO          310    .text.vTaskStepTick  tasks.o
    0x0000316c   0x0000316c   0x00000010   Code   RO          262    .text.vTaskSuspendAll  tasks.o
    0x0000317c   0x0000317c   0x0000006e   Code   RO          280    .text.vTaskSwitchContext  tasks.o
    0x000031ea   0x000031ea   0x00000002   PAD
    0x000031ec   0x000031ec   0x00000186   Code   RO          133    .text.xPortStartScheduler  port.o
    0x00003372   0x00003372   0x00000002   PAD
    0x00003374   0x00003374   0x00000072   Code   RO          188    .text.xQueueCreateMutex  queue.o
    0x000033e6   0x000033e6   0x00000002   PAD
    0x000033e8   0x000033e8   0x00000092   Code   RO          186    .text.xQueueGenericCreate  queue.o
    0x0000347a   0x0000347a   0x00000002   PAD
    0x0000347c   0x0000347c   0x000002ea   Code   RO          196    .text.xQueueGenericSend  queue.o
    0x00003766   0x00003766   0x00000002   PAD
    0x00003768   0x00003768   0x000001c0   Code   RO          208    .text.xQueueGiveFromISR  queue.o
    0x00003928   0x00003928   0x000001aa   Code   RO          210    .text.xQueueReceive  queue.o
    0x00003ad2   0x00003ad2   0x00000002   PAD
    0x00003ad4   0x00003ad4   0x000001d6   Code   RO          200    .text.xQueueSemaphoreTake  queue.o
    0x00003caa   0x00003caa   0x00000002   PAD
    0x00003cac   0x00003cac   0x000000be   Code   RO          330    .text.xTaskCheckForTimeOut  tasks.o
    0x00003d6a   0x00003d6a   0x00000002   PAD
    0x00003d6c   0x00003d6c   0x0000024a   Code   RO          256    .text.xTaskCreate   tasks.o
    0x00003fb6   0x00003fb6   0x00000002   PAD
    0x00003fb8   0x00003fb8   0x0000001e   Code   RO          348    .text.xTaskGetSchedulerState  tasks.o
    0x00003fd6   0x00003fd6   0x00000002   PAD
    0x00003fd8   0x00003fd8   0x0000000c   Code   RO          294    .text.xTaskGetTickCount  tasks.o
    0x00003fe4   0x00003fe4   0x00000182   Code   RO          292    .text.xTaskIncrementTick  tasks.o
    0x00004166   0x00004166   0x00000002   PAD
    0x00004168   0x00004168   0x000000b2   Code   RO          352    .text.xTaskPriorityDisinherit  tasks.o
    0x0000421a   0x0000421a   0x00000002   PAD
    0x0000421c   0x0000421c   0x000000ba   Code   RO          350    .text.xTaskPriorityInherit  tasks.o
    0x000042d6   0x000042d6   0x00000002   PAD
    0x000042d8   0x000042d8   0x00000100   Code   RO          322    .text.xTaskRemoveFromEventList  tasks.o
    0x000043d8   0x000043d8   0x00000134   Code   RO          266    .text.xTaskResumeAll  tasks.o
    0x0000450c   0x0000450c   0x0000008c   Code   RO          386    .text.xTimerCreateTimerTask  timers.o
    0x00004598   0x00004598   0x0000003e   Code   RO         1937    CL$$btod_d2e        c_w.l(btod.o)
    0x000045d6   0x000045d6   0x00000046   Code   RO         1939    CL$$btod_d2e_denorm_low  c_w.l(btod.o)
    0x0000461c   0x0000461c   0x00000060   Code   RO         1938    CL$$btod_d2e_norm_op1  c_w.l(btod.o)
    0x0000467c   0x0000467c   0x00000338   Code   RO         1947    CL$$btod_div_common  c_w.l(btod.o)
    0x000049b4   0x000049b4   0x000000dc   Code   RO         1944    CL$$btod_e2e        c_w.l(btod.o)
    0x00004a90   0x00004a90   0x0000002a   Code   RO         1941    CL$$btod_ediv       c_w.l(btod.o)
    0x00004aba   0x00004aba   0x0000002a   Code   RO         1940    CL$$btod_emul       c_w.l(btod.o)
    0x00004ae4   0x00004ae4   0x00000244   Code   RO         1946    CL$$btod_mult_common  c_w.l(btod.o)
    0x00004d28   0x00004d28   0x0000000a   Code   RO          441    i.ADCIntClear       driverlib.lib(adc.o)
    0x00004d32   0x00004d32   0x00000034   Code   RO          448    i.ADCIntStatus      driverlib.lib(adc.o)
    0x00004d66   0x00004d66   0x0000001a   Code   RO          453    i.ADCProcessorTrigger  driverlib.lib(adc.o)
    0x00004d80   0x00004d80   0x00000060   Code   RO          456    i.ADCSequenceConfigure  driverlib.lib(adc.o)
    0x00004de0   0x00004de0   0x00000024   Code   RO          459    i.ADCSequenceDataGet  driverlib.lib(adc.o)
    0x00004e04   0x00004e04   0x0000000e   Code   RO          461    i.ADCSequenceEnable  driverlib.lib(adc.o)
    0x00004e12   0x00004e12   0x0000009a   Code   RO          464    i.ADCSequenceStepConfigure  driverlib.lib(adc.o)
    0x00004eac   0x00004eac   0x00000028   Code   RO          714    i.GPIODirModeSet    driverlib.lib(gpio.o)
    0x00004ed4   0x00004ed4   0x00000006   Code   RO          715    i.GPIOIntClear      driverlib.lib(gpio.o)
    0x00004eda   0x00004eda   0x0000000e   Code   RO          716    i.GPIOIntDisable    driverlib.lib(gpio.o)
    0x00004ee8   0x00004ee8   0x0000000c   Code   RO          717    i.GPIOIntEnable     driverlib.lib(gpio.o)
    0x00004ef4   0x00004ef4   0x0000001a   Code   RO          718    i.GPIOIntRegister   driverlib.lib(gpio.o)
    0x00004f0e   0x00004f0e   0x00000050   Code   RO          722    i.GPIOIntTypeSet    driverlib.lib(gpio.o)
    0x00004f5e   0x00004f5e   0x00000002   PAD
    0x00004f60   0x00004f60   0x00000170   Code   RO          726    i.GPIOPadConfigSet  driverlib.lib(gpio.o)
    0x000050d0   0x000050d0   0x00000044   Code   RO          727    i.GPIOPinConfigure  driverlib.lib(gpio.o)
    0x00005114   0x00005114   0x0000001c   Code   RO          729    i.GPIOPinTypeADC    driverlib.lib(gpio.o)
    0x00005130   0x00005130   0x0000001c   Code   RO          737    i.GPIOPinTypeGPIOInput  driverlib.lib(gpio.o)
    0x0000514c   0x0000514c   0x0000001c   Code   RO          738    i.GPIOPinTypeGPIOOutput  driverlib.lib(gpio.o)
    0x00005168   0x00005168   0x0000001c   Code   RO          750    i.GPIOPinTypeUART   driverlib.lib(gpio.o)
    0x00005184   0x00005184   0x00000006   Code   RO          756    i.GPIOPinWrite      driverlib.lib(gpio.o)
    0x0000518a   0x0000518a   0x00000002   PAD
    0x0000518c   0x0000518c   0x00000064   Code   RO         1682    i.IntEnable         driverlib.lib(interrupt.o)
    0x000051f0   0x000051f0   0x00000034   Code   RO         1694    i.IntRegister       driverlib.lib(interrupt.o)
    0x00005224   0x00005224   0x00000154   Code   RO         1025    i.SysCtlClockGet    driverlib.lib(sysctl.o)
    0x00005378   0x00005378   0x00000028   Code   RO         1056    i.SysCtlPeripheralEnable  driverlib.lib(sysctl.o)
    0x000053a0   0x000053a0   0x0000002c   Code   RO         1060    i.SysCtlPeripheralReady  driverlib.lib(sysctl.o)
    0x000053cc   0x000053cc   0x0000000c   Code   RO         1382    i.UARTCharGet       driverlib.lib(uart.o)
    0x000053d8   0x000053d8   0x0000000c   Code   RO         1384    i.UARTCharPut       driverlib.lib(uart.o)
    0x000053e4   0x000053e4   0x00000006   Code   RO         1388    i.UARTClockSourceSet  driverlib.lib(uart.o)
    0x000053ea   0x000053ea   0x0000006e   Code   RO         1390    i.UARTConfigSetExpClk  driverlib.lib(uart.o)
    0x00005458   0x00005458   0x0000001e   Code   RO         1393    i.UARTDisable       driverlib.lib(uart.o)
    0x00005476   0x00005476   0x00000014   Code   RO         1395    i.UARTEnable        driverlib.lib(uart.o)
    0x0000548a   0x0000548a   0x00000002   PAD
    0x0000548c   0x0000548c   0x00000050   Code   RO          758    i._GPIOIntNumberGet  driverlib.lib(gpio.o)
    0x000054dc   0x000054dc   0x00000030   Code   RO         1968    i.__ARM_fpclassify  m_wm.l(fpclassify.o)
    0x0000550c   0x0000550c   0x00000004   PAD
    0x00005510   0x00005510   0x00000118   Code   RO         1863    i.__hardfp_ceil     m_wm.l(ceil.o)
    0x00005628   0x00005628   0x0000000e   Code   RO         1813    i._is_digit         c_w.l(__printf_wp.o)
    0x00005636   0x00005636   0x00000002   PAD
    0x00005638   0x00005638   0x0000002c   Code   RO         1962    locale$$code        c_w.l(lc_numeric_c.o)
    0x00005664   0x00005664   0x0000002c   Code   RO         1977    locale$$code        c_w.l(lc_ctype_c.o)
    0x00005690   0x00005690   0x00000150   Code   RO         1839    x$fpl$dadd          fz_wm.l(daddsub_clz.o)
    0x000057e0   0x000057e0   0x00000018   Code   RO         2034    x$fpl$dcmpinf       fz_wm.l(dcmpi.o)
    0x000057f8   0x000057f8   0x000002b4   Code   RO         1846    x$fpl$ddiv          fz_wm.l(ddiv.o)
    0x00005aac   0x00005aac   0x0000005a   Code   RO         1849    x$fpl$dfixu         fz_wm.l(dfixu.o)
    0x00005b06   0x00005b06   0x00000026   Code   RO         1853    x$fpl$dfltu         fz_wm.l(dflt_clz.o)
    0x00005b2c   0x00005b2c   0x00000078   Code   RO         1964    x$fpl$dleqf         fz_wm.l(dleqf.o)
    0x00005ba4   0x00005ba4   0x00000154   Code   RO         1859    x$fpl$dmul          fz_wm.l(dmul.o)
    0x00005cf8   0x00005cf8   0x0000009c   Code   RO         1894    x$fpl$dnaninf       fz_wm.l(dnaninf.o)
    0x00005d94   0x00005d94   0x0000000c   Code   RO         1896    x$fpl$dretinf       fz_wm.l(dretinf.o)
    0x00005da0   0x00005da0   0x0000006c   Code   RO         1898    x$fpl$drleqf        fz_wm.l(drleqf.o)
    0x00005e0c   0x00005e0c   0x00000016   Code   RO         1840    x$fpl$drsb          fz_wm.l(daddsub_clz.o)
    0x00005e22   0x00005e22   0x00000002   PAD
    0x00005e24   0x00005e24   0x000001dc   Code   RO         1841    x$fpl$dsub          fz_wm.l(daddsub_clz.o)
    0x00006000   0x00006000   0x0000001a   Code   RO         2042    x$fpl$fpinit        fz_wm.l(fpinit.o)
    0x0000601a   0x0000601a   0x00000004   Code   RO         1861    x$fpl$printf1       fz_wm.l(printf1.o)
    0x0000601e   0x0000601e   0x00000000   Code   RO         1900    x$fpl$usenofp       fz_wm.l(usenofp.o)
    0x0000601e   0x0000601e   0x00000002   PAD
    0x00006020   0x00006020   0x00000228   Data   RO          759    .constdata          driverlib.lib(gpio.o)
    0x00006248   0x00006248   0x00000254   Data   RO         1078    .constdata          driverlib.lib(sysctl.o)
    0x0000649c   0x0000649c   0x0000010c   Data   RO         1698    .constdata          driverlib.lib(interrupt.o)
    0x000065a8   0x000065a8   0x00000094   Data   RO         1935    .constdata          c_w.l(bigflt0.o)
    0x0000663c   0x0000663c   0x00000003   Data   RO           20    .rodata.str1.1      main.o
    0x0000663f   0x0000663f   0x00000001   PAD
    0x00006640   0x00006640   0x00000004   Data   RO          374    .rodata.uxTopUsedPriority  tasks.o
    0x00006644   0x00006644   0x00000020   Data   RO         2124    Region$$Table       anon$$obj.o
    0x00006664   0x00006664   0x0000001c   Data   RO         1961    locale$$data        c_w.l(lc_numeric_c.o)
    0x00006680   0x00006680   0x00000110   Data   RO         1976    locale$$data        c_w.l(lc_ctype_c.o)


    Execution Region RW_IRAM1 (Exec base: 0x20000000, Load base: 0x00006800, Size: 0x00002aa0, Max: 0x00008000, ABSOLUTE, COMPRESSED[0x00000018])

    Exec Addr    Load Addr    Size         Type   Attr      Idx    E Section Name        Object

    0x20000000   COMPRESSED   0x00000004   Data   RW           98    .data.SystemCoreClock  system_tm4c123.o
    0x20000004   COMPRESSED   0x00000004   Data   RW          155    .data.uxCriticalNesting  port.o
    0x20000008   COMPRESSED   0x00000004   Data   RW          173    .data.xFreeBytesRemaining  heap_2.o
    0x2000000c   COMPRESSED   0x000003f4   PAD
    0x20000400   COMPRESSED   0x0000026c   Data   RW         1699    vtable              driverlib.lib(interrupt.o)
    0x2000066c   COMPRESSED   0x00000004   PAD
    0x20000670        -       0x00000060   Zero   RW         1902    .bss                c_w.l(libspace.o)
    0x200006d0        -       0x00000066   Zero   RW           22    .bss..L_MergedGlobals  main.o
    0x20000736   COMPRESSED   0x00000002   PAD
    0x20000738        -       0x00000014   Zero   RW          156    .bss..L_MergedGlobals  port.o
    0x2000074c        -       0x00000014   Zero   RW          175    .bss..L_MergedGlobals  heap_2.o
    0x20000760        -       0x00000078   Zero   RW          376    .bss..L_MergedGlobals  tasks.o
    0x200007d8        -       0x0000003c   Zero   RW          422    .bss..L_MergedGlobals  timers.o
    0x20000814        -       0x00000028   Zero   RW          377    .bss..L_MergedGlobals.1  tasks.o
    0x2000083c        -       0x00000064   Zero   RW          375    .bss.pxReadyTasksLists  tasks.o
    0x200008a0        -       0x00002000   Zero   RW          174    .bss.ucHeap         heap_2.o
    0x200028a0        -       0x00000000   Zero   RW           85    HEAP                startup_tm4c123.o
    0x200028a0        -       0x00000200   Zero   RW           84    STACK               startup_tm4c123.o


==============================================================================

Image component sizes


      Code (inc. data)   RO Data    RW Data    ZI Data      Debug   Object Name

       464          0          0          4       8212       3832   heap_2.o
       420          0          0          0          0       1740   init.o
      1962          0          0          0          0      10241   lcd.o
       190          0          0          0          0       2516   list.o
      1374        248          3          0        102       4310   main.o
      1290         16          0          4         20       5328   port.o
      2742          0          0          0          0      27998   queue.o
       276         24        620          0        512       5500   startup_tm4c123.o
       136          0          0          4          0       6681   system_tm4c123.o
      3718          8          4          0        260      44320   tasks.o
       854         18          0          0         60      13774   timers.o

    ----------------------------------------------------------------------
     13520        318        660       1024       9168     126240   Object Totals
         0          0         32          0          0          0   (incl. Generated)
        94          4          1       1012          2          0   (incl. Padding)

    ----------------------------------------------------------------------

      Code (inc. data)   RO Data    RW Data    ZI Data      Debug   Library Member Name

        58          0          0          0          0          0   __dczerorl.o
         8          0          0          0          0         68   __main.o
       352          0          0          0          0         88   __printf_ss_wp.o
        14          0          0          0          0         68   __printf_wp.o
         0          0          0          0          0          0   __rtentry.o
        12          0          0          0          0          0   __rtentry2.o
         6          0          0          0          0          0   __rtentry4.o
        52          8          0          0          0          0   __scatter.o
        28          0          0          0          0          0   __scatter_zi.o
        28          0          0          0          0         68   _chval.o
        44          0          0          0          0        108   _printf_char.o
        48          6          0          0          0         96   _printf_char_common.o
         6          0          0          0          0          0   _printf_d.o
       120         16          0          0          0         92   _printf_dec.o
         6          0          0          0          0          0   _printf_f.o
      1052          0          0          0          0        148   _printf_fp_dec.o
       128         16          0          0          0         84   _printf_fp_infnan.o
       178          0          0          0          0         88   _printf_intcommon.o
         0          0          0          0          0          0   _printf_percent.o
         4          0          0          0          0          0   _printf_percent_end.o
         6          0          0          0          0          0   _printf_s.o
        82          0          0          0          0         80   _printf_str.o
        10          0          0          0          0         68   _sputc.o
       158          0          0          0          0         92   _strtoul.o
        16          0          0          0          0         68   aeabi_memset4.o
        26          0          0          0          0         80   atoi.o
       228          4        148          0          0         96   bigflt0.o
      1936        128          0          0          0        668   btod.o
        18          0          0          0          0         80   exit.o
         6          0          0          0          0        152   heapauxi.o
         0          0          0          0          0          0   indicate_semi.o
        44         10        272          0          0         76   lc_ctype_c.o
        44         10         28          0          0         76   lc_numeric_c.o
         2          0          0          0          0          0   libinit.o
        34          0          0          0          0          0   libinit2.o
         2          0          0          0          0          0   libshutdown.o
         2          0          0          0          0          0   libshutdown2.o
         8          4          0          0         96         68   libspace.o
       138          0          0          0          0         80   lludiv10.o
        40          6          0          0          0         84   noretval__2sprintf.o
        16          4          0          0          0         76   rt_ctype_table.o
         8          4          0          0          0         68   rt_errno_addr_intlibspace.o
         8          4          0          0          0         68   rt_locale_intlibspace.o
        78          0          0          0          0         80   rt_memclr_w.o
       138          0          0          0          0         68   rt_memcpy_v6.o
       100          0          0          0          0         80   rt_memcpy_w.o
         2          0          0          0          0          0   rtexit.o
        10          0          0          0          0          0   rtexit2.o
       124          0          0          0          0         88   strcmpv7em.o
        62          0          0          0          0         76   strlen.o
       112          0          0          0          0         88   strtol.o
        12          4          0          0          0         68   sys_exit.o
        74          0          0          0          0         80   sys_stackheap_outer.o
         2          0          0          0          0         68   use_no_semi.o
       388          0          0          0          0       9638   adc.o
       812         40        552          0          0       8863   gpio.o
       152         16        268        620          0       2150   interrupt.o
       430         44        596          0          0       4054   sysctl.o
       190          0          0          0          0       3900   uart.o
       834         16          0          0          0        516   daddsub_clz.o
        24          0          0          0          0        116   dcmpi.o
       692        140          0          0          0        264   ddiv.o
        90          4          0          0          0        140   dfixu.o
        38          0          0          0          0        116   dflt_clz.o
       120          4          0          0          0        140   dleqf.o
       340         12          0          0          0        152   dmul.o
       156          4          0          0          0        140   dnaninf.o
        12          0          0          0          0        116   dretinf.o
       108          0          0          0          0        128   drleqf.o
        26          0          0          0          0        116   fpinit.o
         4          0          0          0          0        116   printf1.o
         0          0          0          0          0          0   usenofp.o
       280         28          0          0          0        156   ceil.o
        48          0          0          0          0        124   fpclassify.o

    ----------------------------------------------------------------------
     10468        532       1864        620        100      34529   Library Totals
        34          0          0          0          4          0   (incl. Padding)

    ----------------------------------------------------------------------

      Code (inc. data)   RO Data    RW Data    ZI Data      Debug   Library Name

      5690        224        448          0         96       3584   c_w.l
      1972        100       1416        620          0      28605   driverlib.lib
      2444        180          0          0          0       2060   fz_wm.l
       328         28          0          0          0        280   m_wm.l

    ----------------------------------------------------------------------
     10468        532       1864        620        100      34529   Library Totals

    ----------------------------------------------------------------------

==============================================================================


      Code (inc. data)   RO Data    RW Data    ZI Data      Debug   

     23988        850       2524       1644       9268     154261   Grand Totals
     23988        850       2524         24       9268     154261   ELF Image Totals (compressed)
     23988        850       2524         24          0          0   ROM Totals

==============================================================================

    Total RO  Size (Code + RO Data)                26512 (  25.89kB)
    Total RW  Size (RW Data + ZI Data)             10912 (  10.66kB)
    Total ROM Size (Code + RO Data + RW Data)      26536 (  25.91kB)

==============================================================================

