Component: ARM Compiler 6.16 Tool: armlink [5dfeaa00]

==============================================================================

Section Cross References

    main.o(.text.main) refers to init.o(.text.PortAInit) for PortAInit
    main.o(.text.main) refers to init.o(.text.PortFInit) for PortFInit
    main.o(.text.main) refers to init.o(.text.UART0Init) for UART0Init
    main.o(.text.main) refers to queue.o(.text.xQueueGenericCreate) for xQueueGenericCreate
    main.o(.text.main) refers to main.o(.bss.xQueue) for xQueue
    main.o(.text.main) refers to main.o(.text.BTN1_CHK_TASK) for BTN1_CHK_TASK
    main.o(.text.main) refers to main.o(.rodata.str1.1) for .L.str
    main.o(.text.main) refers to tasks.o(.text.xTaskCreate) for xTaskCreate
    main.o(.text.main) refers to main.o(.text.BTN2_CHK_TASK) for BTN2_CHK_TASK
    main.o(.text.main) refers to main.o(.text.UART_TASK) for UART_TASK
    main.o(.text.main) refers to tasks.o(.text.vTaskStartScheduler) for vTaskStartScheduler
    main.o(.ARM.exidx.text.main) refers to main.o(.text.main) for [Anonymous Symbol]
    main.o(.text.BTN1_CHK_TASK) refers to gpio.o(i.GPIOPinRead) for GPIOPinRead
    main.o(.text.BTN1_CHK_TASK) refers to tasks.o(.text.vTaskDelay) for vTaskDelay
    main.o(.text.BTN1_CHK_TASK) refers to main.o(.bss.counter) for counter
    main.o(.ARM.exidx.text.BTN1_CHK_TASK) refers to main.o(.text.BTN1_CHK_TASK) for [Anonymous Symbol]
    main.o(.text.BTN2_CHK_TASK) refers to gpio.o(i.GPIOPinRead) for GPIOPinRead
    main.o(.text.BTN2_CHK_TASK) refers to tasks.o(.text.vTaskDelay) for vTaskDelay
    main.o(.text.BTN2_CHK_TASK) refers to main.o(.bss.xQueue) for xQueue
    main.o(.text.BTN2_CHK_TASK) refers to main.o(.bss.counter) for counter
    main.o(.text.BTN2_CHK_TASK) refers to queue.o(.text.xQueueGenericSend) for xQueueGenericSend
    main.o(.ARM.exidx.text.BTN2_CHK_TASK) refers to main.o(.text.BTN2_CHK_TASK) for [Anonymous Symbol]
    main.o(.text.UART_TASK) refers to main.o(.bss.xQueue) for xQueue
    main.o(.text.UART_TASK) refers to queue.o(.text.xQueueReceive) for xQueueReceive
    main.o(.text.UART_TASK) refers to main.o(.rodata.str1.1) for .L.str.3
    main.o(.text.UART_TASK) refers to sprintf.o(.text) for sprintf
    main.o(.text.UART_TASK) refers to uart.o(i.UARTCharPut) for UARTCharPut
    main.o(.ARM.exidx.text.UART_TASK) refers to main.o(.text.UART_TASK) for [Anonymous Symbol]
    init.o(.ARM.exidx.text.CalcTicks) refers to init.o(.text.CalcTicks) for [Anonymous Symbol]
    init.o(.text.Systick_Handler) refers to init.o(.bss.tickcounter) for tickcounter
    init.o(.ARM.exidx.text.Systick_Handler) refers to init.o(.text.Systick_Handler) for [Anonymous Symbol]
    init.o(.text.PortFInit) refers to sysctl.o(i.SysCtlPeripheralEnable) for SysCtlPeripheralEnable
    init.o(.text.PortFInit) refers to sysctl.o(i.SysCtlPeripheralReady) for SysCtlPeripheralReady
    init.o(.text.PortFInit) refers to gpio.o(i.GPIOPinTypeGPIOInput) for GPIOPinTypeGPIOInput
    init.o(.text.PortFInit) refers to gpio.o(i.GPIOPadConfigSet) for GPIOPadConfigSet
    init.o(.text.PortFInit) refers to gpio.o(i.GPIOPinTypeGPIOOutput) for GPIOPinTypeGPIOOutput
    init.o(.ARM.exidx.text.PortFInit) refers to init.o(.text.PortFInit) for [Anonymous Symbol]
    init.o(.text.PortAInit) refers to sysctl.o(i.SysCtlPeripheralEnable) for SysCtlPeripheralEnable
    init.o(.text.PortAInit) refers to sysctl.o(i.SysCtlPeripheralReady) for SysCtlPeripheralReady
    init.o(.text.PortAInit) refers to gpio.o(i.GPIOPinTypeUART) for GPIOPinTypeUART
    init.o(.ARM.exidx.text.PortAInit) refers to init.o(.text.PortAInit) for [Anonymous Symbol]
    init.o(.text.UART0Init) refers to sysctl.o(i.SysCtlPeripheralEnable) for SysCtlPeripheralEnable
    init.o(.text.UART0Init) refers to sysctl.o(i.SysCtlPeripheralReady) for SysCtlPeripheralReady
    init.o(.text.UART0Init) refers to uart.o(i.UARTDisable) for UARTDisable
    init.o(.text.UART0Init) refers to uart.o(i.UARTClockSourceSet) for UARTClockSourceSet
    init.o(.text.UART0Init) refers to sysctl.o(i.SysCtlClockGet) for SysCtlClockGet
    init.o(.text.UART0Init) refers to uart.o(i.UARTConfigSetExpClk) for UARTConfigSetExpClk
    init.o(.text.UART0Init) refers to uart.o(i.UARTEnable) for UARTEnable
    init.o(.ARM.exidx.text.UART0Init) refers to init.o(.text.UART0Init) for [Anonymous Symbol]
    init.o(.text.Systick_Init) refers to systick.o(i.SysTickDisable) for SysTickDisable
    init.o(.text.Systick_Init) refers to systick.o(i.SysTickIntDisable) for SysTickIntDisable
    init.o(.text.Systick_Init) refers to init.o(.text.Systick_Handler) for Systick_Handler
    init.o(.text.Systick_Init) refers to systick.o(i.SysTickIntRegister) for SysTickIntRegister
    init.o(.text.Systick_Init) refers to init.o(.text.CalcTicks) for CalcTicks
    init.o(.text.Systick_Init) refers to systick.o(i.SysTickPeriodSet) for SysTickPeriodSet
    init.o(.text.Systick_Init) refers to systick.o(i.SysTickIntEnable) for SysTickIntEnable
[...]
    $v0                                      0x00005186   Number         0  printf2.o(x$fpl$printf2)
    x$fpl$printf2                            0x00005186   Section        4  printf2.o(x$fpl$printf2)
    x$fpl$usenofp                            0x0000518a   Section        0  usenofp.o(x$fpl$usenofp)
    g_pui32VCOFrequencies                    0x0000518c   Data           8  sysctl.o(.constdata)
    .constdata                               0x0000518c   Section      596  sysctl.o(.constdata)
    g_pui32Xtals                             0x00005194   Data         108  sysctl.o(.constdata)
    g_pppui32XTALtoVCO                       0x00005200   Data         432  sysctl.o(.constdata)
    g_sXTALtoMEMTIM                          0x000053b0   Data          48  sysctl.o(.constdata)
    initial_mbstate                          0x000053e0   Data           8  _printf_wctomb.o(.constdata)
    .constdata                               0x000053e0   Section        8  _printf_wctomb.o(.constdata)
    uc_hextab                                0x000053e8   Data          20  _printf_hex_int_ll_ptr.o(.constdata)
    .constdata                               0x000053e8   Section       40  _printf_hex_int_ll_ptr.o(.constdata)
    lc_hextab                                0x000053fc   Data          20  _printf_hex_int_ll_ptr.o(.constdata)
    maptable                                 0x00005410   Data          17  __printf_flags_ss_wp.o(.constdata)
    .constdata                               0x00005410   Section       17  __printf_flags_ss_wp.o(.constdata)
    lc_hextab                                0x00005421   Data          19  _printf_fp_hex.o(.constdata)
    .constdata                               0x00005421   Section       38  _printf_fp_hex.o(.constdata)
    uc_hextab                                0x00005434   Data          19  _printf_fp_hex.o(.constdata)
    tenpwrs_x                                0x00005448   Data          60  bigflt0.o(.constdata)
    .constdata                               0x00005448   Section      148  bigflt0.o(.constdata)
    tenpwrs_i                                0x00005484   Data          64  bigflt0.o(.constdata)
    .L.str.2                                 0x000054dc   Data           5  main.o(.rodata.str1.1)
    [Anonymous Symbol]                       0x000054dc   Section        0  main.o(.rodata.str1.1)
    .L.str.3                                 0x000054e1   Data           4  main.o(.rodata.str1.1)
    .L.str                                   0x000054e5   Data          15  main.o(.rodata.str1.1)
    .L.str.1                                 0x000054f4   Data          15  main.o(.rodata.str1.1)
    .L.str                                   0x00005503   Data           5  tasks.o(.rodata.str1.1)
    [Anonymous Symbol]                       0x00005503   Section        0  tasks.o(.rodata.str1.1)
    .L.str                                   0x00005508   Data           8  timers.o(.rodata.str1.1)
    [Anonymous Symbol]                       0x00005508   Section        0  timers.o(.rodata.str1.1)
    locale$$data                             0x00005534   Section       28  lc_numeric_c.o(locale$$data)
    __lcnum_c_name                           0x00005538   Data           2  lc_numeric_c.o(locale$$data)
    __lcnum_c_start                          0x00005540   Data           0  lc_numeric_c.o(locale$$data)
    __lcnum_c_point                          0x0000554c   Data           0  lc_numeric_c.o(locale$$data)
    __lcnum_c_thousands                      0x0000554e   Data           0  lc_numeric_c.o(locale$$data)
    __lcnum_c_grouping                       0x0000554f   Data           0  lc_numeric_c.o(locale$$data)
    __lcnum_c_end                            0x00005550   Data           0  lc_numeric_c.o(locale$$data)
    locale$$data                             0x00005550   Section      272  lc_ctype_c.o(locale$$data)
    __lcctype_c_name                         0x00005554   Data           2  lc_ctype_c.o(locale$$data)
    __lcctype_c_start                        0x0000555c   Data           0  lc_ctype_c.o(locale$$data)
    __lcctype_c_end                          0x00005660   Data           0  lc_ctype_c.o(locale$$data)
    uxCriticalNesting                        0x20000004   Data           4  port.o(.data.uxCriticalNesting)
    [Anonymous Symbol]                       0x20000004   Section        0  port.o(.data.uxCriticalNesting)
    .bss                                     0x20000008   Section       96  libspace.o(.bss)
    prvSampleTimeNow.xLastTime               0x2000006c   Data           4  timers.o(.bss.prvSampleTimeNow.xLastTime)
    [Anonymous Symbol]                       0x2000006c   Section        0  timers.o(.bss.prvSampleTimeNow.xLastTime)
    pvPortMalloc.pucAlignedHeap              0x20000070   Data           4  heap_1.o(.bss.pvPortMalloc.pucAlignedHeap)
    [Anonymous Symbol]                       0x20000070   Section        0  heap_1.o(.bss.pvPortMalloc.pucAlignedHeap)
    pxCurrentTimerList                       0x20000078   Data           4  timers.o(.bss.pxCurrentTimerList)
    [Anonymous Symbol]                       0x20000078   Section        0  timers.o(.bss.pxCurrentTimerList)
    pxDelayedTaskList                        0x2000007c   Data           4  tasks.o(.bss.pxDelayedTaskList)
    [Anonymous Symbol]                       0x2000007c   Section        0  tasks.o(.bss.pxDelayedTaskList)
    pxOverflowDelayedTaskList                0x20000080   Data           4  tasks.o(.bss.pxOverflowDelayedTaskList)
    [Anonymous Symbol]                       0x20000080   Section        0  tasks.o(.bss.pxOverflowDelayedTaskList)
    pxOverflowTimerList                      0x20000084   Data           4  timers.o(.bss.pxOverflowTimerList)
    [Anonymous Symbol]                       0x20000084   Section        0  timers.o(.bss.pxOverflowTimerList)
    pxReadyTasksLists                        0x20000088   Data         100  tasks.o(.bss.pxReadyTasksLists)
    [Anonymous Symbol]                       0x20000088   Section        0  tasks.o(.bss.pxReadyTasksLists)
    ucHeap                                   0x200000ec   Data        4096  heap_1.o(.bss.ucHeap)
    [Anonymous Symbol]                       0x200000ec   Section        0  heap_1.o(.bss.ucHeap)
    ucMaxSysCallPriority                     0x200010ec   Data           1  port.o(.bss.ucMaxSysCallPriority)
    [Anonymous Symbol]                       0x200010ec   Section        0  port.o(.bss.ucMaxSysCallPriority)
    ulMaxPRIGROUPValue                       0x200010f0   Data           4  port.o(.bss.ulMaxPRIGROUPValue)
    [Anonymous Symbol]                       0x200010f0   Section        0  port.o(.bss.ulMaxPRIGROUPValue)
    ulStoppedTimerCompensation               0x200010f4   Data           4  port.o(.bss.ulStoppedTimerCompensation)
    [Anonymous Symbol]                       0x200010f4   Section        0  port.o(.bss.ulStoppedTimerCompensation)
    ulTimerCountsForOneTick                  0x200010f8   Data           4  port.o(.bss.ulTimerCountsForOneTick)
    [Anonymous Symbol]                       0x200010f8   Section        0  port.o(.bss.ulTimerCountsForOneTick)
    uxCurrentNumberOfTasks                   0x200010fc   Data           4  tasks.o(.bss.uxCurrentNumberOfTasks)
    [Anonymous Symbol]                       0x200010fc   Section        0  tasks.o(.bss.uxCurrentNumberOfTasks)
    uxDeletedTasksWaitingCleanUp             0x20001100   Data           4  tasks.o(.bss.uxDeletedTasksWaitingCleanUp)
    [Anonymous Symbol]                       0x20001100   Section        0  tasks.o(.bss.uxDeletedTasksWaitingCleanUp)
    uxSchedulerSuspended                     0x20001104   Data           4  tasks.o(.bss.uxSchedulerSuspended)
    [Anonymous Symbol]                       0x20001104   Section        0  tasks.o(.bss.uxSchedulerSuspended)
    uxTaskNumber                             0x20001108   Data           4  tasks.o(.bss.uxTaskNumber)
    [Anonymous Symbol]                       0x20001108   Section        0  tasks.o(.bss.uxTaskNumber)
    uxTopReadyPriority                       0x2000110c   Data           4  tasks.o(.bss.uxTopReadyPriority)
    [Anonymous Symbol]                       0x2000110c   Section        0  tasks.o(.bss.uxTopReadyPriority)
    xActiveTimerList1                        0x20001110   Data          20  timers.o(.bss.xActiveTimerList1)
    [Anonymous Symbol]                       0x20001110   Section        0  timers.o(.bss.xActiveTimerList1)
    xActiveTimerList2                        0x20001124   Data          20  timers.o(.bss.xActiveTimerList2)
    [Anonymous Symbol]                       0x20001124   Section        0  timers.o(.bss.xActiveTimerList2)
    xDelayedTaskList1                        0x20001138   Data          20  tasks.o(.bss.xDelayedTaskList1)
    [Anonymous Symbol]                       0x20001138   Section        0  tasks.o(.bss.xDelayedTaskList1)
    xDelayedTaskList2                        0x2000114c   Data          20  tasks.o(.bss.xDelayedTaskList2)
    [Anonymous Symbol]                       0x2000114c   Section        0  tasks.o(.bss.xDelayedTaskList2)
    xIdleTaskHandle                          0x20001160   Data           4  tasks.o(.bss.xIdleTaskHandle)
    [Anonymous Symbol]                       0x20001160   Section        0  tasks.o(.bss.xIdleTaskHandle)
    xMaximumPossibleSuppressedTicks          0x20001164   Data           4  port.o(.bss.xMaximumPossibleSuppressedTicks)
    [Anonymous Symbol]                       0x20001164   Section        0  port.o(.bss.xMaximumPossibleSuppressedTicks)
    xNextFreeByte                            0x20001168   Data           4  heap_1.o(.bss.xNextFreeByte)
    [Anonymous Symbol]                       0x20001168   Section        0  heap_1.o(.bss.xNextFreeByte)
    xNextTaskUnblockTime                     0x2000116c   Data           4  tasks.o(.bss.xNextTaskUnblockTime)
    [Anonymous Symbol]                       0x2000116c   Section        0  tasks.o(.bss.xNextTaskUnblockTime)
    xNumOfOverflows                          0x20001170   Data           4  tasks.o(.bss.xNumOfOverflows)
    [Anonymous Symbol]                       0x20001170   Section        0  tasks.o(.bss.xNumOfOverflows)
    xPendedTicks                             0x20001174   Data           4  tasks.o(.bss.xPendedTicks)
    [Anonymous Symbol]                       0x20001174   Section        0  tasks.o(.bss.xPendedTicks)
    xPendingReadyList                        0x20001178   Data          20  tasks.o(.bss.xPendingReadyList)
    [Anonymous Symbol]                       0x20001178   Section        0  tasks.o(.bss.xPendingReadyList)
    xSchedulerRunning                        0x20001190   Data           4  tasks.o(.bss.xSchedulerRunning)
    [Anonymous Symbol]                       0x20001190   Section        0  tasks.o(.bss.xSchedulerRunning)
    xSuspendedTaskList                       0x20001194   Data          20  tasks.o(.bss.xSuspendedTaskList)
    [Anonymous Symbol]                       0x20001194   Section        0  tasks.o(.bss.xSuspendedTaskList)
    xTasksWaitingTermination                 0x200011a8   Data          20  tasks.o(.bss.xTasksWaitingTermination)
    [Anonymous Symbol]                       0x200011a8   Section        0  tasks.o(.bss.xTasksWaitingTermination)
    xTickCount                               0x200011bc   Data           4  tasks.o(.bss.xTickCount)
    [Anonymous Symbol]                       0x200011bc   Section        0  tasks.o(.bss.xTickCount)
    xTimerQueue                              0x200011c0   Data           4  timers.o(.bss.xTimerQueue)
    [Anonymous Symbol]                       0x200011c0   Section        0  timers.o(.bss.xTimerQueue)
    xTimerTaskHandle                         0x200011c4   Data           4  timers.o(.bss.xTimerTaskHandle)
    [Anonymous Symbol]                       0x200011c4   Section        0  timers.o(.bss.xTimerTaskHandle)
    xYieldPending                            0x200011c8   Data           4  tasks.o(.bss.xYieldPending)
    [Anonymous Symbol]                       0x200011c8   Section        0  tasks.o(.bss.xYieldPending)
    Heap_Mem                                 0x200011d0   Data           0  startup_tm4c123.o(HEAP)
    Stack_Mem                                0x200011d0   Data         512  startup_tm4c123.o(STACK)
    HEAP                                     0x200011d0   Section        0  startup_tm4c123.o(HEAP)
    STACK                                    0x200011d0   Section      512  startup_tm4c123.o(STACK)
    __initial_sp                             0x200013d0   Data           0  startup_tm4c123.o(STACK)

    Global Symbols

    Symbol Name                              Value     Ov Type        Size  Object(Section)

    BuildAttributes$$THM_ISAv4$E$P$D$K$B$S$7EM$VFPi3$EXTD16$VFPS$VFMA$PE$A:L22UL41UL21$X:L11$S22US41US21$IEEE1$IW$~IW$USESV6$~STKCKD$USESV7$~SHL$OTIME$ROPI$IEEEJ$EBA8$UX$STANDARDLIB$REQ8$PRES8$EABIv2 0x00000000   Number         0  anon$$obj.o ABSOLUTE
    __Vectors                                0x00000000   Data           4  startup_tm4c123.o(RESET)
    _printf_flags                            0x00000000   Number         0  printf_stubs.o ABSOLUTE
    _printf_return_value                     0x00000000   Number         0  printf_stubs.o ABSOLUTE
    _printf_sizespec                         0x00000000   Number         0  printf_stubs.o ABSOLUTE
    _printf_widthprec                        0x00000000   Number         0  printf_stubs.o ABSOLUTE
    __ARM_exceptions_init                     - Undefined Weak Reference
    __alloca_initialize                       - Undefined Weak Reference
    __arm_preinit_                            - Undefined Weak Reference
    __cpp_initialize__aeabi_                  - Undefined Weak Reference
    __cxa_finalize                            - Undefined Weak Reference
    __sigvec_lookup                           - Undefined Weak Reference
    _atexit_init                              - Undefined Weak Reference
    _call_atexit_fns                          - Undefined Weak Reference
    _clock_init                               - Undefined Weak Reference
    _fp_trap_init                             - Undefined Weak Reference
    _fp_trap_shutdown                         - Undefined Weak Reference
    _get_lc_collate                           - Undefined Weak Reference
    _get_lc_monetary                          - Undefined Weak Reference
    _get_lc_time                              - Undefined Weak Reference
    _getenv_init                              - Undefined Weak Reference
    _handle_redirection                       - Undefined Weak Reference
    _init_alloc                               - Undefined Weak Reference
    _init_user_alloc                          - Undefined Weak Reference
    _initio                                   - Undefined Weak Reference
    _printf_mbtowc                            - Undefined Weak Reference
    _printf_wc                                - Undefined Weak Reference
    _rand_init                                - Undefined Weak Reference
    _signal_finish                            - Undefined Weak Reference
    _signal_init                              - Undefined Weak Reference
    _terminate_alloc                          - Undefined Weak Reference
    _terminate_user_alloc                     - Undefined Weak Reference
    _terminateio                              - Undefined Weak Reference
    __Vectors_End                            0x0000026c   Data           0  startup_tm4c123.o(RESET)
    __Vectors_Size                           0x0000026c   Number         0  startup_tm4c123.o ABSOLUTE
    __main                                   0x0000026d   Thumb Code     8  __main.o(!!!main)
    __scatterload                            0x00000275   Thumb Code     0  __scatter.o(!!!scatter)
    __scatterload_rt2                        0x00000275   Thumb Code    44  __scatter.o(!!!scatter)
    __scatterload_rt2_thumb_only             0x00000275   Thumb Code     0  __scatter.o(!!!scatter)
    __scatterload_null                       0x00000283   Thumb Code     0  __scatter.o(!!!scatter)
    __scatterload_copy                       0x000002a9   Thumb Code    26  __scatter_copy.o(!!handler_copy)
    __scatterload_zeroinit                   0x000002c5   Thumb Code    28  __scatter_zi.o(!!handler_zi)
    _printf_n                                0x000002e1   Thumb Code     0  _printf_n.o(.ARM.Collect$$_printf_percent$$00000001)
    _printf_percent                          0x000002e1   Thumb Code     0  _printf_percent.o(.ARM.Collect$$_printf_percent$$00000000)
    _printf_p                                0x000002e7   Thumb Code     0  _printf_p.o(.ARM.Collect$$_printf_percent$$00000002)
    _printf_f                                0x000002ed   Thumb Code     0  _printf_f.o(.ARM.Collect$$_printf_percent$$00000003)
    _printf_e                                0x000002f3   Thumb Code     0  _printf_e.o(.ARM.Collect$$_printf_percent$$00000004)
    _printf_g                                0x000002f9   Thumb Code     0  _printf_g.o(.ARM.Collect$$_printf_percent$$00000005)
    _printf_a                                0x000002ff   Thumb Code     0  _printf_a.o(.ARM.Collect$$_printf_percent$$00000006)
    _printf_ll                               0x00000305   Thumb Code     0  _printf_ll.o(.ARM.Collect$$_printf_percent$$00000007)
    _printf_i                                0x0000030f   Thumb Code     0  _printf_i.o(.ARM.Collect$$_printf_percent$$00000008)
    _printf_d                                0x00000315   Thumb Code     0  _printf_d.o(.ARM.Collect$$_printf_percent$$00000009)
    _printf_u                                0x0000031b   Thumb Code     0  _printf_u.o(.ARM.Collect$$_printf_percent$$0000000A)
    _printf_o                                0x00000321   Thumb Code     0  _printf_o.o(.ARM.Collect$$_printf_percent$$0000000B)
    _printf_x                                0x00000327   Thumb Code     0  _printf_x.o(.ARM.Collect$$_printf_percent$$0000000C)
    _printf_lli                              0x0000032d   Thumb Code     0  _printf_lli.o(.ARM.Collect$$_printf_percent$$0000000D)
    _printf_lld                              0x00000333   Thumb Code     0  _printf_lld.o(.ARM.Collect$$_printf_percent$$0000000E)
    _printf_llu                              0x00000339   Thumb Code     0  _printf_llu.o(.ARM.Collect$$_printf_percent$$0000000F)
    _printf_llo                              0x0000033f   Thumb Code     0  _printf_llo.o(.ARM.Collect$$_printf_percent$$00000010)
    _printf_llx                              0x00000345   Thumb Code     0  _printf_llx.o(.ARM.Collect$$_printf_percent$$00000011)
    _printf_l                                0x0000034b   Thumb Code     0  _printf_l.o(.ARM.Collect$$_printf_percent$$00000012)
    _printf_c                                0x00000355   Thumb Code     0  _printf_c.o(.ARM.Collect$$_printf_percent$$00000013)
    _printf_s                                0x0000035b   Thumb Code     0  _printf_s.o(.ARM.Collect$$_printf_percent$$00000014)
    _printf_lc                               0x00000361   Thumb Code     0  _printf_lc.o(.ARM.Collect$$_printf_percent$$00000015)
    _printf_ls                               0x00000367   Thumb Code     0  _printf_ls.o(.ARM.Collect$$_printf_percent$$00000016)
    _printf_percent_end                      0x0000036d   Thumb Code     0  _printf_percent_end.o(.ARM.Collect$$_printf_percent$$00000017)
    __rt_lib_init                            0x00000371   Thumb Code     0  libinit.o(.ARM.Collect$$libinit$$00000000)
    __rt_lib_init_fp_1                       0x00000373   Thumb Code     0  libinit2.o(.ARM.Collect$$libinit$$00000001)
    __rt_lib_init_heap_1                     0x00000377   Thumb Code     0  libinit2.o(.ARM.Collect$$libinit$$0000000A)
    __rt_lib_init_lc_common                  0x00000377   Thumb Code     0  libinit2.o(.ARM.Collect$$libinit$$0000000F)
    __rt_lib_init_preinit_1                  0x00000377   Thumb Code     0  libinit2.o(.ARM.Collect$$libinit$$00000004)
    __rt_lib_init_rand_1                     0x00000377   Thumb Code     0  libinit2.o(.ARM.Collect$$libinit$$0000000E)
    __rt_lib_init_user_alloc_1               0x00000377   Thumb Code     0  libinit2.o(.ARM.Collect$$libinit$$0000000C)
    __rt_lib_init_lc_collate_1               0x0000037d   Thumb Code     0  libinit2.o(.ARM.Collect$$libinit$$00000011)
    __rt_lib_init_lc_ctype_2                 0x0000037d   Thumb Code     0  libinit2.o(.ARM.Collect$$libinit$$00000012)
    __rt_lib_init_lc_ctype_1                 0x00000389   Thumb Code     0  libinit2.o(.ARM.Collect$$libinit$$00000013)
    __rt_lib_init_lc_monetary_1              0x00000389   Thumb Code     0  libinit2.o(.ARM.Collect$$libinit$$00000015)
    __rt_lib_init_lc_numeric_2               0x00000389   Thumb Code     0  libinit2.o(.ARM.Collect$$libinit$$00000016)
    __rt_lib_init_alloca_1                   0x00000393   Thumb Code     0  libinit2.o(.ARM.Collect$$libinit$$0000002E)
    __rt_lib_init_argv_1                     0x00000393   Thumb Code     0  libinit2.o(.ARM.Collect$$libinit$$0000002C)
    __rt_lib_init_atexit_1                   0x00000393   Thumb Code     0  libinit2.o(.ARM.Collect$$libinit$$0000001B)
    __rt_lib_init_clock_1                    0x00000393   Thumb Code     0  libinit2.o(.ARM.Collect$$libinit$$00000021)
    __rt_lib_init_cpp_1                      0x00000393   Thumb Code     0  libinit2.o(.ARM.Collect$$libinit$$00000032)
    __rt_lib_init_exceptions_1               0x00000393   Thumb Code     0  libinit2.o(.ARM.Collect$$libinit$$00000030)
    __rt_lib_init_fp_trap_1                  0x00000393   Thumb Code     0  libinit2.o(.ARM.Collect$$libinit$$0000001F)
    __rt_lib_init_getenv_1                   0x00000393   Thumb Code     0  libinit2.o(.ARM.Collect$$libinit$$00000023)
    __rt_lib_init_lc_numeric_1               0x00000393   Thumb Code     0  libinit2.o(.ARM.Collect$$libinit$$00000017)
    __rt_lib_init_lc_time_1                  0x00000393   Thumb Code     0  libinit2.o(.ARM.Collect$$libinit$$00000019)
    __rt_lib_init_return                     0x00000393   Thumb Code     0  libinit2.o(.ARM.Collect$$libinit$$00000033)
    __rt_lib_init_signal_1                   0x00000393   Thumb Code     0  libinit2.o(.ARM.Collect$$libinit$$0000001D)
    __rt_lib_init_stdio_1                    0x00000393   Thumb Code     0  libinit2.o(.ARM.Collect$$libinit$$00000025)
    __rt_lib_shutdown                        0x00000395   Thumb Code     0  libshutdown.o(.ARM.Collect$$libshutdown$$00000000)
    __rt_lib_shutdown_cpp_1                  0x00000397   Thumb Code     0  libshutdown2.o(.ARM.Collect$$libshutdown$$00000002)
    __rt_lib_shutdown_fp_trap_1              0x00000397   Thumb Code     0  libshutdown2.o(.ARM.Collect$$libshutdown$$00000007)
    __rt_lib_shutdown_heap_1                 0x00000397   Thumb Code     0  libshutdown2.o(.ARM.Collect$$libshutdown$$0000000F)
    __rt_lib_shutdown_return                 0x00000397   Thumb Code     0  libshutdown2.o(.ARM.Collect$$libshutdown$$00000010)
    __rt_lib_shutdown_signal_1               0x00000397   Thumb Code     0  libshutdown2.o(.ARM.Collect$$libshutdown$$0000000A)
    __rt_lib_shutdown_stdio_1                0x00000397   Thumb Code     0  libshutdown2.o(.ARM.Collect$$libshutdown$$00000004)
    __rt_lib_shutdown_user_alloc_1           0x00000397   Thumb Code     0  libshutdown2.o(.ARM.Collect$$libshutdown$$0000000C)
    __rt_entry                               0x00000399   Thumb Code     0  __rtentry.o(.ARM.Collect$$rtentry$$00000000)
    __rt_entry_presh_1                       0x00000399   Thumb Code     0  __rtentry2.o(.ARM.Collect$$rtentry$$00000002)
    __rt_entry_sh                            0x00000399   Thumb Code     0  __rtentry4.o(.ARM.Collect$$rtentry$$00000004)
    __rt_entry_li                            0x0000039f   Thumb Code     0  __rtentry2.o(.ARM.Collect$$rtentry$$0000000A)
    __rt_entry_postsh_1                      0x0000039f   Thumb Code     0  __rtentry2.o(.ARM.Collect$$rtentry$$00000009)
    __rt_entry_main                          0x000003a3   Thumb Code     0  __rtentry2.o(.ARM.Collect$$rtentry$$0000000D)
    __rt_entry_postli_1                      0x000003a3   Thumb Code     0  __rtentry2.o(.ARM.Collect$$rtentry$$0000000C)
    __rt_exit                                0x000003ab   Thumb Code     0  rtexit.o(.ARM.Collect$$rtexit$$00000000)
    __rt_exit_ls                             0x000003ad   Thumb Code     0  rtexit2.o(.ARM.Collect$$rtexit$$00000003)
    __rt_exit_prels_1                        0x000003ad   Thumb Code     0  rtexit2.o(.ARM.Collect$$rtexit$$00000002)
    __rt_exit_exit                           0x000003b1   Thumb Code     0  rtexit2.o(.ARM.Collect$$rtexit$$00000004)
    Reset_Handler                            0x000003b9   Thumb Code     8  startup_tm4c123.o(.text)
    NMI_Handler                              0x000003c1   Thumb Code     2  startup_tm4c123.o(.text)
    HardFault_Handler                        0x000003c3   Thumb Code     2  startup_tm4c123.o(.text)
    MemManage_Handler                        0x000003c5   Thumb Code     2  startup_tm4c123.o(.text)
    BusFault_Handler                         0x000003c7   Thumb Code     2  startup_tm4c123.o(.text)
    UsageFault_Handler                       0x000003c9   Thumb Code     2  startup_tm4c123.o(.text)
    DebugMon_Handler                         0x000003cd   Thumb Code     2  startup_tm4c123.o(.text)
    GPIOA_Handler                            0x000003d3   Thumb Code     2  startup_tm4c123.o(.text)
    GPIOB_Handler                            0x000003d5   Thumb Code     2  startup_tm4c123.o(.text)
    GPIOC_Handler                            0x000003d7   Thumb Code     2  startup_tm4c123.o(.text)
    GPIOD_Handler                            0x000003d9   Thumb Code     2  startup_tm4c123.o(.text)
    GPIOE_Handler                            0x000003db   Thumb Code     2  startup_tm4c123.o(.text)
    UART0_Handler                            0x000003dd   Thumb Code     2  startup_tm4c123.o(.text)
    UART1_Handler                            0x000003df   Thumb Code     2  startup_tm4c123.o(.text)
    SSI0_Handler                             0x000003e1   Thumb Code     2  startup_tm4c123.o(.text)
    I2C0_Handler                             0x000003e3   Thumb Code     2  startup_tm4c123.o(.text)
    PMW0_FAULT_Handler                       0x000003e5   Thumb Code     2  startup_tm4c123.o(.text)
    PWM0_0_Handler                           0x000003e7   Thumb Code     2  startup_tm4c123.o(.text)
    PWM0_1_Handler                           0x000003e9   Thumb Code     2  startup_tm4c123.o(.text)
    PWM0_2_Handler                           0x000003eb   Thumb Code     2  startup_tm4c123.o(.text)
    QEI0_Handler                             0x000003ed   Thumb Code     2  startup_tm4c123.o(.text)
    ADC0SS0_Handler                          0x000003ef   Thumb Code     2  startup_tm4c123.o(.text)
    ADC0SS1_Handler                          0x000003f1   Thumb Code     2  startup_tm4c123.o(.text)
    ADC0SS2_Handler                          0x000003f3   Thumb Code     2  startup_tm4c123.o(.text)
    ADC0SS3_Handler                          0x000003f5   Thumb Code     2  startup_tm4c123.o(.text)
    WDT0_Handler                             0x000003f7   Thumb Code     2  startup_tm4c123.o(.text)
    TIMER0A_Handler                          0x000003f9   Thumb Code     2  startup_tm4c123.o(.text)
    TIMER0B_Handler                          0x000003fb   Thumb Code     2  startup_tm4c123.o(.text)
    TIMER1A_Handler                          0x000003fd   Thumb Code     2  startup_tm4c123.o(.text)
    TIMER1B_Handler                          0x000003ff   Thumb Code     2  startup_tm4c123.o(.text)
    TIMER2A_Handler                          0x00000401   Thumb Code     2  startup_tm4c123.o(.text)
    TIMER2B_Handler                          0x00000403   Thumb Code     2  startup_tm4c123.o(.text)
    COMP0_Handler                            0x00000405   Thumb Code     2  startup_tm4c123.o(.text)
    COMP1_Handler                            0x00000407   Thumb Code     2  startup_tm4c123.o(.text)
    COMP2_Handler                            0x00000409   Thumb Code     2  startup_tm4c123.o(.text)
    SYSCTL_Handler                           0x0000040b   Thumb Code     2  startup_tm4c123.o(.text)
    FLASH_Handler                            0x0000040d   Thumb Code     2  startup_tm4c123.o(.text)
    GPIOF_Handler                            0x0000040f   Thumb Code     2  startup_tm4c123.o(.text)
    GPIOG_Handler                            0x00000411   Thumb Code     2  startup_tm4c123.o(.text)
    GPIOH_Handler                            0x00000413   Thumb Code     2  startup_tm4c123.o(.text)
    UART2_Handler                            0x00000415   Thumb Code     2  startup_tm4c123.o(.text)
    SSI1_Handler                             0x00000417   Thumb Code     2  startup_tm4c123.o(.text)
    TIMER3A_Handler                          0x00000419   Thumb Code     2  startup_tm4c123.o(.text)
    TIMER3B_Handler                          0x0000041b   Thumb Code     2  startup_tm4c123.o(.text)
    I2C1_Handler                             0x0000041d   Thumb Code     2  startup_tm4c123.o(.text)
    QEI1_Handler                             0x0000041f   Thumb Code     2  startup_tm4c123.o(.text)
    CAN0_Handler                             0x00000421   Thumb Code     2  startup_tm4c123.o(.text)
    CAN1_Handler                             0x00000423   Thumb Code     2  startup_tm4c123.o(.text)
    CAN2_Handler                             0x00000425   Thumb Code     2  startup_tm4c123.o(.text)
    HIB_Handler                              0x00000427   Thumb Code     2  startup_tm4c123.o(.text)
    USB0_Handler                             0x00000429   Thumb Code     2  startup_tm4c123.o(.text)
    PWM0_3_Handler                           0x0000042b   Thumb Code     2  startup_tm4c123.o(.text)
    UDMA_Handler                             0x0000042d   Thumb Code     2  startup_tm4c123.o(.text)
    UDMAERR_Handler                          0x0000042f   Thumb Code     2  startup_tm4c123.o(.text)
    ADC1SS0_Handler                          0x00000431   Thumb Code     2  startup_tm4c123.o(.text)
    ADC1SS1_Handler                          0x00000433   Thumb Code     2  startup_tm4c123.o(.text)
    ADC1SS2_Handler                          0x00000435   Thumb Code     2  startup_tm4c123.o(.text)
    ADC1SS3_Handler                          0x00000437   Thumb Code     2  startup_tm4c123.o(.text)
    GPIOJ_Handler                            0x00000439   Thumb Code     2  startup_tm4c123.o(.text)
    GPIOK_Handler                            0x0000043b   Thumb Code     2  startup_tm4c123.o(.text)
    GPIOL_Handler                            0x0000043d   Thumb Code     2  startup_tm4c123.o(.text)
    SSI2_Handler                             0x0000043f   Thumb Code     2  startup_tm4c123.o(.text)
    SSI3_Handler                             0x00000441   Thumb Code     2  startup_tm4c123.o(.text)
    UART3_Handler                            0x00000443   Thumb Code     2  startup_tm4c123.o(.text)
    UART4_Handler                            0x00000445   Thumb Code     2  startup_tm4c123.o(.text)
    UART5_Handler                            0x00000447   Thumb Code     2  startup_tm4c123.o(.text)
    UART6_Handler                            0x00000449   Thumb Code     2  startup_tm4c123.o(.text)
    UART7_Handler                            0x0000044b   Thumb Code     2  startup_tm4c123.o(.text)
    I2C2_Handler                             0x0000044d   Thumb Code     2  startup_tm4c123.o(.text)
    I2C3_Handler                             0x0000044f   Thumb Code     2  startup_tm4c123.o(.text)
    TIMER4A_Handler                          0x00000451   Thumb Code     2  startup_tm4c123.o(.text)
    TIMER4B_Handler                          0x00000453   Thumb Code     2  startup_tm4c123.o(.text)
    TIMER5A_Handler                          0x00000455   Thumb Code     2  startup_tm4c123.o(.text)
    TIMER5B_Handler                          0x00000457   Thumb Code     2  startup_tm4c123.o(.text)
    WTIMER0A_Handler                         0x00000459   Thumb Code     2  startup_tm4c123.o(.text)
    WTIMER0B_Handler                         0x0000045b   Thumb Code     2  startup_tm4c123.o(.text)
    WTIMER1A_Handler                         0x0000045d   Thumb Code     2  startup_tm4c123.o(.text)
    WTIMER1B_Handler                         0x0000045f   Thumb Code     2  startup_tm4c123.o(.text)
    WTIMER2A_Handler                         0x00000461   Thumb Code     2  startup_tm4c123.o(.text)
    WTIMER2B_Handler                         0x00000463   Thumb Code     2  startup_tm4c123.o(.text)
    WTIMER3A_Handler                         0x00000465   Thumb Code     2  startup_tm4c123.o(.text)
    WTIMER3B_Handler                         0x00000467   Thumb Code     2  startup_tm4c123.o(.text)
    WTIMER4A_Handler                         0x00000469   Thumb Code     2  startup_tm4c123.o(.text)
    WTIMER4B_Handler                         0x0000046b   Thumb Code     2  startup_tm4c123.o(.text)
    WTIMER5A_Handler                         0x0000046d   Thumb Code     2  startup_tm4c123.o(.text)
    WTIMER5B_Handler                         0x0000046f   Thumb Code     2  startup_tm4c123.o(.text)
    FPU_Handler                              0x00000471   Thumb Code     2  startup_tm4c123.o(.text)
    I2C4_Handler                             0x00000473   Thumb Code     2  startup_tm4c123.o(.text)
    I2C5_Handler                             0x00000475   Thumb Code     2  startup_tm4c123.o(.text)
    GPIOM_Handler                            0x00000477   Thumb Code     2  startup_tm4c123.o(.text)
    GPION_Handler                            0x00000479   Thumb Code     2  startup_tm4c123.o(.text)
    QEI2_Handler                             0x0000047b   Thumb Code     2  startup_tm4c123.o(.text)
    GPIOP0_Handler                           0x0000047d   Thumb Code     2  startup_tm4c123.o(.text)
    GPIOP1_Handler                           0x0000047f   Thumb Code     2  startup_tm4c123.o(.text)
    GPIOP2_Handler                           0x00000481   Thumb Code     2  startup_tm4c123.o(.text)
    GPIOP3_Handler                           0x00000483   Thumb Code     2  startup_tm4c123.o(.text)
    GPIOP4_Handler                           0x00000485   Thumb Code     2  startup_tm4c123.o(.text)
    GPIOP5_Handler                           0x00000487   Thumb Code     2  startup_tm4c123.o(.text)
    GPIOP6_Handler                           0x00000489   Thumb Code     2  startup_tm4c123.o(.text)
    GPIOP7_Handler                           0x0000048b   Thumb Code     2  startup_tm4c123.o(.text)
    GPIOQ0_Handler                           0x0000048d   Thumb Code     2  startup_tm4c123.o(.text)
    GPIOQ1_Handler                           0x0000048f   Thumb Code     2  startup_tm4c123.o(.text)
    GPIOQ2_Handler                           0x00000491   Thumb Code     2  startup_tm4c123.o(.text)
    GPIOQ3_Handler                           0x00000493   Thumb Code     2  startup_tm4c123.o(.text)
    GPIOQ4_Handler                           0x00000495   Thumb Code     2  startup_tm4c123.o(.text)
    GPIOQ5_Handler                           0x00000497   Thumb Code     2  startup_tm4c123.o(.text)
    GPIOQ6_Handler                           0x00000499   Thumb Code     2  startup_tm4c123.o(.text)
    GPIOQ7_Handler                           0x0000049b   Thumb Code     2  startup_tm4c123.o(.text)
    GPIOR_Handler                            0x0000049d   Thumb Code     2  startup_tm4c123.o(.text)
    GPIOS_Handler                            0x0000049f   Thumb Code     2  startup_tm4c123.o(.text)
    PMW1_0_Handler                           0x000004a1   Thumb Code     2  startup_tm4c123.o(.text)
    PWM1_1_Handler                           0x000004a3   Thumb Code     2  startup_tm4c123.o(.text)
    PWM1_2_Handler                           0x000004a5   Thumb Code     2  startup_tm4c123.o(.text)
    PWM1_3_Handler                           0x000004a7   Thumb Code     2  startup_tm4c123.o(.text)
    PWM1_FAULT_Handler                       0x000004a9   Thumb Code     2  startup_tm4c123.o(.text)
    __user_initial_stackheap                 0x000004ad   Thumb Code     0  startup_tm4c123.o(.text)
    sprintf                                  0x000004cd   Thumb Code    38  sprintf.o(.text)
    __aeabi_memcpy                           0x000004f9   Thumb Code     0  rt_memcpy_v6.o(.text)
    __rt_memcpy                              0x000004f9   Thumb Code   138  rt_memcpy_v6.o(.text)
    _memcpy_lastbytes                        0x0000055f   Thumb Code     0  rt_memcpy_v6.o(.text)
    __aeabi_memset4                          0x00000583   Thumb Code    16  aeabi_memset4.o(.text)
    __aeabi_memset8                          0x00000583   Thumb Code     0  aeabi_memset4.o(.text)
    __use_two_region_memory                  0x00000593   Thumb Code     2  heapauxi.o(.text)
    __rt_heap_escrow$2region                 0x00000595   Thumb Code     2  heapauxi.o(.text)
    __rt_heap_expand$2region                 0x00000597   Thumb Code     2  heapauxi.o(.text)
    _printf_pre_padding                      0x00000599   Thumb Code    44  _printf_pad.o(.text)
    _printf_post_padding                     0x000005c5   Thumb Code    34  _printf_pad.o(.text)
    _printf_truncate_signed                  0x000005e7   Thumb Code    18  _printf_truncate.o(.text)
    _printf_truncate_unsigned                0x000005f9   Thumb Code    18  _printf_truncate.o(.text)
    _printf_str                              0x0000060b   Thumb Code    82  _printf_str.o(.text)
    _printf_int_dec                          0x0000065d   Thumb Code   104  _printf_dec.o(.text)
    _printf_charcount                        0x000006d5   Thumb Code    40  _printf_charcount.o(.text)
    _printf_char_common                      0x00000707   Thumb Code    32  _printf_char_common.o(.text)
    _sputc                                   0x0000072d   Thumb Code    10  _sputc.o(.text)
    _printf_wctomb                           0x00000739   Thumb Code   182  _printf_wctomb.o(.text)
    _printf_longlong_dec                     0x000007f5   Thumb Code   108  _printf_longlong_dec.o(.text)
    _printf_longlong_oct                     0x00000871   Thumb Code    68  _printf_oct_int_ll.o(.text)
    _printf_int_oct                          0x000008b5   Thumb Code    24  _printf_oct_int_ll.o(.text)
    _printf_ll_oct                           0x000008cd   Thumb Code    12  _printf_oct_int_ll.o(.text)
    _printf_longlong_hex                     0x000008e1   Thumb Code    86  _printf_hex_int_ll_ptr.o(.text)
    _printf_int_hex                          0x00000937   Thumb Code    28  _printf_hex_int_ll_ptr.o(.text)
    _printf_ll_hex                           0x00000953   Thumb Code    12  _printf_hex_int_ll_ptr.o(.text)
    _printf_hex_ptr                          0x0000095f   Thumb Code    18  _printf_hex_int_ll_ptr.o(.text)
    __printf                                 0x00000975   Thumb Code   388  __printf_flags_ss_wp.o(.text)
    __aeabi_memcpy4                          0x00000afd   Thumb Code     0  rt_memcpy_w.o(.text)
    __aeabi_memcpy8                          0x00000afd   Thumb Code     0  rt_memcpy_w.o(.text)
    __rt_memcpy_w                            0x00000afd   Thumb Code   100  rt_memcpy_w.o(.text)
    _memcpy_lastbytes_aligned                0x00000b45   Thumb Code     0  rt_memcpy_w.o(.text)
    __aeabi_memclr4                          0x00000b61   Thumb Code     0  rt_memclr_w.o(.text)
    __aeabi_memclr8                          0x00000b61   Thumb Code     0  rt_memclr_w.o(.text)
    __rt_memclr_w                            0x00000b61   Thumb Code     0  rt_memclr_w.o(.text)
    _memset_w                                0x00000b65   Thumb Code    74  rt_memclr_w.o(.text)
    _ll_udiv10                               0x00000baf   Thumb Code   138  lludiv10.o(.text)
    _printf_int_common                       0x00000c39   Thumb Code   178  _printf_intcommon.o(.text)
    _printf_fp_dec_real                      0x00000e9b   Thumb Code   620  _printf_fp_dec.o(.text)
    _printf_fp_hex_real                      0x00001109   Thumb Code   756  _printf_fp_hex.o(.text)
    _printf_cs_common                        0x00001405   Thumb Code    20  _printf_char.o(.text)
    _printf_char                             0x00001419   Thumb Code    16  _printf_char.o(.text)
    _printf_string                           0x00001429   Thumb Code     8  _printf_char.o(.text)
    _printf_lcs_common                       0x00001431   Thumb Code    20  _printf_wchar.o(.text)
    _printf_wchar                            0x00001445   Thumb Code    16  _printf_wchar.o(.text)
    _printf_wstring                          0x00001455   Thumb Code     8  _printf_wchar.o(.text)
    _c16rtomb                                0x0000145d   Thumb Code    72  _c16rtomb.o(.text)
    _wcrtomb                                 0x0000145d   Thumb Code     0  _c16rtomb.o(.text)
    __user_setup_stackheap                   0x000014a5   Thumb Code    74  sys_stackheap_outer.o(.text)
    __rt_ctype_table                         0x000014f1   Thumb Code    16  rt_ctype_table.o(.text)
    __rt_locale                              0x00001501   Thumb Code     8  rt_locale_intlibspace.o(.text)
    _printf_fp_infnan                        0x00001509   Thumb Code   112  _printf_fp_infnan.o(.text)
    _btod_etento                             0x00001589   Thumb Code   224  bigflt0.o(.text)
    exit                                     0x0000166d   Thumb Code    18  exit.o(.text)
    __user_libspace                          0x00001681   Thumb Code     8  libspace.o(.text)
    __user_perproc_libspace                  0x00001681   Thumb Code     0  libspace.o(.text)
    __user_perthread_libspace                0x00001681   Thumb Code     0  libspace.o(.text)
    strcmp                                   0x00001689   Thumb Code   124  strcmpv7em.o(.text)
    _sys_exit                                0x00001705   Thumb Code     8  sys_exit.o(.text)
    __I$use$semihosting                      0x00001711   Thumb Code     0  use_no_semi.o(.text)
    __use_no_semihosting_swi                 0x00001711   Thumb Code     2  use_no_semi.o(.text)
    __semihosting_library_function           0x00001713   Thumb Code     0  indicate_semi.o(.text)
    PendSV_Handler                           0x00001801   Thumb Code   100  port.o(.text.PendSV_Handler)
    PortAInit                                0x00001865   Thumb Code    46  init.o(.text.PortAInit)
    PortFInit                                0x00001895   Thumb Code   122  init.o(.text.PortFInit)
    SVC_Handler                              0x00001911   Thumb Code    36  port.o(.text.SVC_Handler)
    SysTick_Handler                          0x00001935   Thumb Code    60  port.o(.text.SysTick_Handler)
    SystemInit                               0x00001971   Thumb Code   268  system_tm4c123.o(.text.SystemInit)
    UART0Init                                0x00001a7d   Thumb Code    86  init.o(.text.UART0Init)
    eTaskConfirmSleepModeStatus              0x00001b59   Thumb Code   128  tasks.o(.text.eTaskConfirmSleepModeStatus)
    main                                     0x00001bd9   Thumb Code   166  main.o(.text.main)
    pvPortMalloc                             0x00002af9   Thumb Code   192  heap_1.o(.text.pvPortMalloc)
    pxPortInitialiseStack                    0x00002bb9   Thumb Code    94  port.o(.text.pxPortInitialiseStack)
    uxListRemove                             0x00002c19   Thumb Code    72  list.o(.text.uxListRemove)
    vListInitialise                          0x00002c61   Thumb Code    46  list.o(.text.vListInitialise)
    vListInitialiseItem                      0x00002c91   Thumb Code    14  list.o(.text.vListInitialiseItem)
    vListInsert                              0x00002ca1   Thumb Code   106  list.o(.text.vListInsert)
    vPortEnterCritical                       0x00002d21   Thumb Code    86  port.o(.text.vPortEnterCritical)
    vPortExitCritical                        0x00002d79   Thumb Code    74  port.o(.text.vPortExitCritical)
    vPortFree                                0x00002dc5   Thumb Code    36  heap_1.o(.text.vPortFree)
    vPortSetupTimerInterrupt                 0x00002de9   Thumb Code   120  port.o(.text.vPortSetupTimerInterrupt)
    vPortSuppressTicksAndSleep               0x00002e61   Thumb Code   524  port.o(.text.vPortSuppressTicksAndSleep)
    vQueueWaitForMessageRestricted           0x0000306d   Thumb Code   100  queue.o(.text.vQueueWaitForMessageRestricted)
    vTaskDelay                               0x000030d1   Thumb Code   110  tasks.o(.text.vTaskDelay)
    vTaskInternalSetTimeOutState             0x00003141   Thumb Code    36  tasks.o(.text.vTaskInternalSetTimeOutState)
    vTaskMissedYield                         0x00003165   Thumb Code    14  tasks.o(.text.vTaskMissedYield)
    vTaskPlaceOnEventList                    0x00003175   Thumb Code    66  tasks.o(.text.vTaskPlaceOnEventList)
    vTaskPlaceOnEventListRestricted          0x000031b9   Thumb Code   124  tasks.o(.text.vTaskPlaceOnEventListRestricted)
    vTaskStartScheduler                      0x00003235   Thumb Code   186  tasks.o(.text.vTaskStartScheduler)
    vTaskStepTick                            0x000032f1   Thumb Code    76  tasks.o(.text.vTaskStepTick)
    vTaskSuspendAll                          0x0000333d   Thumb Code    16  tasks.o(.text.vTaskSuspendAll)
    vTaskSwitchContext                       0x0000334d   Thumb Code   190  tasks.o(.text.vTaskSwitchContext)
    xPortStartScheduler                      0x0000340d   Thumb Code   342  port.o(.text.xPortStartScheduler)
    xQueueGenericCreate                      0x00003565   Thumb Code   154  queue.o(.text.xQueueGenericCreate)
    xQueueGenericReset                       0x00003601   Thumb Code   264  queue.o(.text.xQueueGenericReset)
    xQueueGenericSend                        0x00003709   Thumb Code   628  queue.o(.text.xQueueGenericSend)
    xQueueReceive                            0x0000397d   Thumb Code   476  queue.o(.text.xQueueReceive)
    xTaskCheckForTimeOut                     0x00003b59   Thumb Code   252  tasks.o(.text.xTaskCheckForTimeOut)
    xTaskCreate                              0x00003c55   Thumb Code   152  tasks.o(.text.xTaskCreate)
    xTaskGetSchedulerState                   0x00003ced   Thumb Code    56  tasks.o(.text.xTaskGetSchedulerState)
    xTaskGetTickCount                        0x00003d25   Thumb Code    20  tasks.o(.text.xTaskGetTickCount)
    xTaskIncrementTick                       0x00003d39   Thumb Code   608  tasks.o(.text.xTaskIncrementTick)
    xTaskPriorityDisinherit                  0x00003f99   Thumb Code   312  tasks.o(.text.xTaskPriorityDisinherit)
    xTaskRemoveFromEventList                 0x000040d1   Thumb Code   402  tasks.o(.text.xTaskRemoveFromEventList)
    xTaskResumeAll                           0x00004265   Thumb Code   546  tasks.o(.text.xTaskResumeAll)
    xTimerCreateTimerTask                    0x00004489   Thumb Code   106  timers.o(.text.xTimerCreateTimerTask)
    _btod_d2e                                0x000044f3   Thumb Code    62  btod.o(CL$$btod_d2e)
    _d2e_denorm_low                          0x00004531   Thumb Code    70  btod.o(CL$$btod_d2e_denorm_low)
    _d2e_norm_op1                            0x00004577   Thumb Code    96  btod.o(CL$$btod_d2e_norm_op1)
    __btod_div_common                        0x000045d9   Thumb Code   696  btod.o(CL$$btod_div_common)
    _e2e                                     0x00004911   Thumb Code   220  btod.o(CL$$btod_e2e)
    _btod_ediv                               0x000049ed   Thumb Code    42  btod.o(CL$$btod_ediv)
    _btod_emul                               0x00004a17   Thumb Code    42  btod.o(CL$$btod_emul)
    __btod_mult_common                       0x00004a41   Thumb Code   580  btod.o(CL$$btod_mult_common)
    GPIODirModeSet                           0x00004c85   Thumb Code    40  gpio.o(i.GPIODirModeSet)
    GPIOPadConfigSet                         0x00004cad   Thumb Code   354  gpio.o(i.GPIOPadConfigSet)
    GPIOPinRead                              0x00004e1d   Thumb Code     6  gpio.o(i.GPIOPinRead)
    GPIOPinTypeGPIOInput                     0x00004e23   Thumb Code    28  gpio.o(i.GPIOPinTypeGPIOInput)
    GPIOPinTypeGPIOOutput                    0x00004e3f   Thumb Code    28  gpio.o(i.GPIOPinTypeGPIOOutput)
    GPIOPinTypeUART                          0x00004e5b   Thumb Code    28  gpio.o(i.GPIOPinTypeUART)
    SysCtlClockGet                           0x00004e79   Thumb Code   304  sysctl.o(i.SysCtlClockGet)
    SysCtlPeripheralEnable                   0x00004fcd   Thumb Code    36  sysctl.o(i.SysCtlPeripheralEnable)
    SysCtlPeripheralReady                    0x00004ff5   Thumb Code    40  sysctl.o(i.SysCtlPeripheralReady)
    UARTCharPut                              0x00005021   Thumb Code    12  uart.o(i.UARTCharPut)
    UARTClockSourceSet                       0x0000502d   Thumb Code     6  uart.o(i.UARTClockSourceSet)
    UARTConfigSetExpClk                      0x00005033   Thumb Code   110  uart.o(i.UARTConfigSetExpClk)
    UARTDisable                              0x000050a1   Thumb Code    30  uart.o(i.UARTDisable)
    UARTEnable                               0x000050bf   Thumb Code    20  uart.o(i.UARTEnable)
    __ARM_fpclassify                         0x000050d3   Thumb Code    48  fpclassify.o(i.__ARM_fpclassify)
    _is_digit                                0x00005103   Thumb Code    14  __printf_wp.o(i._is_digit)
    _get_lc_numeric                          0x00005111   Thumb Code    44  lc_numeric_c.o(locale$$code)
    _get_lc_ctype                            0x0000513d   Thumb Code    44  lc_ctype_c.o(locale$$code)
    _fp_init                                 0x00005169   Thumb Code    26  fpinit.o(x$fpl$fpinit)
    __fplib_config_fpu_vfp                   0x00005181   Thumb Code     0  fpinit.o(x$fpl$fpinit)
    __fplib_config_pureend_doubles           0x00005181   Thumb Code     0  fpinit.o(x$fpl$fpinit)
    _printf_fp_dec                           0x00005183   Thumb Code     4  printf1.o(x$fpl$printf1)
    _printf_fp_hex                           0x00005187   Thumb Code     4  printf2.o(x$fpl$printf2)
    __I$use$fp                               0x0000518a   Number         0  usenofp.o(x$fpl$usenofp)
    uxTopUsedPriority                        0x00005510   Data           4  tasks.o(.rodata.uxTopUsedPriority)
    Region$$Table$$Base                      0x00005514   Number         0  anon$$obj.o(Region$$Table)
    Region$$Table$$Limit                     0x00005534   Number         0  anon$$obj.o(Region$$Table)
    __ctype                                  0x0000555d   Data           0  lc_ctype_c.o(locale$$data)
    SystemCoreClock                          0x20000000   Data           4  system_tm4c123.o(.data.SystemCoreClock)
    __libspace_start                         0x20000008   Data          96  libspace.o(.bss)
    __temporary_stack_top$libspace           0x20000068   Data           0  libspace.o(.bss)
    counter                                  0x20000068   Data           4  main.o(.bss.counter)
    pxCurrentTCB                             0x20000074   Data           4  tasks.o(.bss.pxCurrentTCB)
    xQueue                                   0x2000118c   Data           4  main.o(.bss.xQueue)



==============================================================================

Memory Map of the image

  Image Entry point : 0x000003b9

  Load Region LR_IROM1 (Base: 0x00000000, Size: 0x00005668, Max: 0x00040000, ABSOLUTE)

    Execution Region ER_IROM1 (Exec base: 0x00000000, Load base: 0x00000000, Size: 0x00005660, Max: 0x00040000, ABSOLUTE)

    Exec Addr    Load Addr    Size         Type   Attr      Idx    E Section Name        Object

    0x00000000   0x00000000   0x0000026c   Data   RO           42    RESET               startup_tm4c123.o
    0x0000026c   0x0000026c   0x00000008   Code   RO         1646  * !!!main             c_w.l(__main.o)
    0x00000274   0x00000274   0x00000034   Code   RO         1985    !!!scatter          c_w.l(__scatter.o)
    0x000002a8   0x000002a8   0x0000001a   Code   RO         1987    !!handler_copy      c_w.l(__scatter_copy.o)
    0x000002c2   0x000002c2   0x00000002   PAD
    0x000002c4   0x000002c4   0x0000001c   Code   RO         1989    !!handler_zi        c_w.l(__scatter_zi.o)
    0x000002e0   0x000002e0   0x00000000   Code   RO         1730    .ARM.Collect$$_printf_percent$$00000000  c_w.l(_printf_percent.o)
    0x000002e0   0x000002e0   0x00000006   Code   RO         1719    .ARM.Collect$$_printf_percent$$00000001  c_w.l(_printf_n.o)
    0x000002e6   0x000002e6   0x00000006   Code   RO         1721    .ARM.Collect$$_printf_percent$$00000002  c_w.l(_printf_p.o)
    0x000002ec   0x000002ec   0x00000006   Code   RO         1726    .ARM.Collect$$_printf_percent$$00000003  c_w.l(_printf_f.o)
    0x000002f2   0x000002f2   0x00000006   Code   RO         1727    .ARM.Collect$$_printf_percent$$00000004  c_w.l(_printf_e.o)
    0x000002f8   0x000002f8   0x00000006   Code   RO         1728    .ARM.Collect$$_printf_percent$$00000005  c_w.l(_printf_g.o)
    0x000002fe   0x000002fe   0x00000006   Code   RO         1729    .ARM.Collect$$_printf_percent$$00000006  c_w.l(_printf_a.o)
    0x00000304   0x00000304   0x0000000a   Code   RO         1734    .ARM.Collect$$_printf_percent$$00000007  c_w.l(_printf_ll.o)
    0x0000030e   0x0000030e   0x00000006   Code   RO         1723    .ARM.Collect$$_printf_percent$$00000008  c_w.l(_printf_i.o)
    0x00000314   0x00000314   0x00000006   Code   RO         1724    .ARM.Collect$$_printf_percent$$00000009  c_w.l(_printf_d.o)
    0x0000031a   0x0000031a   0x00000006   Code   RO         1725    .ARM.Collect$$_printf_percent$$0000000A  c_w.l(_printf_u.o)
    0x00000320   0x00000320   0x00000006   Code   RO         1722    .ARM.Collect$$_printf_percent$$0000000B  c_w.l(_printf_o.o)
    0x00000326   0x00000326   0x00000006   Code   RO         1720    .ARM.Collect$$_printf_percent$$0000000C  c_w.l(_printf_x.o)
    0x0000032c   0x0000032c   0x00000006   Code   RO         1731    .ARM.Collect$$_printf_percent$$0000000D  c_w.l(_printf_lli.o)
    0x00000332   0x00000332   0x00000006   Code   RO         1732    .ARM.Collect$$_printf_percent$$0000000E  c_w.l(_printf_lld.o)
    0x00000338   0x00000338   0x00000006   Code   RO         1733    .ARM.Collect$$_printf_percent$$0000000F  c_w.l(_printf_llu.o)
    0x0000033e   0x0000033e   0x00000006   Code   RO         1738    .ARM.Collect$$_printf_percent$$00000010  c_w.l(_printf_llo.o)
    0x00000344   0x00000344   0x00000006   Code   RO         1739    .ARM.Collect$$_printf_percent$$00000011  c_w.l(_printf_llx.o)
    0x0000034a   0x0000034a   0x0000000a   Code   RO         1735    .ARM.Collect$$_printf_percent$$00000012  c_w.l(_printf_l.o)
    0x00000354   0x00000354   0x00000006   Code   RO         1717    .ARM.Collect$$_printf_percent$$00000013  c_w.l(_printf_c.o)
    0x0000035a   0x0000035a   0x00000006   Code   RO         1718    .ARM.Collect$$_printf_percent$$00000014  c_w.l(_printf_s.o)
    0x00000360   0x00000360   0x00000006   Code   RO         1736    .ARM.Collect$$_printf_percent$$00000015  c_w.l(_printf_lc.o)
    0x00000366   0x00000366   0x00000006   Code   RO         1737    .ARM.Collect$$_printf_percent$$00000016  c_w.l(_printf_ls.o)
    0x0000036c   0x0000036c   0x00000004   Code   RO         1784    .ARM.Collect$$_printf_percent$$00000017  c_w.l(_printf_percent_end.o)
    0x00000370   0x00000370   0x00000002   Code   RO         1835    .ARM.Collect$$libinit$$00000000  c_w.l(libinit.o)
    0x00000372   0x00000372   0x00000004   Code   RO         1853    .ARM.Collect$$libinit$$00000001  c_w.l(libinit2.o)
    0x00000376   0x00000376   0x00000000   Code   RO         1856    .ARM.Collect$$libinit$$00000004  c_w.l(libinit2.o)
    0x00000376   0x00000376   0x00000000   Code   RO         1859    .ARM.Collect$$libinit$$0000000A  c_w.l(libinit2.o)
    0x00000376   0x00000376   0x00000000   Code   RO         1861    .ARM.Collect$$libinit$$0000000C  c_w.l(libinit2.o)
    0x00000376   0x00000376   0x00000000   Code   RO         1863    .ARM.Collect$$libinit$$0000000E  c_w.l(libinit2.o)
    0x00000376   0x00000376   0x00000006   Code   RO         1864    .ARM.Collect$$libinit$$0000000F  c_w.l(libinit2.o)
    0x0000037c   0x0000037c   0x00000000   Code   RO         1866    .ARM.Collect$$libinit$$00000011  c_w.l(libinit2.o)
    0x0000037c   0x0000037c   0x0000000c   Code   RO         1867    .ARM.Collect$$libinit$$00000012  c_w.l(libinit2.o)
    0x00000388   0x00000388   0x00000000   Code   RO         1868    .ARM.Collect$$libinit$$00000013  c_w.l(libinit2.o)
    0x00000388   0x00000388   0x00000000   Code   RO         1870    .ARM.Collect$$libinit$$00000015  c_w.l(libinit2.o)
    0x00000388   0x00000388   0x0000000a   Code   RO         1871    .ARM.Collect$$libinit$$00000016  c_w.l(libinit2.o)
    0x00000392   0x00000392   0x00000000   Code   RO         1872    .ARM.Collect$$libinit$$00000017  c_w.l(libinit2.o)
    0x00000392   0x00000392   0x00000000   Code   RO         1874    .ARM.Collect$$libinit$$00000019  c_w.l(libinit2.o)
    0x00000392   0x00000392   0x00000000   Code   RO         1876    .ARM.Collect$$libinit$$0000001B  c_w.l(libinit2.o)
    0x00000392   0x00000392   0x00000000   Code   RO         1878    .ARM.Collect$$libinit$$0000001D  c_w.l(libinit2.o)
    0x00000392   0x00000392   0x00000000   Code   RO         1880    .ARM.Collect$$libinit$$0000001F  c_w.l(libinit2.o)
    0x00000392   0x00000392   0x00000000   Code   RO         1882    .ARM.Collect$$libinit$$00000021  c_w.l(libinit2.o)
    0x00000392   0x00000392   0x00000000   Code   RO         1884    .ARM.Collect$$libinit$$00000023  c_w.l(libinit2.o)
    0x00000392   0x00000392   0x00000000   Code   RO         1886    .ARM.Collect$$libinit$$00000025  c_w.l(libinit2.o)
    0x00000392   0x00000392   0x00000000   Code   RO         1890    .ARM.Collect$$libinit$$0000002C  c_w.l(libinit2.o)
    0x00000392   0x00000392   0x00000000   Code   RO         1892    .ARM.Collect$$libinit$$0000002E  c_w.l(libinit2.o)
    0x00000392   0x00000392   0x00000000   Code   RO         1894    .ARM.Collect$$libinit$$00000030  c_w.l(libinit2.o)
    0x00000392   0x00000392   0x00000000   Code   RO         1896    .ARM.Collect$$libinit$$00000032  c_w.l(libinit2.o)
    0x00000392   0x00000392   0x00000002   Code   RO         1897    .ARM.Collect$$libinit$$00000033  c_w.l(libinit2.o)
    0x00000394   0x00000394   0x00000002   Code   RO         1921    .ARM.Collect$$libshutdown$$00000000  c_w.l(libshutdown.o)
    0x00000396   0x00000396   0x00000000   Code   RO         1936    .ARM.Collect$$libshutdown$$00000002  c_w.l(libshutdown2.o)
    0x00000396   0x00000396   0x00000000   Code   RO         1938    .ARM.Collect$$libshutdown$$00000004  c_w.l(libshutdown2.o)
    0x00000396   0x00000396   0x00000000   Code   RO         1941    .ARM.Collect$$libshutdown$$00000007  c_w.l(libshutdown2.o)
    0x00000396   0x00000396   0x00000000   Code   RO         1944    .ARM.Collect$$libshutdown$$0000000A  c_w.l(libshutdown2.o)
    0x00000396   0x00000396   0x00000000   Code   RO         1946    .ARM.Collect$$libshutdown$$0000000C  c_w.l(libshutdown2.o)
    0x00000396   0x00000396   0x00000000   Code   RO         1949    .ARM.Collect$$libshutdown$$0000000F  c_w.l(libshutdown2.o)
    0x00000396   0x00000396   0x00000002   Code   RO         1950    .ARM.Collect$$libshutdown$$00000010  c_w.l(libshutdown2.o)
    0x00000398   0x00000398   0x00000000   Code   RO         1648    .ARM.Collect$$rtentry$$00000000  c_w.l(__rtentry.o)
    0x00000398   0x00000398   0x00000000   Code   RO         1753    .ARM.Collect$$rtentry$$00000002  c_w.l(__rtentry2.o)
    0x00000398   0x00000398   0x00000006   Code   RO         1765    .ARM.Collect$$rtentry$$00000004  c_w.l(__rtentry4.o)
    0x0000039e   0x0000039e   0x00000000   Code   RO         1755    .ARM.Collect$$rtentry$$00000009  c_w.l(__rtentry2.o)
    0x0000039e   0x0000039e   0x00000004   Code   RO         1756    .ARM.Collect$$rtentry$$0000000A  c_w.l(__rtentry2.o)
    0x000003a2   0x000003a2   0x00000000   Code   RO         1758    .ARM.Collect$$rtentry$$0000000C  c_w.l(__rtentry2.o)
    0x000003a2   0x000003a2   0x00000008   Code   RO         1759    .ARM.Collect$$rtentry$$0000000D  c_w.l(__rtentry2.o)
    0x000003aa   0x000003aa   0x00000002   Code   RO         1844    .ARM.Collect$$rtexit$$00000000  c_w.l(rtexit.o)
    0x000003ac   0x000003ac   0x00000000   Code   RO         1899    .ARM.Collect$$rtexit$$00000002  c_w.l(rtexit2.o)
    0x000003ac   0x000003ac   0x00000004   Code   RO         1900    .ARM.Collect$$rtexit$$00000003  c_w.l(rtexit2.o)
    0x000003b0   0x000003b0   0x00000006   Code   RO         1901    .ARM.Collect$$rtexit$$00000004  c_w.l(rtexit2.o)
    0x000003b6   0x000003b6   0x00000002   PAD
    0x000003b8   0x000003b8   0x00000114   Code   RO           43  * .text               startup_tm4c123.o
    0x000004cc   0x000004cc   0x0000002c   Code   RO         1636    .text               c_w.l(sprintf.o)
    0x000004f8   0x000004f8   0x0000008a   Code   RO         1640    .text               c_w.l(rt_memcpy_v6.o)
    0x00000582   0x00000582   0x00000010   Code   RO         1642    .text               c_w.l(aeabi_memset4.o)
    0x00000592   0x00000592   0x00000006   Code   RO         1644    .text               c_w.l(heapauxi.o)
    0x00000598   0x00000598   0x0000004e   Code   RO         1651    .text               c_w.l(_printf_pad.o)
    0x000005e6   0x000005e6   0x00000024   Code   RO         1653    .text               c_w.l(_printf_truncate.o)
    0x0000060a   0x0000060a   0x00000052   Code   RO         1655    .text               c_w.l(_printf_str.o)
    0x0000065c   0x0000065c   0x00000078   Code   RO         1657    .text               c_w.l(_printf_dec.o)
    0x000006d4   0x000006d4   0x00000028   Code   RO         1659    .text               c_w.l(_printf_charcount.o)
    0x000006fc   0x000006fc   0x00000030   Code   RO         1661    .text               c_w.l(_printf_char_common.o)
    0x0000072c   0x0000072c   0x0000000a   Code   RO         1663    .text               c_w.l(_sputc.o)
    0x00000736   0x00000736   0x00000002   PAD
    0x00000738   0x00000738   0x000000bc   Code   RO         1665    .text               c_w.l(_printf_wctomb.o)
    0x000007f4   0x000007f4   0x0000007c   Code   RO         1668    .text               c_w.l(_printf_longlong_dec.o)
    0x00000870   0x00000870   0x00000070   Code   RO         1674    .text               c_w.l(_printf_oct_int_ll.o)
    0x000008e0   0x000008e0   0x00000094   Code   RO         1694    .text               c_w.l(_printf_hex_int_ll_ptr.o)
    0x00000974   0x00000974   0x00000188   Code   RO         1714    .text               c_w.l(__printf_flags_ss_wp.o)
    0x00000afc   0x00000afc   0x00000064   Code   RO         1740    .text               c_w.l(rt_memcpy_w.o)
    0x00000b60   0x00000b60   0x0000004e   Code   RO         1742    .text               c_w.l(rt_memclr_w.o)
    0x00000bae   0x00000bae   0x0000008a   Code   RO         1767    .text               c_w.l(lludiv10.o)
    0x00000c38   0x00000c38   0x000000b2   Code   RO         1769    .text               c_w.l(_printf_intcommon.o)
    0x00000cea   0x00000cea   0x0000041c   Code   RO         1771    .text               c_w.l(_printf_fp_dec.o)
    0x00001106   0x00001106   0x00000002   PAD
    0x00001108   0x00001108   0x000002fc   Code   RO         1775    .text               c_w.l(_printf_fp_hex.o)
    0x00001404   0x00001404   0x0000002c   Code   RO         1780    .text               c_w.l(_printf_char.o)
    0x00001430   0x00001430   0x0000002c   Code   RO         1782    .text               c_w.l(_printf_wchar.o)
    0x0000145c   0x0000145c   0x00000048   Code   RO         1785    .text               c_w.l(_c16rtomb.o)
    0x000014a4   0x000014a4   0x0000004a   Code   RO         1787    .text               c_w.l(sys_stackheap_outer.o)
    0x000014ee   0x000014ee   0x00000002   PAD
    0x000014f0   0x000014f0   0x00000010   Code   RO         1789    .text               c_w.l(rt_ctype_table.o)
    0x00001500   0x00001500   0x00000008   Code   RO         1794    .text               c_w.l(rt_locale_intlibspace.o)
    0x00001508   0x00001508   0x00000080   Code   RO         1796    .text               c_w.l(_printf_fp_infnan.o)
    0x00001588   0x00001588   0x000000e4   Code   RO         1798    .text               c_w.l(bigflt0.o)
    0x0000166c   0x0000166c   0x00000012   Code   RO         1828    .text               c_w.l(exit.o)
    0x0000167e   0x0000167e   0x00000002   PAD
    0x00001680   0x00001680   0x00000008   Code   RO         1841    .text               c_w.l(libspace.o)
    0x00001688   0x00001688   0x0000007c   Code   RO         1851    .text               c_w.l(strcmpv7em.o)
    0x00001704   0x00001704   0x0000000c   Code   RO         1911    .text               c_w.l(sys_exit.o)
    0x00001710   0x00001710   0x00000002   Code   RO         1926    .text               c_w.l(use_no_semi.o)
    0x00001712   0x00001712   0x00000000   Code   RO         1928    .text               c_w.l(indicate_semi.o)
    0x00001712   0x00001712   0x00000002   PAD
    0x00001714   0x00001714   0x0000005e   Code   RO            4    .text.BTN1_CHK_TASK  main.o
    0x00001772   0x00001772   0x00000002   PAD
    0x00001774   0x00001774   0x00000082   Code   RO            6    .text.BTN2_CHK_TASK  main.o
    0x000017f6   0x000017f6   0x0000000a   PAD
    0x00001800   0x00001800   0x00000064   Code   RO          102    .text.PendSV_Handler  port.o
    0x00001864   0x00001864   0x0000002e   Code   RO           27    .text.PortAInit     init.o
    0x00001892   0x00001892   0x00000002   PAD
    0x00001894   0x00001894   0x0000007a   Code   RO           25    .text.PortFInit     init.o
    0x0000190e   0x0000190e   0x00000002   PAD
    0x00001910   0x00001910   0x00000024   Code   RO           86    .text.SVC_Handler   port.o
    0x00001934   0x00001934   0x0000003c   Code   RO          104    .text.SysTick_Handler  port.o
    0x00001970   0x00001970   0x0000010c   Code   RO           54    .text.SystemInit    system_tm4c123.o
    0x00001a7c   0x00001a7c   0x00000056   Code   RO           29    .text.UART0Init     init.o
    0x00001ad2   0x00001ad2   0x00000002   PAD
    0x00001ad4   0x00001ad4   0x00000084   Code   RO            8    .text.UART_TASK     main.o
    0x00001b58   0x00001b58   0x00000080   Code   RO          322    .text.eTaskConfirmSleepModeStatus  tasks.o
    0x00001bd8   0x00001bd8   0x000000a6   Code   RO            2    .text.main          main.o
    0x00001c7e   0x00001c7e   0x00000002   PAD
    0x00001c80   0x00001c80   0x00000122   Code   RO          244    .text.prvAddCurrentTaskToDelayedList  tasks.o
    0x00001da2   0x00001da2   0x00000002   PAD
    0x00001da4   0x00001da4   0x00000154   Code   RO          232    .text.prvAddNewTaskToReadyList  tasks.o
    0x00001ef8   0x00001ef8   0x0000006a   Code   RO          398    .text.prvCheckForValidListAndQueue  timers.o
    0x00001f62   0x00001f62   0x00000002   PAD
    0x00001f64   0x00001f64   0x0000005a   Code   RO          362    .text.prvCheckTasksWaitingTermination  tasks.o
    0x00001fbe   0x00001fbe   0x00000002   PAD
    0x00001fc0   0x00001fc0   0x00000042   Code   RO          179    .text.prvCopyDataFromQueue  queue.o
    0x00002002   0x00002002   0x00000002   PAD
    0x00002004   0x00002004   0x000000cc   Code   RO          165    .text.prvCopyDataToQueue  queue.o
    0x000020d0   0x000020d0   0x00000018   Code   RO          238    .text.prvDeleteTCB  tasks.o
    0x000020e8   0x000020e8   0x0000007c   Code   RO          364    .text.prvGetExpectedIdleTime  tasks.o
    0x00002164   0x00002164   0x00000040   Code   RO          434    .text.prvGetNextExpireTime  timers.o
    0x000021a4   0x000021a4   0x0000009a   Code   RO          270    .text.prvIdleTask   tasks.o
    0x0000223e   0x0000223e   0x00000002   PAD
    0x00002240   0x00002240   0x0000004e   Code   RO          145    .text.prvInitialiseNewQueue  queue.o
    0x0000228e   0x0000228e   0x00000002   PAD
    0x00002290   0x00002290   0x00000146   Code   RO          230    .text.prvInitialiseNewTask  tasks.o
    0x000023d6   0x000023d6   0x00000002   PAD
    0x000023d8   0x000023d8   0x0000008e   Code   RO          360    .text.prvInitialiseTaskLists  tasks.o
    0x00002466   0x00002466   0x00000002   PAD
    0x00002468   0x00002468   0x00000086   Code   RO          448    .text.prvInsertTimerInActiveList  timers.o
    0x000024ee   0x000024ee   0x00000002   PAD
    0x000024f0   0x000024f0   0x00000028   Code   RO          181    .text.prvIsQueueEmpty  queue.o
    0x00002518   0x00002518   0x0000002e   Code   RO          169    .text.prvIsQueueFull  queue.o
    0x00002546   0x00002546   0x00000002   PAD
    0x00002548   0x00002548   0x000000d8   Code   RO          167    .text.prvNotifyQueueSetContainer  queue.o
    0x00002620   0x00002620   0x00000028   Code   RO           94    .text.prvPortStartFirstTask  port.o
    0x00002648   0x00002648   0x00000054   Code   RO          442    .text.prvProcessExpiredTimer  timers.o
    0x0000269c   0x0000269c   0x00000180   Code   RO          438    .text.prvProcessReceivedCommands  timers.o
    0x0000281c   0x0000281c   0x0000009a   Code   RO          436    .text.prvProcessTimerOrBlockTask  timers.o
    0x000028b6   0x000028b6   0x00000002   PAD
    0x000028b8   0x000028b8   0x00000034   Code   RO          446    .text.prvReloadTimer  timers.o
    0x000028ec   0x000028ec   0x0000003c   Code   RO          236    .text.prvResetNextTaskUnblockTime  tasks.o
    0x00002928   0x00002928   0x00000044   Code   RO          440    .text.prvSampleTimeNow  timers.o
    0x0000296c   0x0000296c   0x00000052   Code   RO          444    .text.prvSwitchTimerLists  timers.o
    0x000029be   0x000029be   0x00000002   PAD
    0x000029c0   0x000029c0   0x0000004c   Code   RO           84    .text.prvTaskExitError  port.o
    0x00002a0c   0x00002a0c   0x0000001e   Code   RO          400    .text.prvTimerTask  timers.o
    0x00002a2a   0x00002a2a   0x00000002   PAD
    0x00002a2c   0x00002a2c   0x000000cc   Code   RO          171    .text.prvUnlockQueue  queue.o
    0x00002af8   0x00002af8   0x000000c0   Code   RO          123    .text.pvPortMalloc  heap_1.o
    0x00002bb8   0x00002bb8   0x0000005e   Code   RO           82    .text.pxPortInitialiseStack  port.o
    0x00002c16   0x00002c16   0x00000002   PAD
    0x00002c18   0x00002c18   0x00000048   Code   RO           73    .text.uxListRemove  list.o
    0x00002c60   0x00002c60   0x0000002e   Code   RO           65    .text.vListInitialise  list.o
    0x00002c8e   0x00002c8e   0x00000002   PAD
    0x00002c90   0x00002c90   0x0000000e   Code   RO           67    .text.vListInitialiseItem  list.o
    0x00002c9e   0x00002c9e   0x00000002   PAD
    0x00002ca0   0x00002ca0   0x0000006a   Code   RO           71    .text.vListInsert   list.o
    0x00002d0a   0x00002d0a   0x00000002   PAD
    0x00002d0c   0x00002d0c   0x00000014   Code   RO           92    .text.vPortEnableVFP  port.o
    0x00002d20   0x00002d20   0x00000056   Code   RO           98    .text.vPortEnterCritical  port.o
    0x00002d76   0x00002d76   0x00000002   PAD
    0x00002d78   0x00002d78   0x0000004a   Code   RO          100    .text.vPortExitCritical  port.o
    0x00002dc2   0x00002dc2   0x00000002   PAD
    0x00002dc4   0x00002dc4   0x00000024   Code   RO          125    .text.vPortFree     heap_1.o
    0x00002de8   0x00002de8   0x00000078   Code   RO           90    .text.vPortSetupTimerInterrupt  port.o
    0x00002e60   0x00002e60   0x0000020c   Code   RO          106    .text.vPortSuppressTicksAndSleep  port.o
    0x0000306c   0x0000306c   0x00000064   Code   RO          209    .text.vQueueWaitForMessageRestricted  queue.o
    0x000030d0   0x000030d0   0x0000006e   Code   RO          248    .text.vTaskDelay    tasks.o
    0x0000313e   0x0000313e   0x00000002   PAD
    0x00003140   0x00003140   0x00000024   Code   RO          312    .text.vTaskInternalSetTimeOutState  tasks.o
    0x00003164   0x00003164   0x0000000e   Code   RO          316    .text.vTaskMissedYield  tasks.o
    0x00003172   0x00003172   0x00000002   PAD
    0x00003174   0x00003174   0x00000042   Code   RO          300    .text.vTaskPlaceOnEventList  tasks.o
    0x000031b6   0x000031b6   0x00000002   PAD
    0x000031b8   0x000031b8   0x0000007c   Code   RO          304    .text.vTaskPlaceOnEventListRestricted  tasks.o
    0x00003234   0x00003234   0x000000ba   Code   RO          268    .text.vTaskStartScheduler  tasks.o
    0x000032ee   0x000032ee   0x00000002   PAD
    0x000032f0   0x000032f0   0x0000004c   Code   RO          294    .text.vTaskStepTick  tasks.o
    0x0000333c   0x0000333c   0x00000010   Code   RO          242    .text.vTaskSuspendAll  tasks.o
    0x0000334c   0x0000334c   0x000000be   Code   RO          260    .text.vTaskSwitchContext  tasks.o
    0x0000340a   0x0000340a   0x00000002   PAD
    0x0000340c   0x0000340c   0x00000156   Code   RO           88    .text.xPortStartScheduler  port.o
    0x00003562   0x00003562   0x00000002   PAD
    0x00003564   0x00003564   0x0000009a   Code   RO          143    .text.xQueueGenericCreate  queue.o
    0x000035fe   0x000035fe   0x00000002   PAD
    0x00003600   0x00003600   0x00000108   Code   RO          141    .text.xQueueGenericReset  queue.o
    0x00003708   0x00003708   0x00000274   Code   RO          157    .text.xQueueGenericSend  queue.o
    0x0000397c   0x0000397c   0x000001dc   Code   RO          177    .text.xQueueReceive  queue.o
    0x00003b58   0x00003b58   0x000000fc   Code   RO          314    .text.xTaskCheckForTimeOut  tasks.o
    0x00003c54   0x00003c54   0x00000098   Code   RO          228    .text.xTaskCreate   tasks.o
    0x00003cec   0x00003cec   0x00000038   Code   RO          334    .text.xTaskGetSchedulerState  tasks.o
    0x00003d24   0x00003d24   0x00000014   Code   RO          276    .text.xTaskGetTickCount  tasks.o
    0x00003d38   0x00003d38   0x00000260   Code   RO          274    .text.xTaskIncrementTick  tasks.o
    0x00003f98   0x00003f98   0x00000138   Code   RO          338    .text.xTaskPriorityDisinherit  tasks.o
    0x000040d0   0x000040d0   0x00000192   Code   RO          306    .text.xTaskRemoveFromEventList  tasks.o
    0x00004262   0x00004262   0x00000002   PAD
    0x00004264   0x00004264   0x00000222   Code   RO          246    .text.xTaskResumeAll  tasks.o
    0x00004486   0x00004486   0x00000002   PAD
    0x00004488   0x00004488   0x0000006a   Code   RO          396    .text.xTimerCreateTimerTask  timers.o
    0x000044f2   0x000044f2   0x0000003e   Code   RO         1801    CL$$btod_d2e        c_w.l(btod.o)
    0x00004530   0x00004530   0x00000046   Code   RO         1803    CL$$btod_d2e_denorm_low  c_w.l(btod.o)
    0x00004576   0x00004576   0x00000060   Code   RO         1802    CL$$btod_d2e_norm_op1  c_w.l(btod.o)
    0x000045d6   0x000045d6   0x00000002   PAD
    0x000045d8   0x000045d8   0x00000338   Code   RO         1811    CL$$btod_div_common  c_w.l(btod.o)
    0x00004910   0x00004910   0x000000dc   Code   RO         1808    CL$$btod_e2e        c_w.l(btod.o)
    0x000049ec   0x000049ec   0x0000002a   Code   RO         1805    CL$$btod_ediv       c_w.l(btod.o)
    0x00004a16   0x00004a16   0x0000002a   Code   RO         1804    CL$$btod_emul       c_w.l(btod.o)
    0x00004a40   0x00004a40   0x00000244   Code   RO         1810    CL$$btod_mult_common  c_w.l(btod.o)
    0x00004c84   0x00004c84   0x00000028   Code   RO          469    i.GPIODirModeSet    driverlib.lib(gpio.o)
    0x00004cac   0x00004cac   0x00000170   Code   RO          481    i.GPIOPadConfigSet  driverlib.lib(gpio.o)
    0x00004e1c   0x00004e1c   0x00000006   Code   RO          483    i.GPIOPinRead       driverlib.lib(gpio.o)
    0x00004e22   0x00004e22   0x0000001c   Code   RO          492    i.GPIOPinTypeGPIOInput  driverlib.lib(gpio.o)
    0x00004e3e   0x00004e3e   0x0000001c   Code   RO          493    i.GPIOPinTypeGPIOOutput  driverlib.lib(gpio.o)
    0x00004e5a   0x00004e5a   0x0000001c   Code   RO          505    i.GPIOPinTypeUART   driverlib.lib(gpio.o)
    0x00004e76   0x00004e76   0x00000002   PAD
    0x00004e78   0x00004e78   0x00000154   Code   RO          805    i.SysCtlClockGet    driverlib.lib(sysctl.o)
    0x00004fcc   0x00004fcc   0x00000028   Code   RO          836    i.SysCtlPeripheralEnable  driverlib.lib(sysctl.o)
    0x00004ff4   0x00004ff4   0x0000002c   Code   RO          840    i.SysCtlPeripheralReady  driverlib.lib(sysctl.o)
    0x00005020   0x00005020   0x0000000c   Code   RO         1227    i.UARTCharPut       driverlib.lib(uart.o)
    0x0000502c   0x0000502c   0x00000006   Code   RO         1231    i.UARTClockSourceSet  driverlib.lib(uart.o)
    0x00005032   0x00005032   0x0000006e   Code   RO         1233    i.UARTConfigSetExpClk  driverlib.lib(uart.o)
    0x000050a0   0x000050a0   0x0000001e   Code   RO         1236    i.UARTDisable       driverlib.lib(uart.o)
    0x000050be   0x000050be   0x00000014   Code   RO         1238    i.UARTEnable        driverlib.lib(uart.o)
    0x000050d2   0x000050d2   0x00000030   Code   RO         1839    i.__ARM_fpclassify  m_wm.l(fpclassify.o)
    0x00005102   0x00005102   0x0000000e   Code   RO         1707    i._is_digit         c_w.l(__printf_wp.o)
    0x00005110   0x00005110   0x0000002c   Code   RO         1826    locale$$code        c_w.l(lc_numeric_c.o)
    0x0000513c   0x0000513c   0x0000002c   Code   RO         1849    locale$$code        c_w.l(lc_ctype_c.o)
    0x00005168   0x00005168   0x0000001a   Code   RO         1909    x$fpl$fpinit        fz_wm.l(fpinit.o)
    0x00005182   0x00005182   0x00000004   Code   RO         1744    x$fpl$printf1       fz_wm.l(printf1.o)
    0x00005186   0x00005186   0x00000004   Code   RO         1746    x$fpl$printf2       fz_wm.l(printf2.o)
    0x0000518a   0x0000518a   0x00000000   Code   RO         1838    x$fpl$usenofp       fz_wm.l(usenofp.o)
    0x0000518a   0x0000518a   0x00000002   PAD
    0x0000518c   0x0000518c   0x00000254   Data   RO          858    .constdata          driverlib.lib(sysctl.o)
    0x000053e0   0x000053e0   0x00000008   Data   RO         1666    .constdata          c_w.l(_printf_wctomb.o)
    0x000053e8   0x000053e8   0x00000028   Data   RO         1695    .constdata          c_w.l(_printf_hex_int_ll_ptr.o)
    0x00005410   0x00005410   0x00000011   Data   RO         1715    .constdata          c_w.l(__printf_flags_ss_wp.o)
    0x00005421   0x00005421   0x00000026   Data   RO         1776    .constdata          c_w.l(_printf_fp_hex.o)
    0x00005447   0x00005447   0x00000001   PAD
    0x00005448   0x00005448   0x00000094   Data   RO         1799    .constdata          c_w.l(bigflt0.o)
    0x000054dc   0x000054dc   0x00000027   Data   RO           12    .rodata.str1.1      main.o
    0x00005503   0x00005503   0x00000005   Data   RO          382    .rodata.str1.1      tasks.o
    0x00005508   0x00005508   0x00000008   Data   RO          451    .rodata.str1.1      timers.o
    0x00005510   0x00005510   0x00000004   Data   RO          367    .rodata.uxTopUsedPriority  tasks.o
    0x00005514   0x00005514   0x00000020   Data   RO         1984    Region$$Table       anon$$obj.o
    0x00005534   0x00005534   0x0000001c   Data   RO         1825    locale$$data        c_w.l(lc_numeric_c.o)
    0x00005550   0x00005550   0x00000110   Data   RO         1848    locale$$data        c_w.l(lc_ctype_c.o)


    Execution Region RW_IRAM1 (Exec base: 0x20000000, Load base: 0x00005660, Size: 0x000013d0, Max: 0x00008000, ABSOLUTE)

    Exec Addr    Load Addr    Size         Type   Attr      Idx    E Section Name        Object

    0x20000000   0x00005660   0x00000004   Data   RW           56    .data.SystemCoreClock  system_tm4c123.o
    0x20000004   0x00005664   0x00000004   Data   RW          112    .data.uxCriticalNesting  port.o
    0x20000008        -       0x00000060   Zero   RW         1842    .bss                c_w.l(libspace.o)
    0x20000068        -       0x00000004   Zero   RW           10    .bss.counter        main.o
    0x2000006c        -       0x00000004   Zero   RW          455    .bss.prvSampleTimeNow.xLastTime  timers.o
    0x20000070        -       0x00000004   Zero   RW          131    .bss.pvPortMalloc.pucAlignedHeap  heap_1.o
    0x20000074        -       0x00000004   Zero   RW          366    .bss.pxCurrentTCB   tasks.o
    0x20000078        -       0x00000004   Zero   RW          453    .bss.pxCurrentTimerList  timers.o
    0x2000007c        -       0x00000004   Zero   RW          377    .bss.pxDelayedTaskList  tasks.o
    0x20000080        -       0x00000004   Zero   RW          378    .bss.pxOverflowDelayedTaskList  tasks.o
    0x20000084        -       0x00000004   Zero   RW          454    .bss.pxOverflowTimerList  timers.o
    0x20000088        -       0x00000064   Zero   RW          368    .bss.pxReadyTasksLists  tasks.o
    0x200000ec        -       0x00001000   Zero   RW          132    .bss.ucHeap         heap_1.o
    0x200010ec        -       0x00000001   Zero   RW          110    .bss.ucMaxSysCallPriority  port.o
    0x200010ed   0x00005668   0x00000003   PAD
    0x200010f0        -       0x00000004   Zero   RW          111    .bss.ulMaxPRIGROUPValue  port.o
    0x200010f4        -       0x00000004   Zero   RW          115    .bss.ulStoppedTimerCompensation  port.o
    0x200010f8        -       0x00000004   Zero   RW          114    .bss.ulTimerCountsForOneTick  port.o
    0x200010fc        -       0x00000004   Zero   RW          373    .bss.uxCurrentNumberOfTasks  tasks.o
    0x20001100        -       0x00000004   Zero   RW          372    .bss.uxDeletedTasksWaitingCleanUp  tasks.o
    0x20001104        -       0x00000004   Zero   RW          375    .bss.uxSchedulerSuspended  tasks.o
    0x20001108        -       0x00000004   Zero   RW          370    .bss.uxTaskNumber   tasks.o
    0x2000110c        -       0x00000004   Zero   RW          369    .bss.uxTopReadyPriority  tasks.o
    0x20001110        -       0x00000014   Zero   RW          456    .bss.xActiveTimerList1  timers.o
    0x20001124        -       0x00000014   Zero   RW          457    .bss.xActiveTimerList2  timers.o
    0x20001138        -       0x00000014   Zero   RW          387    .bss.xDelayedTaskList1  tasks.o
    0x2000114c        -       0x00000014   Zero   RW          388    .bss.xDelayedTaskList2  tasks.o
    0x20001160        -       0x00000004   Zero   RW          383    .bss.xIdleTaskHandle  tasks.o
    0x20001164        -       0x00000004   Zero   RW          113    .bss.xMaximumPossibleSuppressedTicks  port.o
    0x20001168        -       0x00000004   Zero   RW          133    .bss.xNextFreeByte  heap_1.o
    0x2000116c        -       0x00000004   Zero   RW          384    .bss.xNextTaskUnblockTime  tasks.o
    0x20001170        -       0x00000004   Zero   RW          386    .bss.xNumOfOverflows  tasks.o
    0x20001174        -       0x00000004   Zero   RW          385    .bss.xPendedTicks   tasks.o
    0x20001178        -       0x00000014   Zero   RW          381    .bss.xPendingReadyList  tasks.o
    0x2000118c        -       0x00000004   Zero   RW           11    .bss.xQueue         main.o
    0x20001190        -       0x00000004   Zero   RW          374    .bss.xSchedulerRunning  tasks.o
    0x20001194        -       0x00000014   Zero   RW          379    .bss.xSuspendedTaskList  tasks.o
    0x200011a8        -       0x00000014   Zero   RW          371    .bss.xTasksWaitingTermination  tasks.o
    0x200011bc        -       0x00000004   Zero   RW          376    .bss.xTickCount     tasks.o
    0x200011c0        -       0x00000004   Zero   RW          450    .bss.xTimerQueue    timers.o
    0x200011c4        -       0x00000004   Zero   RW          452    .bss.xTimerTaskHandle  timers.o
    0x200011c8        -       0x00000004   Zero   RW          380    .bss.xYieldPending  tasks.o
    0x200011cc   0x00005668   0x00000004   PAD
    0x200011d0        -       0x00000000   Zero   RW           41    HEAP                startup_tm4c123.o
    0x200011d0        -       0x00000200   Zero   RW           40    STACK               startup_tm4c123.o


==============================================================================

Image component sizes


      Code (inc. data)   RO Data    RW Data    ZI Data      Debug   Object Name

       228          0          0          0       4104       1819   heap_1.o
       254          0          0          0          0       1252   init.o
       238          0          0          0          0       2375   list.o
       522          0         39          0          8       1829   main.o
      1572         16          0          4         17       4917   port.o
      2476          0          0          0          0      17027   queue.o
       276         24        620          0        512       5524   startup_tm4c123.o
       268          0          0          4          0       6787   system_tm4c123.o
      4844          0          9          0        260      27229   tasks.o
      1264         10          8          0         60       9504   timers.o

    ----------------------------------------------------------------------
     12018         50        708          8       4968      78263   Object Totals
         0          0         32          0          0          0   (incl. Generated)
        76          0          0          0          7          0   (incl. Padding)

    ----------------------------------------------------------------------

      Code (inc. data)   RO Data    RW Data    ZI Data      Debug   Library Member Name

         8          0          0          0          0         68   __main.o
       392          4         17          0          0         92   __printf_flags_ss_wp.o
        14          0          0          0          0         68   __printf_wp.o
         0          0          0          0          0          0   __rtentry.o
        12          0          0          0          0          0   __rtentry2.o
         6          0          0          0          0          0   __rtentry4.o
        52          8          0          0          0          0   __scatter.o
        26          0          0          0          0          0   __scatter_copy.o
        28          0          0          0          0          0   __scatter_zi.o
        72          0          0          0          0         96   _c16rtomb.o
         6          0          0          0          0          0   _printf_a.o
         6          0          0          0          0          0   _printf_c.o
        44          0          0          0          0        108   _printf_char.o
        48          6          0          0          0         96   _printf_char_common.o
        40          0          0          0          0         68   _printf_charcount.o
         6          0          0          0          0          0   _printf_d.o
       120         16          0          0          0         92   _printf_dec.o
         6          0          0          0          0          0   _printf_e.o
         6          0          0          0          0          0   _printf_f.o
      1052          0          0          0          0        148   _printf_fp_dec.o
       764          8         38          0          0        100   _printf_fp_hex.o
       128         16          0          0          0         84   _printf_fp_infnan.o
         6          0          0          0          0          0   _printf_g.o
       148          4         40          0          0        160   _printf_hex_int_ll_ptr.o
         6          0          0          0          0          0   _printf_i.o
       178          0          0          0          0         88   _printf_intcommon.o
        10          0          0          0          0          0   _printf_l.o
         6          0          0          0          0          0   _printf_lc.o
        10          0          0          0          0          0   _printf_ll.o
         6          0          0          0          0          0   _printf_lld.o
         6          0          0          0          0          0   _printf_lli.o
         6          0          0          0          0          0   _printf_llo.o
         6          0          0          0          0          0   _printf_llu.o
         6          0          0          0          0          0   _printf_llx.o
       124         16          0          0          0         92   _printf_longlong_dec.o
         6          0          0          0          0          0   _printf_ls.o
         6          0          0          0          0          0   _printf_n.o
         6          0          0          0          0          0   _printf_o.o
       112          8          0          0          0        124   _printf_oct_int_ll.o
         6          0          0          0          0          0   _printf_p.o
        78          0          0          0          0        108   _printf_pad.o
         0          0          0          0          0          0   _printf_percent.o
         4          0          0          0          0          0   _printf_percent_end.o
         6          0          0          0          0          0   _printf_s.o
        82          0          0          0          0         80   _printf_str.o
        36          0          0          0          0         84   _printf_truncate.o
         6          0          0          0          0          0   _printf_u.o
        44          0          0          0          0        108   _printf_wchar.o
       188          6          8          0          0         92   _printf_wctomb.o
         6          0          0          0          0          0   _printf_x.o
        10          0          0          0          0         68   _sputc.o
        16          0          0          0          0         68   aeabi_memset4.o
       228          4        148          0          0         96   bigflt0.o
      1936        128          0          0          0        668   btod.o
        18          0          0          0          0         80   exit.o
         6          0          0          0          0        152   heapauxi.o
         0          0          0          0          0          0   indicate_semi.o
        44         10        272          0          0         76   lc_ctype_c.o
        44         10         28          0          0         76   lc_numeric_c.o
         2          0          0          0          0          0   libinit.o
        34          0          0          0          0          0   libinit2.o
         2          0          0          0          0          0   libshutdown.o
         2          0          0          0          0          0   libshutdown2.o
         8          4          0          0         96         68   libspace.o
       138          0          0          0          0         80   lludiv10.o
        16          4          0          0          0         76   rt_ctype_table.o
         8          4          0          0          0         68   rt_locale_intlibspace.o
        78          0          0          0          0         80   rt_memclr_w.o
       138          0          0          0          0         68   rt_memcpy_v6.o
       100          0          0          0          0         80   rt_memcpy_w.o
         2          0          0          0          0          0   rtexit.o
        10          0          0          0          0          0   rtexit2.o
        44          6          0          0          0         84   sprintf.o
       124          0          0          0          0         88   strcmpv7em.o
        12          4          0          0          0         68   sys_exit.o
        74          0          0          0          0         80   sys_stackheap_outer.o
         2          0          0          0          0         68   use_no_semi.o
       498         14          0          0          0       8855   gpio.o
       424         44        596          0          0       3674   sysctl.o
       178          0          0          0          0       3406   uart.o
        26          0          0          0          0        116   fpinit.o
         4          0          0          0          0        116   printf1.o
         4          0          0          0          0        116   printf2.o
         0          0          0          0          0          0   usenofp.o
        48          0          0          0          0        124   fpclassify.o

    ----------------------------------------------------------------------
      8238        324       1148          0         96      20555   Library Totals
        20          0          1          0          0          0   (incl. Padding)

    ----------------------------------------------------------------------

      Code (inc. data)   RO Data    RW Data    ZI Data      Debug   Library Name

      7036        266        551          0         96       4148   c_w.l
      1100         58        596          0          0      15935   driverlib.lib
        34          0          0          0          0        348   fz_wm.l
        48          0          0          0          0        124   m_wm.l

    ----------------------------------------------------------------------
      8238        324       1148          0         96      20555   Library Totals

    ----------------------------------------------------------------------

==============================================================================


      Code (inc. data)   RO Data    RW Data    ZI Data      Debug   

     20256        374       1856          8       5064      95222   Grand Totals
     20256        374       1856          8       5064      95222   ELF Image Totals
     20256        374       1856          8          0          0   ROM Totals

==============================================================================

    Total RO  Size (Code + RO Data)                22112 (  21.59kB)
    Total RW  Size (RW Data + ZI Data)              5072 (   4.95kB)
    Total ROM Size (Code + RO Data + RW Data)      22120 (  21.60kB)

==============================================================================

