Component: ARM Compiler 6.16 Tool: armlink [5dfeaa00]

==============================================================================

Section Cross References

    main.o(.text.main) refers to init.o(.text.PortFInit) for PortFInit
    main.o(.text.main) refers to queue.o(.text.xQueueGenericCreate) for xQueueGenericCreate
    main.o(.text.main) refers to main.o(.bss.xQueue) for xQueue
    main.o(.text.main) refers to main.o(.text.BTN1_CHK_TASK) for BTN1_CHK_TASK
    main.o(.text.main) refers to main.o(.rodata.str1.1) for .L.str
    main.o(.text.main) refers to tasks.o(.text.xTaskCreate) for xTaskCreate
    main.o(.text.main) refers to main.o(.text.BTN2_CHK_TASK) for BTN2_CHK_TASK
    main.o(.text.main) refers to tasks.o(.text.vTaskStartScheduler) for vTaskStartScheduler
    main.o(.ARM.exidx.text.main) refers to main.o(.text.main) for [Anonymous Symbol]
    main.o(.text.BTN1_CHK_TASK) refers to gpio.o(i.GPIOPinRead) for GPIOPinRead
    main.o(.text.BTN1_CHK_TASK) refers to main.o(.bss.counter) for counter
    main.o(.ARM.exidx.text.BTN1_CHK_TASK) refers to main.o(.text.BTN1_CHK_TASK) for [Anonymous Symbol]
    main.o(.text.BTN2_CHK_TASK) refers to gpio.o(i.GPIOPinRead) for GPIOPinRead
    main.o(.text.BTN2_CHK_TASK) refers to main.o(.bss.xQueue) for xQueue
    main.o(.text.BTN2_CHK_TASK) refers to main.o(.bss.counter) for counter
    main.o(.text.BTN2_CHK_TASK) refers to queue.o(.text.xQueueGenericSend) for xQueueGenericSend
    main.o(.ARM.exidx.text.BTN2_CHK_TASK) refers to main.o(.text.BTN2_CHK_TASK) for [Anonymous Symbol]
    main.o(.ARM.exidx.text.vApplicationIdleHook) refers to main.o(.text.vApplicationIdleHook) for [Anonymous Symbol]
    init.o(.ARM.exidx.text.CalcTicks) refers to init.o(.text.CalcTicks) for [Anonymous Symbol]
    init.o(.text.Systick_Handler) refers to init.o(.bss.tickcounter) for tickcounter
    init.o(.ARM.exidx.text.Systick_Handler) refers to init.o(.text.Systick_Handler) for [Anonymous Symbol]
    init.o(.text.PortFInit) refers to sysctl.o(i.SysCtlPeripheralEnable) for SysCtlPeripheralEnable
    init.o(.text.PortFInit) refers to sysctl.o(i.SysCtlPeripheralReady) for SysCtlPeripheralReady
    init.o(.text.PortFInit) refers to gpio.o(i.GPIOPinTypeGPIOInput) for GPIOPinTypeGPIOInput
    init.o(.text.PortFInit) refers to gpio.o(i.GPIOPadConfigSet) for GPIOPadConfigSet
    init.o(.text.PortFInit) refers to gpio.o(i.GPIOPinTypeGPIOOutput) for GPIOPinTypeGPIOOutput
    init.o(.ARM.exidx.text.PortFInit) refers to init.o(.text.PortFInit) for [Anonymous Symbol]
    init.o(.text.UARTInit) refers to sysctl.o(i.SysCtlPeripheralEnable) for SysCtlPeripheralEnable
    init.o(.text.UARTInit) refers to sysctl.o(i.SysCtlPeripheralReady) for SysCtlPeripheralReady
    init.o(.text.UARTInit) refers to uart.o(i.UARTDisable) for UARTDisable
    init.o(.text.UARTInit) refers to sysctl.o(i.SysCtlClockGet) for SysCtlClockGet
    init.o(.text.UARTInit) refers to uart.o(i.UARTConfigSetExpClk) for UARTConfigSetExpClk
    init.o(.text.UARTInit) refers to uart.o(i.UARTEnable) for UARTEnable
    init.o(.ARM.exidx.text.UARTInit) refers to init.o(.text.UARTInit) for [Anonymous Symbol]
    init.o(.text.Systick_Init) refers to systick.o(i.SysTickDisable) for SysTickDisable
    init.o(.text.Systick_Init) refers to systick.o(i.SysTickIntDisable) for SysTickIntDisable
    init.o(.text.Systick_Init) refers to init.o(.text.Systick_Handler) for Systick_Handler
    init.o(.text.Systick_Init) refers to systick.o(i.SysTickIntRegister) for SysTickIntRegister
    init.o(.text.Systick_Init) refers to init.o(.text.CalcTicks) for CalcTicks
    init.o(.text.Systick_Init) refers to systick.o(i.SysTickPeriodSet) for SysTickPeriodSet
    init.o(.text.Systick_Init) refers to systick.o(i.SysTickIntEnable) for SysTickIntEnable
    init.o(.text.Systick_Init) refers to systick.o(i.SysTickEnable) for SysTickEnable
    init.o(.ARM.exidx.text.Systick_Init) refers to init.o(.text.Systick_Init) for [Anonymous Symbol]
    basic_io.o(.text.vPrintString) refers to tasks.o(.text.vTaskSuspendAll) for vTaskSuspendAll
    basic_io.o(.text.vPrintString) refers to printf.o(.text) for printf
    basic_io.o(.text.vPrintString) refers to tasks.o(.text.xTaskResumeAll) for xTaskResumeAll
    basic_io.o(.ARM.exidx.text.vPrintString) refers to basic_io.o(.text.vPrintString) for [Anonymous Symbol]
    basic_io.o(.text.vPrintStringAndNumber) refers to tasks.o(.text.vTaskSuspendAll) for vTaskSuspendAll
    basic_io.o(.text.vPrintStringAndNumber) refers to basic_io.o(.rodata.str1.1) for .L.str
    basic_io.o(.text.vPrintStringAndNumber) refers to printf.o(.text) for printf
    basic_io.o(.text.vPrintStringAndNumber) refers to tasks.o(.text.xTaskResumeAll) for xTaskResumeAll
    basic_io.o(.ARM.exidx.text.vPrintStringAndNumber) refers to basic_io.o(.text.vPrintStringAndNumber) for [Anonymous Symbol]
    basic_io.o(.ARM.exidx.text.fputc) refers to basic_io.o(.text.fputc) for [Anonymous Symbol]
[...]
    ../clib/printf.c                         0x00000000   Number         0  _printf_char_common.o ABSOLUTE
    ../clib/printf.c                         0x00000000   Number         0  _printf_char.o ABSOLUTE
    ../clib/printf.c                         0x00000000   Number         0  _printf_wchar.o ABSOLUTE
    ../clib/printf.c                         0x00000000   Number         0  _printf_fp_infnan.o ABSOLUTE
    ../clib/printf.c                         0x00000000   Number         0  __printf_nopercent.o ABSOLUTE
    ../clib/printf_percent.s                 0x00000000   Number         0  _printf_c.o ABSOLUTE
    ../clib/printf_percent.s                 0x00000000   Number         0  _printf_s.o ABSOLUTE
    ../clib/printf_percent.s                 0x00000000   Number         0  _printf_n.o ABSOLUTE
    ../clib/printf_percent.s                 0x00000000   Number         0  _printf_x.o ABSOLUTE
    ../clib/printf_percent.s                 0x00000000   Number         0  _printf_p.o ABSOLUTE
    ../clib/printf_percent.s                 0x00000000   Number         0  _printf_o.o ABSOLUTE
    ../clib/printf_percent.s                 0x00000000   Number         0  _printf_i.o ABSOLUTE
    ../clib/printf_percent.s                 0x00000000   Number         0  _printf_d.o ABSOLUTE
    ../clib/printf_percent.s                 0x00000000   Number         0  _printf_u.o ABSOLUTE
    ../clib/printf_percent.s                 0x00000000   Number         0  _printf_f.o ABSOLUTE
    ../clib/printf_percent.s                 0x00000000   Number         0  _printf_e.o ABSOLUTE
    ../clib/printf_percent.s                 0x00000000   Number         0  _printf_g.o ABSOLUTE
    ../clib/printf_percent.s                 0x00000000   Number         0  _printf_a.o ABSOLUTE
    ../clib/printf_percent.s                 0x00000000   Number         0  _printf_percent.o ABSOLUTE
    ../clib/printf_percent.s                 0x00000000   Number         0  _printf_lli.o ABSOLUTE
    ../clib/printf_percent.s                 0x00000000   Number         0  _printf_lld.o ABSOLUTE
    ../clib/printf_percent.s                 0x00000000   Number         0  _printf_llu.o ABSOLUTE
    ../clib/printf_percent.s                 0x00000000   Number         0  _printf_ll.o ABSOLUTE
    ../clib/printf_percent.s                 0x00000000   Number         0  _printf_l.o ABSOLUTE
    ../clib/printf_percent.s                 0x00000000   Number         0  _printf_lc.o ABSOLUTE
    ../clib/printf_percent.s                 0x00000000   Number         0  _printf_ls.o ABSOLUTE
    ../clib/printf_percent.s                 0x00000000   Number         0  _printf_llo.o ABSOLUTE
    ../clib/printf_percent.s                 0x00000000   Number         0  _printf_llx.o ABSOLUTE
    ../clib/printf_percent.s                 0x00000000   Number         0  _printf_percent_end.o ABSOLUTE
    ../clib/signal.c                         0x00000000   Number         0  defsig_rtred_outer.o ABSOLUTE
    ../clib/signal.c                         0x00000000   Number         0  defsig_rtred_formal.o ABSOLUTE
    ../clib/signal.c                         0x00000000   Number         0  defsig_exit.o ABSOLUTE
    ../clib/signal.c                         0x00000000   Number         0  defsig_rtred_inner.o ABSOLUTE
    ../clib/signal.c                         0x00000000   Number         0  __raise.o ABSOLUTE
    ../clib/signal.c                         0x00000000   Number         0  defsig_general.o ABSOLUTE
    ../clib/signal.c                         0x00000000   Number         0  defsig_rtmem_outer.o ABSOLUTE
    ../clib/signal.c                         0x00000000   Number         0  defsig_rtmem_formal.o ABSOLUTE
    ../clib/signal.c                         0x00000000   Number         0  defsig_rtmem_inner.o ABSOLUTE
    ../clib/signal.c                         0x00000000   Number         0  defsig_abrt_inner.o ABSOLUTE
    ../clib/signal.c                         0x00000000   Number         0  defsig_fpe_inner.o ABSOLUTE
    ../clib/signal.c                         0x00000000   Number         0  defsig_stak_inner.o ABSOLUTE
    ../clib/signal.c                         0x00000000   Number         0  defsig_pvfn_inner.o ABSOLUTE
    ../clib/signal.c                         0x00000000   Number         0  defsig_cppl_inner.o ABSOLUTE
    ../clib/signal.c                         0x00000000   Number         0  defsig_segv_inner.o ABSOLUTE
    ../clib/signal.c                         0x00000000   Number         0  defsig_other.o ABSOLUTE
    ../clib/signal.s                         0x00000000   Number         0  defsig.o ABSOLUTE
    ../clib/stdio.c                          0x00000000   Number         0  stdio_streams.o ABSOLUTE
    ../clib/stdio.c                          0x00000000   Number         0  ferror.o ABSOLUTE
    ../clib/stdio.c                          0x00000000   Number         0  initio.o ABSOLUTE
    ../clib/stdio.c                          0x00000000   Number         0  ferror_locked.o ABSOLUTE
    ../clib/stdio.c                          0x00000000   Number         0  initio_locked.o ABSOLUTE
    ../clib/stdio.c                          0x00000000   Number         0  setvbuf.o ABSOLUTE
    ../clib/stdio.c                          0x00000000   Number         0  streamlock.o ABSOLUTE
    ../clib/stdio.c                          0x00000000   Number         0  fopen.o ABSOLUTE
    ../clib/stdio.c                          0x00000000   Number         0  fclose.o ABSOLUTE
    ../clib/stdio.c                          0x00000000   Number         0  setvbuf_locked.o ABSOLUTE
    ../clib/stdio.c                          0x00000000   Number         0  fopen_locked.o ABSOLUTE
    ../clib/stdio.c                          0x00000000   Number         0  fseek.o ABSOLUTE
    ../clib/stdio.c                          0x00000000   Number         0  stdio.o ABSOLUTE
    ../clib/stdio.c                          0x00000000   Number         0  ftell.o ABSOLUTE
    ../clib/stdlib.c                         0x00000000   Number         0  exit.o ABSOLUTE
    ../clib/string.c                         0x00000000   Number         0  strlen.o ABSOLUTE
    ../fplib/fpinit.s                        0x00000000   Number         0  fpinit.o ABSOLUTE
    ../fplib/istatus.s                       0x00000000   Number         0  istatus.o ABSOLUTE
    ../fplib/printf1.s                       0x00000000   Number         0  printf1.o ABSOLUTE
    ../fplib/printf2.s                       0x00000000   Number         0  printf2.o ABSOLUTE
    ../fplib/printf2a.s                      0x00000000   Number         0  printf2a.o ABSOLUTE
    ../fplib/printf2b.s                      0x00000000   Number         0  printf2b.o ABSOLUTE
    ../fplib/usenofp.s                       0x00000000   Number         0  usenofp.o ABSOLUTE
    ../mathlib/fpclassify.c                  0x00000000   Number         0  fpclassify.o ABSOLUTE
    Init.c                                   0x00000000   Number         0  init.o ABSOLUTE
    RTE/Device/TM4C123GH6PM/startup_TM4C123.s 0x00000000   Number         0  startup_tm4c123.o ABSOLUTE
    basic_io.c                               0x00000000   Number         0  basic_io.o ABSOLUTE
    cpu.c                                    0x00000000   Number         0  cpu.o ABSOLUTE
    cpu.c                                    0x00000000   Number         0  cpu.o ABSOLUTE
    dc.s                                     0x00000000   Number         0  dc.o ABSOLUTE
    freertos_evr.c                           0x00000000   Number         0  freertos_evr.o ABSOLUTE
    gpio.c                                   0x00000000   Number         0  gpio.o ABSOLUTE
    heap_1.c                                 0x00000000   Number         0  heap_1.o ABSOLUTE
    interrupt.c                              0x00000000   Number         0  interrupt.o ABSOLUTE
    list.c                                   0x00000000   Number         0  list.o ABSOLUTE
    main.c                                   0x00000000   Number         0  main.o ABSOLUTE
    port.c                                   0x00000000   Number         0  port.o ABSOLUTE
    queue.c                                  0x00000000   Number         0  queue.o ABSOLUTE
    sysctl.c                                 0x00000000   Number         0  sysctl.o ABSOLUTE
    sysctl.c                                 0x00000000   Number         0  sysctl.o ABSOLUTE
    system_TM4C123.c                         0x00000000   Number         0  system_tm4c123.o ABSOLUTE
    systick.c                                0x00000000   Number         0  systick.o ABSOLUTE
    tasks.c                                  0x00000000   Number         0  tasks.o ABSOLUTE
    timers.c                                 0x00000000   Number         0  timers.o ABSOLUTE
    uart.c                                   0x00000000   Number         0  uart.o ABSOLUTE
    RESET                                    0x00000000   Section      620  startup_tm4c123.o(RESET)
    !!!main                                  0x0000026c   Section        8  __main.o(!!!main)
    !!!scatter                               0x00000274   Section       52  __scatter.o(!!!scatter)
    !!handler_copy                           0x000002a8   Section       26  __scatter_copy.o(!!handler_copy)
    !!handler_zi                             0x000002c4   Section       28  __scatter_zi.o(!!handler_zi)
    .ARM.Collect$$libinit$$00000000          0x000002e0   Section        2  libinit.o(.ARM.Collect$$libinit$$00000000)
    .ARM.Collect$$libinit$$00000001          0x000002e2   Section        4  libinit2.o(.ARM.Collect$$libinit$$00000001)
    .ARM.Collect$$libinit$$00000004          0x000002e6   Section        0  libinit2.o(.ARM.Collect$$libinit$$00000004)
    .ARM.Collect$$libinit$$0000000A          0x000002e6   Section        0  libinit2.o(.ARM.Collect$$libinit$$0000000A)
    .ARM.Collect$$libinit$$0000000C          0x000002e6   Section        0  libinit2.o(.ARM.Collect$$libinit$$0000000C)
    .ARM.Collect$$libinit$$0000000E          0x000002e6   Section        0  libinit2.o(.ARM.Collect$$libinit$$0000000E)
    .ARM.Collect$$libinit$$00000011          0x000002e6   Section        0  libinit2.o(.ARM.Collect$$libinit$$00000011)
    .ARM.Collect$$libinit$$00000013          0x000002e6   Section        0  libinit2.o(.ARM.Collect$$libinit$$00000013)
    .ARM.Collect$$libinit$$00000015          0x000002e6   Section        0  libinit2.o(.ARM.Collect$$libinit$$00000015)
    .ARM.Collect$$libinit$$00000017          0x000002e6   Section        0  libinit2.o(.ARM.Collect$$libinit$$00000017)
    .ARM.Collect$$libinit$$00000019          0x000002e6   Section        0  libinit2.o(.ARM.Collect$$libinit$$00000019)
    .ARM.Collect$$libinit$$0000001B          0x000002e6   Section        0  libinit2.o(.ARM.Collect$$libinit$$0000001B)
    .ARM.Collect$$libinit$$0000001D          0x000002e6   Section        0  libinit2.o(.ARM.Collect$$libinit$$0000001D)
    .ARM.Collect$$libinit$$0000001F          0x000002e6   Section        0  libinit2.o(.ARM.Collect$$libinit$$0000001F)
    .ARM.Collect$$libinit$$00000021          0x000002e6   Section        0  libinit2.o(.ARM.Collect$$libinit$$00000021)
    .ARM.Collect$$libinit$$00000023          0x000002e6   Section        0  libinit2.o(.ARM.Collect$$libinit$$00000023)
    .ARM.Collect$$libinit$$00000025          0x000002e6   Section        0  libinit2.o(.ARM.Collect$$libinit$$00000025)
    .ARM.Collect$$libinit$$0000002C          0x000002e6   Section        0  libinit2.o(.ARM.Collect$$libinit$$0000002C)
    .ARM.Collect$$libinit$$0000002E          0x000002e6   Section        0  libinit2.o(.ARM.Collect$$libinit$$0000002E)
    .ARM.Collect$$libinit$$00000030          0x000002e6   Section        0  libinit2.o(.ARM.Collect$$libinit$$00000030)
    .ARM.Collect$$libinit$$00000032          0x000002e6   Section        0  libinit2.o(.ARM.Collect$$libinit$$00000032)
    .ARM.Collect$$libinit$$00000033          0x000002e6   Section        2  libinit2.o(.ARM.Collect$$libinit$$00000033)
    .ARM.Collect$$libshutdown$$00000000      0x000002e8   Section        2  libshutdown.o(.ARM.Collect$$libshutdown$$00000000)
    .ARM.Collect$$libshutdown$$00000002      0x000002ea   Section        0  libshutdown2.o(.ARM.Collect$$libshutdown$$00000002)
    .ARM.Collect$$libshutdown$$00000004      0x000002ea   Section        0  libshutdown2.o(.ARM.Collect$$libshutdown$$00000004)
    .ARM.Collect$$libshutdown$$00000007      0x000002ea   Section        0  libshutdown2.o(.ARM.Collect$$libshutdown$$00000007)
    .ARM.Collect$$libshutdown$$0000000A      0x000002ea   Section        0  libshutdown2.o(.ARM.Collect$$libshutdown$$0000000A)
    .ARM.Collect$$libshutdown$$0000000C      0x000002ea   Section        0  libshutdown2.o(.ARM.Collect$$libshutdown$$0000000C)
    .ARM.Collect$$libshutdown$$0000000F      0x000002ea   Section        0  libshutdown2.o(.ARM.Collect$$libshutdown$$0000000F)
    .ARM.Collect$$libshutdown$$00000010      0x000002ea   Section        2  libshutdown2.o(.ARM.Collect$$libshutdown$$00000010)
    .ARM.Collect$$rtentry$$00000000          0x000002ec   Section        0  __rtentry.o(.ARM.Collect$$rtentry$$00000000)
    .ARM.Collect$$rtentry$$00000002          0x000002ec   Section        0  __rtentry2.o(.ARM.Collect$$rtentry$$00000002)
    .ARM.Collect$$rtentry$$00000004          0x000002ec   Section        6  __rtentry4.o(.ARM.Collect$$rtentry$$00000004)
    .ARM.Collect$$rtentry$$00000009          0x000002f2   Section        0  __rtentry2.o(.ARM.Collect$$rtentry$$00000009)
    .ARM.Collect$$rtentry$$0000000A          0x000002f2   Section        4  __rtentry2.o(.ARM.Collect$$rtentry$$0000000A)
    .ARM.Collect$$rtentry$$0000000C          0x000002f6   Section        0  __rtentry2.o(.ARM.Collect$$rtentry$$0000000C)
    .ARM.Collect$$rtentry$$0000000D          0x000002f6   Section        8  __rtentry2.o(.ARM.Collect$$rtentry$$0000000D)
    .ARM.Collect$$rtexit$$00000000           0x000002fe   Section        2  rtexit.o(.ARM.Collect$$rtexit$$00000000)
    .ARM.Collect$$rtexit$$00000002           0x00000300   Section        0  rtexit2.o(.ARM.Collect$$rtexit$$00000002)
    .ARM.Collect$$rtexit$$00000003           0x00000300   Section        4  rtexit2.o(.ARM.Collect$$rtexit$$00000003)
    .ARM.Collect$$rtexit$$00000004           0x00000304   Section        6  rtexit2.o(.ARM.Collect$$rtexit$$00000004)
    $v0                                      0x0000030c   Number         0  startup_tm4c123.o(.text)
    .text                                    0x0000030c   Section      276  startup_tm4c123.o(.text)
    .text                                    0x00000420   Section      138  rt_memcpy_v6.o(.text)
    .text                                    0x000004aa   Section       16  aeabi_memset4.o(.text)
    .text                                    0x000004ba   Section        0  heapauxi.o(.text)
    .text                                    0x000004c0   Section      100  rt_memcpy_w.o(.text)
    .text                                    0x00000524   Section       78  rt_memclr_w.o(.text)
    .text                                    0x00000572   Section       74  sys_stackheap_outer.o(.text)
    .text                                    0x000005bc   Section        0  exit.o(.text)
    .text                                    0x000005d0   Section        8  libspace.o(.text)
    .text                                    0x000005d8   Section        0  sys_exit.o(.text)
    .text                                    0x000005e4   Section        2  use_no_semi.o(.text)
    .text                                    0x000005e6   Section        0  indicate_semi.o(.text)
    BTN1_CHK_TASK                            0x000005e9   Thumb Code    64  main.o(.text.BTN1_CHK_TASK)
    [Anonymous Symbol]                       0x000005e8   Section        0  main.o(.text.BTN1_CHK_TASK)
    BTN2_CHK_TASK                            0x00000629   Thumb Code   102  main.o(.text.BTN2_CHK_TASK)
    [Anonymous Symbol]                       0x00000628   Section        0  main.o(.text.BTN2_CHK_TASK)
    [Anonymous Symbol]                       0x00000690   Section        0  port.o(.text.PendSV_Handler)
    pxCurrentTCBConst                        0x000006f0   Number         0  port.o(.text.PendSV_Handler)
    [Anonymous Symbol]                       0x000006f4   Section        0  init.o(.text.PortFInit)
    [Anonymous Symbol]                       0x00000760   Section        0  port.o(.text.SVC_Handler)
    pxCurrentTCBConst2                       0x00000780   Number         0  port.o(.text.SVC_Handler)
    [Anonymous Symbol]                       0x00000784   Section        0  port.o(.text.SysTick_Handler)
    [Anonymous Symbol]                       0x000007c0   Section        0  system_tm4c123.o(.text.SystemInit)
    [Anonymous Symbol]                       0x000008cc   Section        0  tasks.o(.text.eTaskConfirmSleepModeStatus)
    [Anonymous Symbol]                       0x0000094c   Section        0  main.o(.text.main)
    prvAddCurrentTaskToDelayedList           0x000009cd   Thumb Code   290  tasks.o(.text.prvAddCurrentTaskToDelayedList)
    [Anonymous Symbol]                       0x000009cc   Section        0  tasks.o(.text.prvAddCurrentTaskToDelayedList)
    prvAddNewTaskToReadyList                 0x00000af1   Thumb Code   340  tasks.o(.text.prvAddNewTaskToReadyList)
    [Anonymous Symbol]                       0x00000af0   Section        0  tasks.o(.text.prvAddNewTaskToReadyList)
    prvCheckForValidListAndQueue             0x00000c45   Thumb Code   106  timers.o(.text.prvCheckForValidListAndQueue)
    [Anonymous Symbol]                       0x00000c44   Section        0  timers.o(.text.prvCheckForValidListAndQueue)
    prvCheckTasksWaitingTermination          0x00000cb1   Thumb Code    90  tasks.o(.text.prvCheckTasksWaitingTermination)
    [Anonymous Symbol]                       0x00000cb0   Section        0  tasks.o(.text.prvCheckTasksWaitingTermination)
    prvCopyDataFromQueue                     0x00000d0d   Thumb Code    66  queue.o(.text.prvCopyDataFromQueue)
    [Anonymous Symbol]                       0x00000d0c   Section        0  queue.o(.text.prvCopyDataFromQueue)
    prvCopyDataToQueue                       0x00000d51   Thumb Code   204  queue.o(.text.prvCopyDataToQueue)
    [Anonymous Symbol]                       0x00000d50   Section        0  queue.o(.text.prvCopyDataToQueue)
    prvDeleteTCB                             0x00000e1d   Thumb Code    24  tasks.o(.text.prvDeleteTCB)
    [Anonymous Symbol]                       0x00000e1c   Section        0  tasks.o(.text.prvDeleteTCB)
    prvGetExpectedIdleTime                   0x00000e35   Thumb Code   124  tasks.o(.text.prvGetExpectedIdleTime)
    [Anonymous Symbol]                       0x00000e34   Section        0  tasks.o(.text.prvGetExpectedIdleTime)
    prvGetNextExpireTime                     0x00000eb1   Thumb Code    64  timers.o(.text.prvGetNextExpireTime)
    [Anonymous Symbol]                       0x00000eb0   Section        0  timers.o(.text.prvGetNextExpireTime)
    prvIdleTask                              0x00000ef1   Thumb Code   158  tasks.o(.text.prvIdleTask)
    [Anonymous Symbol]                       0x00000ef0   Section        0  tasks.o(.text.prvIdleTask)
    prvInitialiseNewQueue                    0x00000f91   Thumb Code    78  queue.o(.text.prvInitialiseNewQueue)
    [Anonymous Symbol]                       0x00000f90   Section        0  queue.o(.text.prvInitialiseNewQueue)
    prvInitialiseNewTask                     0x00000fe1   Thumb Code   326  tasks.o(.text.prvInitialiseNewTask)
    [Anonymous Symbol]                       0x00000fe0   Section        0  tasks.o(.text.prvInitialiseNewTask)
    prvInitialiseTaskLists                   0x00001129   Thumb Code   142  tasks.o(.text.prvInitialiseTaskLists)
    [Anonymous Symbol]                       0x00001128   Section        0  tasks.o(.text.prvInitialiseTaskLists)
    prvInsertTimerInActiveList               0x000011b9   Thumb Code   134  timers.o(.text.prvInsertTimerInActiveList)
    [Anonymous Symbol]                       0x000011b8   Section        0  timers.o(.text.prvInsertTimerInActiveList)
    prvIsQueueEmpty                          0x00001241   Thumb Code    40  queue.o(.text.prvIsQueueEmpty)
    [Anonymous Symbol]                       0x00001240   Section        0  queue.o(.text.prvIsQueueEmpty)
    prvIsQueueFull                           0x00001269   Thumb Code    46  queue.o(.text.prvIsQueueFull)
    [Anonymous Symbol]                       0x00001268   Section        0  queue.o(.text.prvIsQueueFull)
    prvNotifyQueueSetContainer               0x00001299   Thumb Code   216  queue.o(.text.prvNotifyQueueSetContainer)
    [Anonymous Symbol]                       0x00001298   Section        0  queue.o(.text.prvNotifyQueueSetContainer)
    prvPortStartFirstTask                    0x00001371   Thumb Code    40  port.o(.text.prvPortStartFirstTask)
    [Anonymous Symbol]                       0x00001370   Section        0  port.o(.text.prvPortStartFirstTask)
    prvProcessExpiredTimer                   0x00001399   Thumb Code    84  timers.o(.text.prvProcessExpiredTimer)
    [Anonymous Symbol]                       0x00001398   Section        0  timers.o(.text.prvProcessExpiredTimer)
    prvProcessReceivedCommands               0x000013ed   Thumb Code   384  timers.o(.text.prvProcessReceivedCommands)
    [Anonymous Symbol]                       0x000013ec   Section        0  timers.o(.text.prvProcessReceivedCommands)
    prvProcessTimerOrBlockTask               0x0000156d   Thumb Code   154  timers.o(.text.prvProcessTimerOrBlockTask)
    [Anonymous Symbol]                       0x0000156c   Section        0  timers.o(.text.prvProcessTimerOrBlockTask)
    prvReloadTimer                           0x00001609   Thumb Code    52  timers.o(.text.prvReloadTimer)
    [Anonymous Symbol]                       0x00001608   Section        0  timers.o(.text.prvReloadTimer)
    prvResetNextTaskUnblockTime              0x0000163d   Thumb Code    60  tasks.o(.text.prvResetNextTaskUnblockTime)
    [Anonymous Symbol]                       0x0000163c   Section        0  tasks.o(.text.prvResetNextTaskUnblockTime)
    prvSampleTimeNow                         0x00001679   Thumb Code    68  timers.o(.text.prvSampleTimeNow)
    [Anonymous Symbol]                       0x00001678   Section        0  timers.o(.text.prvSampleTimeNow)
    prvSwitchTimerLists                      0x000016bd   Thumb Code    82  timers.o(.text.prvSwitchTimerLists)
    [Anonymous Symbol]                       0x000016bc   Section        0  timers.o(.text.prvSwitchTimerLists)
    prvTaskExitError                         0x00001711   Thumb Code    76  port.o(.text.prvTaskExitError)
    [Anonymous Symbol]                       0x00001710   Section        0  port.o(.text.prvTaskExitError)
    prvTimerTask                             0x0000175d   Thumb Code    30  timers.o(.text.prvTimerTask)
    [Anonymous Symbol]                       0x0000175c   Section        0  timers.o(.text.prvTimerTask)
    prvUnlockQueue                           0x0000177d   Thumb Code   204  queue.o(.text.prvUnlockQueue)
    [Anonymous Symbol]                       0x0000177c   Section        0  queue.o(.text.prvUnlockQueue)
    [Anonymous Symbol]                       0x00001848   Section        0  heap_1.o(.text.pvPortMalloc)
    [Anonymous Symbol]                       0x00001908   Section        0  port.o(.text.pxPortInitialiseStack)
    [Anonymous Symbol]                       0x00001968   Section        0  list.o(.text.uxListRemove)
    [Anonymous Symbol]                       0x000019b0   Section        0  main.o(.text.vApplicationIdleHook)
    [Anonymous Symbol]                       0x000019b4   Section        0  list.o(.text.vListInitialise)
    [Anonymous Symbol]                       0x000019e4   Section        0  list.o(.text.vListInitialiseItem)
    [Anonymous Symbol]                       0x000019f4   Section        0  list.o(.text.vListInsert)
    vPortEnableVFP                           0x00001a61   Thumb Code    20  port.o(.text.vPortEnableVFP)
    [Anonymous Symbol]                       0x00001a60   Section        0  port.o(.text.vPortEnableVFP)
    [Anonymous Symbol]                       0x00001a74   Section        0  port.o(.text.vPortEnterCritical)
    [Anonymous Symbol]                       0x00001acc   Section        0  port.o(.text.vPortExitCritical)
    [Anonymous Symbol]                       0x00001b18   Section        0  heap_1.o(.text.vPortFree)
    [Anonymous Symbol]                       0x00001b3c   Section        0  port.o(.text.vPortSetupTimerInterrupt)
    [Anonymous Symbol]                       0x00001bb4   Section        0  port.o(.text.vPortSuppressTicksAndSleep)
    [Anonymous Symbol]                       0x00001dc0   Section        0  queue.o(.text.vQueueWaitForMessageRestricted)
    [Anonymous Symbol]                       0x00001e24   Section        0  tasks.o(.text.vTaskInternalSetTimeOutState)
    [Anonymous Symbol]                       0x00001e48   Section        0  tasks.o(.text.vTaskMissedYield)
    [Anonymous Symbol]                       0x00001e58   Section        0  tasks.o(.text.vTaskPlaceOnEventList)
    [Anonymous Symbol]                       0x00001e9c   Section        0  tasks.o(.text.vTaskPlaceOnEventListRestricted)
    [Anonymous Symbol]                       0x00001f18   Section        0  tasks.o(.text.vTaskStartScheduler)
    [Anonymous Symbol]                       0x00001fd4   Section        0  tasks.o(.text.vTaskStepTick)
    [Anonymous Symbol]                       0x00002020   Section        0  tasks.o(.text.vTaskSuspendAll)
    __tagsym$$used.0                         0x00002030   Number         0  tasks.o(.text.vTaskSwitchContext)
    [Anonymous Symbol]                       0x00002030   Section        0  tasks.o(.text.vTaskSwitchContext)
    [Anonymous Symbol]                       0x000020f0   Section        0  port.o(.text.xPortStartScheduler)
    [Anonymous Symbol]                       0x00002248   Section        0  queue.o(.text.xQueueGenericCreate)
    [Anonymous Symbol]                       0x000022e4   Section        0  queue.o(.text.xQueueGenericReset)
    [Anonymous Symbol]                       0x000023ec   Section        0  queue.o(.text.xQueueGenericSend)
    [Anonymous Symbol]                       0x00002660   Section        0  queue.o(.text.xQueueReceive)
    [Anonymous Symbol]                       0x0000283c   Section        0  tasks.o(.text.xTaskCheckForTimeOut)
    [Anonymous Symbol]                       0x00002938   Section        0  tasks.o(.text.xTaskCreate)
    [Anonymous Symbol]                       0x000029d0   Section        0  tasks.o(.text.xTaskGetSchedulerState)
    [Anonymous Symbol]                       0x00002a08   Section        0  tasks.o(.text.xTaskGetTickCount)
    [Anonymous Symbol]                       0x00002a1c   Section        0  tasks.o(.text.xTaskIncrementTick)
    [Anonymous Symbol]                       0x00002c7c   Section        0  tasks.o(.text.xTaskPriorityDisinherit)
    [Anonymous Symbol]                       0x00002db4   Section        0  tasks.o(.text.xTaskRemoveFromEventList)
    [Anonymous Symbol]                       0x00002f48   Section        0  tasks.o(.text.xTaskResumeAll)
    [Anonymous Symbol]                       0x0000316c   Section        0  timers.o(.text.xTimerCreateTimerTask)
    i.GPIODirModeSet                         0x000031d6   Section        0  gpio.o(i.GPIODirModeSet)
    i.GPIOPadConfigSet                       0x00003200   Section        0  gpio.o(i.GPIOPadConfigSet)
    i.GPIOPinRead                            0x00003370   Section        0  gpio.o(i.GPIOPinRead)
    i.GPIOPinTypeGPIOInput                   0x00003376   Section        0  gpio.o(i.GPIOPinTypeGPIOInput)
    i.GPIOPinTypeGPIOOutput                  0x00003392   Section        0  gpio.o(i.GPIOPinTypeGPIOOutput)
    i.SysCtlPeripheralEnable                 0x000033b0   Section        0  sysctl.o(i.SysCtlPeripheralEnable)
    i.SysCtlPeripheralReady                  0x000033d8   Section        0  sysctl.o(i.SysCtlPeripheralReady)
    $v0                                      0x00003404   Number         0  fpinit.o(x$fpl$fpinit)
    x$fpl$fpinit                             0x00003404   Section       26  fpinit.o(x$fpl$fpinit)
    .L.str                                   0x0000341e   Data          15  main.o(.rodata.str1.1)
    [Anonymous Symbol]                       0x0000341e   Section        0  main.o(.rodata.str1.1)
    .L.str.1                                 0x0000342d   Data          15  main.o(.rodata.str1.1)
    .L.str                                   0x0000343c   Data           5  tasks.o(.rodata.str1.1)
    [Anonymous Symbol]                       0x0000343c   Section        0  tasks.o(.rodata.str1.1)
    .L.str                                   0x00003441   Data           8  timers.o(.rodata.str1.1)
    [Anonymous Symbol]                       0x00003441   Section        0  timers.o(.rodata.str1.1)
    uxCriticalNesting                        0x20000004   Data           4  port.o(.data.uxCriticalNesting)
    [Anonymous Symbol]                       0x20000004   Section        0  port.o(.data.uxCriticalNesting)
    .bss                                     0x20000008   Section       96  libspace.o(.bss)
    prvSampleTimeNow.xLastTime               0x2000006c   Data           4  timers.o(.bss.prvSampleTimeNow.xLastTime)
    [Anonymous Symbol]                       0x2000006c   Section        0  timers.o(.bss.prvSampleTimeNow.xLastTime)
    pvPortMalloc.pucAlignedHeap              0x20000070   Data           4  heap_1.o(.bss.pvPortMalloc.pucAlignedHeap)
    [Anonymous Symbol]                       0x20000070   Section        0  heap_1.o(.bss.pvPortMalloc.pucAlignedHeap)
    pxCurrentTimerList                       0x20000078   Data           4  timers.o(.bss.pxCurrentTimerList)
    [Anonymous Symbol]                       0x20000078   Section        0  timers.o(.bss.pxCurrentTimerList)
    pxDelayedTaskList                        0x2000007c   Data           4  tasks.o(.bss.pxDelayedTaskList)
    [Anonymous Symbol]                       0x2000007c   Section        0  tasks.o(.bss.pxDelayedTaskList)
    pxOverflowDelayedTaskList                0x20000080   Data           4  tasks.o(.bss.pxOverflowDelayedTaskList)
    [Anonymous Symbol]                       0x20000080   Section        0  tasks.o(.bss.pxOverflowDelayedTaskList)
    pxOverflowTimerList                      0x20000084   Data           4  timers.o(.bss.pxOverflowTimerList)
    [Anonymous Symbol]                       0x20000084   Section        0  timers.o(.bss.pxOverflowTimerList)
    pxReadyTasksLists                        0x20000088   Data         100  tasks.o(.bss.pxReadyTasksLists)
    [Anonymous Symbol]                       0x20000088   Section        0  tasks.o(.bss.pxReadyTasksLists)
    ucHeap                                   0x200000ec   Data        4096  heap_1.o(.bss.ucHeap)
    [Anonymous Symbol]                       0x200000ec   Section        0  heap_1.o(.bss.ucHeap)
    ucMaxSysCallPriority                     0x200010ec   Data           1  port.o(.bss.ucMaxSysCallPriority)
    [Anonymous Symbol]                       0x200010ec   Section        0  port.o(.bss.ucMaxSysCallPriority)
    ulMaxPRIGROUPValue                       0x200010f0   Data           4  port.o(.bss.ulMaxPRIGROUPValue)
    [Anonymous Symbol]                       0x200010f0   Section        0  port.o(.bss.ulMaxPRIGROUPValue)
    ulStoppedTimerCompensation               0x200010f4   Data           4  port.o(.bss.ulStoppedTimerCompensation)
    [Anonymous Symbol]                       0x200010f4   Section        0  port.o(.bss.ulStoppedTimerCompensation)
    ulTimerCountsForOneTick                  0x200010f8   Data           4  port.o(.bss.ulTimerCountsForOneTick)
    [Anonymous Symbol]                       0x200010f8   Section        0  port.o(.bss.ulTimerCountsForOneTick)
    uxCurrentNumberOfTasks                   0x200010fc   Data           4  tasks.o(.bss.uxCurrentNumberOfTasks)
    [Anonymous Symbol]                       0x200010fc   Section        0  tasks.o(.bss.uxCurrentNumberOfTasks)
    uxDeletedTasksWaitingCleanUp             0x20001100   Data           4  tasks.o(.bss.uxDeletedTasksWaitingCleanUp)
    [Anonymous Symbol]                       0x20001100   Section        0  tasks.o(.bss.uxDeletedTasksWaitingCleanUp)
    uxSchedulerSuspended                     0x20001104   Data           4  tasks.o(.bss.uxSchedulerSuspended)
    [Anonymous Symbol]                       0x20001104   Section        0  tasks.o(.bss.uxSchedulerSuspended)
    uxTaskNumber                             0x20001108   Data           4  tasks.o(.bss.uxTaskNumber)
    [Anonymous Symbol]                       0x20001108   Section        0  tasks.o(.bss.uxTaskNumber)
    uxTopReadyPriority                       0x2000110c   Data           4  tasks.o(.bss.uxTopReadyPriority)
    [Anonymous Symbol]                       0x2000110c   Section        0  tasks.o(.bss.uxTopReadyPriority)
    xActiveTimerList1                        0x20001110   Data          20  timers.o(.bss.xActiveTimerList1)
    [Anonymous Symbol]                       0x20001110   Section        0  timers.o(.bss.xActiveTimerList1)
    xActiveTimerList2                        0x20001124   Data          20  timers.o(.bss.xActiveTimerList2)
    [Anonymous Symbol]                       0x20001124   Section        0  timers.o(.bss.xActiveTimerList2)
    xDelayedTaskList1                        0x20001138   Data          20  tasks.o(.bss.xDelayedTaskList1)
    [Anonymous Symbol]                       0x20001138   Section        0  tasks.o(.bss.xDelayedTaskList1)
    xDelayedTaskList2                        0x2000114c   Data          20  tasks.o(.bss.xDelayedTaskList2)
    [Anonymous Symbol]                       0x2000114c   Section        0  tasks.o(.bss.xDelayedTaskList2)
    xIdleTaskHandle                          0x20001160   Data           4  tasks.o(.bss.xIdleTaskHandle)
    [Anonymous Symbol]                       0x20001160   Section        0  tasks.o(.bss.xIdleTaskHandle)
    xMaximumPossibleSuppressedTicks          0x20001164   Data           4  port.o(.bss.xMaximumPossibleSuppressedTicks)
    [Anonymous Symbol]                       0x20001164   Section        0  port.o(.bss.xMaximumPossibleSuppressedTicks)
    xNextFreeByte                            0x20001168   Data           4  heap_1.o(.bss.xNextFreeByte)
    [Anonymous Symbol]                       0x20001168   Section        0  heap_1.o(.bss.xNextFreeByte)
    xNextTaskUnblockTime                     0x2000116c   Data           4  tasks.o(.bss.xNextTaskUnblockTime)
    [Anonymous Symbol]                       0x2000116c   Section        0  tasks.o(.bss.xNextTaskUnblockTime)
    xNumOfOverflows                          0x20001170   Data           4  tasks.o(.bss.xNumOfOverflows)
    [Anonymous Symbol]                       0x20001170   Section        0  tasks.o(.bss.xNumOfOverflows)
    xPendedTicks                             0x20001174   Data           4  tasks.o(.bss.xPendedTicks)
    [Anonymous Symbol]                       0x20001174   Section        0  tasks.o(.bss.xPendedTicks)
    xPendingReadyList                        0x20001178   Data          20  tasks.o(.bss.xPendingReadyList)
    [Anonymous Symbol]                       0x20001178   Section        0  tasks.o(.bss.xPendingReadyList)
    xSchedulerRunning                        0x20001190   Data           4  tasks.o(.bss.xSchedulerRunning)
    [Anonymous Symbol]                       0x20001190   Section        0  tasks.o(.bss.xSchedulerRunning)
    xSuspendedTaskList                       0x20001194   Data          20  tasks.o(.bss.xSuspendedTaskList)
    [Anonymous Symbol]                       0x20001194   Section        0  tasks.o(.bss.xSuspendedTaskList)
    xTasksWaitingTermination                 0x200011a8   Data          20  tasks.o(.bss.xTasksWaitingTermination)
    [Anonymous Symbol]                       0x200011a8   Section        0  tasks.o(.bss.xTasksWaitingTermination)
    xTickCount                               0x200011bc   Data           4  tasks.o(.bss.xTickCount)
    [Anonymous Symbol]                       0x200011bc   Section        0  tasks.o(.bss.xTickCount)
    xTimerQueue                              0x200011c0   Data           4  timers.o(.bss.xTimerQueue)
    [Anonymous Symbol]                       0x200011c0   Section        0  timers.o(.bss.xTimerQueue)
    xTimerTaskHandle                         0x200011c4   Data           4  timers.o(.bss.xTimerTaskHandle)
    [Anonymous Symbol]                       0x200011c4   Section        0  timers.o(.bss.xTimerTaskHandle)
    xYieldPending                            0x200011c8   Data           4  tasks.o(.bss.xYieldPending)
    [Anonymous Symbol]                       0x200011c8   Section        0  tasks.o(.bss.xYieldPending)
    Heap_Mem                                 0x200011d0   Data           0  startup_tm4c123.o(HEAP)
    Stack_Mem                                0x200011d0   Data         512  startup_tm4c123.o(STACK)
    HEAP                                     0x200011d0   Section        0  startup_tm4c123.o(HEAP)
    STACK                                    0x200011d0   Section      512  startup_tm4c123.o(STACK)
    __initial_sp                             0x200013d0   Data           0  startup_tm4c123.o(STACK)

    Global Symbols

    Symbol Name                              Value     Ov Type        Size  Object(Section)

    BuildAttributes$$THM_ISAv4$E$P$D$K$B$S$7EM$VFPi3$EXTD16$VFPS$VFMA$PE$A:L22UL41UL21$X:L11$S22US41US21$IEEE1$IW$~IW$USESV6$~STKCKD$USESV7$~SHL$OTIME$ROPI$IEEEJ$EBA8$UX$STANDARDLIB$REQ8$PRES8$EABIv2 0x00000000   Number         0  anon$$obj.o ABSOLUTE
    __Vectors                                0x00000000   Data           4  startup_tm4c123.o(RESET)
    _printf_flags                            0x00000000   Number         0  printf_stubs.o ABSOLUTE
    _printf_return_value                     0x00000000   Number         0  printf_stubs.o ABSOLUTE
    _printf_sizespec                         0x00000000   Number         0  printf_stubs.o ABSOLUTE
    _printf_widthprec                        0x00000000   Number         0  printf_stubs.o ABSOLUTE
    __ARM_exceptions_init                     - Undefined Weak Reference
    __alloca_initialize                       - Undefined Weak Reference
    __arm_preinit_                            - Undefined Weak Reference
    __cpp_initialize__aeabi_                  - Undefined Weak Reference
    __cxa_finalize                            - Undefined Weak Reference
    __sigvec_lookup                           - Undefined Weak Reference
    __user_heap_extent                        - Undefined Weak Reference
    _atexit_init                              - Undefined Weak Reference
    _call_atexit_fns                          - Undefined Weak Reference
    _clock_init                               - Undefined Weak Reference
    _fp_trap_init                             - Undefined Weak Reference
    _fp_trap_shutdown                         - Undefined Weak Reference
    _get_lc_collate                           - Undefined Weak Reference
    _get_lc_monetary                          - Undefined Weak Reference
    _get_lc_time                              - Undefined Weak Reference
    _getenv_init                              - Undefined Weak Reference
    _handle_redirection                       - Undefined Weak Reference
    _mutex_acquire                            - Undefined Weak Reference
    _mutex_free                               - Undefined Weak Reference
    _mutex_release                            - Undefined Weak Reference
    _printf_mbtowc                            - Undefined Weak Reference
    _printf_wc                                - Undefined Weak Reference
    _rand_init                                - Undefined Weak Reference
    _signal_finish                            - Undefined Weak Reference
    _signal_init                              - Undefined Weak Reference
    __Vectors_End                            0x0000026c   Data           0  startup_tm4c123.o(RESET)
    __Vectors_Size                           0x0000026c   Number         0  startup_tm4c123.o ABSOLUTE
    __main                                   0x0000026d   Thumb Code     8  __main.o(!!!main)
    __scatterload                            0x00000275   Thumb Code     0  __scatter.o(!!!scatter)
    __scatterload_rt2                        0x00000275   Thumb Code    44  __scatter.o(!!!scatter)
    __scatterload_rt2_thumb_only             0x00000275   Thumb Code     0  __scatter.o(!!!scatter)
    __scatterload_null                       0x00000283   Thumb Code     0  __scatter.o(!!!scatter)
    __scatterload_copy                       0x000002a9   Thumb Code    26  __scatter_copy.o(!!handler_copy)
    __scatterload_zeroinit                   0x000002c5   Thumb Code    28  __scatter_zi.o(!!handler_zi)
    __rt_lib_init                            0x000002e1   Thumb Code     0  libinit.o(.ARM.Collect$$libinit$$00000000)
    __rt_lib_init_fp_1                       0x000002e3   Thumb Code     0  libinit2.o(.ARM.Collect$$libinit$$00000001)
    __rt_lib_init_alloca_1                   0x000002e7   Thumb Code     0  libinit2.o(.ARM.Collect$$libinit$$0000002E)
    __rt_lib_init_argv_1                     0x000002e7   Thumb Code     0  libinit2.o(.ARM.Collect$$libinit$$0000002C)
    __rt_lib_init_atexit_1                   0x000002e7   Thumb Code     0  libinit2.o(.ARM.Collect$$libinit$$0000001B)
    __rt_lib_init_clock_1                    0x000002e7   Thumb Code     0  libinit2.o(.ARM.Collect$$libinit$$00000021)
    __rt_lib_init_cpp_1                      0x000002e7   Thumb Code     0  libinit2.o(.ARM.Collect$$libinit$$00000032)
    __rt_lib_init_exceptions_1               0x000002e7   Thumb Code     0  libinit2.o(.ARM.Collect$$libinit$$00000030)
    __rt_lib_init_fp_trap_1                  0x000002e7   Thumb Code     0  libinit2.o(.ARM.Collect$$libinit$$0000001F)
    __rt_lib_init_getenv_1                   0x000002e7   Thumb Code     0  libinit2.o(.ARM.Collect$$libinit$$00000023)
    __rt_lib_init_heap_1                     0x000002e7   Thumb Code     0  libinit2.o(.ARM.Collect$$libinit$$0000000A)
    __rt_lib_init_lc_collate_1               0x000002e7   Thumb Code     0  libinit2.o(.ARM.Collect$$libinit$$00000011)
    __rt_lib_init_lc_ctype_1                 0x000002e7   Thumb Code     0  libinit2.o(.ARM.Collect$$libinit$$00000013)
    __rt_lib_init_lc_monetary_1              0x000002e7   Thumb Code     0  libinit2.o(.ARM.Collect$$libinit$$00000015)
    __rt_lib_init_lc_numeric_1               0x000002e7   Thumb Code     0  libinit2.o(.ARM.Collect$$libinit$$00000017)
    __rt_lib_init_lc_time_1                  0x000002e7   Thumb Code     0  libinit2.o(.ARM.Collect$$libinit$$00000019)
    __rt_lib_init_preinit_1                  0x000002e7   Thumb Code     0  libinit2.o(.ARM.Collect$$libinit$$00000004)
    __rt_lib_init_rand_1                     0x000002e7   Thumb Code     0  libinit2.o(.ARM.Collect$$libinit$$0000000E)
    __rt_lib_init_return                     0x000002e7   Thumb Code     0  libinit2.o(.ARM.Collect$$libinit$$00000033)
    __rt_lib_init_signal_1                   0x000002e7   Thumb Code     0  libinit2.o(.ARM.Collect$$libinit$$0000001D)
    __rt_lib_init_stdio_1                    0x000002e7   Thumb Code     0  libinit2.o(.ARM.Collect$$libinit$$00000025)
    __rt_lib_init_user_alloc_1               0x000002e7   Thumb Code     0  libinit2.o(.ARM.Collect$$libinit$$0000000C)
    __rt_lib_shutdown                        0x000002e9   Thumb Code     0  libshutdown.o(.ARM.Collect$$libshutdown$$00000000)
    __rt_lib_shutdown_cpp_1                  0x000002eb   Thumb Code     0  libshutdown2.o(.ARM.Collect$$libshutdown$$00000002)
    __rt_lib_shutdown_fp_trap_1              0x000002eb   Thumb Code     0  libshutdown2.o(.ARM.Collect$$libshutdown$$00000007)
    __rt_lib_shutdown_heap_1                 0x000002eb   Thumb Code     0  libshutdown2.o(.ARM.Collect$$libshutdown$$0000000F)
    __rt_lib_shutdown_return                 0x000002eb   Thumb Code     0  libshutdown2.o(.ARM.Collect$$libshutdown$$00000010)
    __rt_lib_shutdown_signal_1               0x000002eb   Thumb Code     0  libshutdown2.o(.ARM.Collect$$libshutdown$$0000000A)
    __rt_lib_shutdown_stdio_1                0x000002eb   Thumb Code     0  libshutdown2.o(.ARM.Collect$$libshutdown$$00000004)
    __rt_lib_shutdown_user_alloc_1           0x000002eb   Thumb Code     0  libshutdown2.o(.ARM.Collect$$libshutdown$$0000000C)
    __rt_entry                               0x000002ed   Thumb Code     0  __rtentry.o(.ARM.Collect$$rtentry$$00000000)
    __rt_entry_presh_1                       0x000002ed   Thumb Code     0  __rtentry2.o(.ARM.Collect$$rtentry$$00000002)
    __rt_entry_sh                            0x000002ed   Thumb Code     0  __rtentry4.o(.ARM.Collect$$rtentry$$00000004)
    __rt_entry_li                            0x000002f3   Thumb Code     0  __rtentry2.o(.ARM.Collect$$rtentry$$0000000A)
    __rt_entry_postsh_1                      0x000002f3   Thumb Code     0  __rtentry2.o(.ARM.Collect$$rtentry$$00000009)
    __rt_entry_main                          0x000002f7   Thumb Code     0  __rtentry2.o(.ARM.Collect$$rtentry$$0000000D)
    __rt_entry_postli_1                      0x000002f7   Thumb Code     0  __rtentry2.o(.ARM.Collect$$rtentry$$0000000C)
    __rt_exit                                0x000002ff   Thumb Code     0  rtexit.o(.ARM.Collect$$rtexit$$00000000)
    __rt_exit_ls                             0x00000301   Thumb Code     0  rtexit2.o(.ARM.Collect$$rtexit$$00000003)
    __rt_exit_prels_1                        0x00000301   Thumb Code     0  rtexit2.o(.ARM.Collect$$rtexit$$00000002)
    __rt_exit_exit                           0x00000305   Thumb Code     0  rtexit2.o(.ARM.Collect$$rtexit$$00000004)
    Reset_Handler                            0x0000030d   Thumb Code     8  startup_tm4c123.o(.text)
    NMI_Handler                              0x00000315   Thumb Code     2  startup_tm4c123.o(.text)
    HardFault_Handler                        0x00000317   Thumb Code     2  startup_tm4c123.o(.text)
    MemManage_Handler                        0x00000319   Thumb Code     2  startup_tm4c123.o(.text)
    BusFault_Handler                         0x0000031b   Thumb Code     2  startup_tm4c123.o(.text)
    UsageFault_Handler                       0x0000031d   Thumb Code     2  startup_tm4c123.o(.text)
    DebugMon_Handler                         0x00000321   Thumb Code     2  startup_tm4c123.o(.text)
    GPIOA_Handler                            0x00000327   Thumb Code     2  startup_tm4c123.o(.text)
    GPIOB_Handler                            0x00000329   Thumb Code     2  startup_tm4c123.o(.text)
    GPIOC_Handler                            0x0000032b   Thumb Code     2  startup_tm4c123.o(.text)
    GPIOD_Handler                            0x0000032d   Thumb Code     2  startup_tm4c123.o(.text)
    GPIOE_Handler                            0x0000032f   Thumb Code     2  startup_tm4c123.o(.text)
    UART0_Handler                            0x00000331   Thumb Code     2  startup_tm4c123.o(.text)
    UART1_Handler                            0x00000333   Thumb Code     2  startup_tm4c123.o(.text)
    SSI0_Handler                             0x00000335   Thumb Code     2  startup_tm4c123.o(.text)
    I2C0_Handler                             0x00000337   Thumb Code     2  startup_tm4c123.o(.text)
    PMW0_FAULT_Handler                       0x00000339   Thumb Code     2  startup_tm4c123.o(.text)
    PWM0_0_Handler                           0x0000033b   Thumb Code     2  startup_tm4c123.o(.text)
    PWM0_1_Handler                           0x0000033d   Thumb Code     2  startup_tm4c123.o(.text)
    PWM0_2_Handler                           0x0000033f   Thumb Code     2  startup_tm4c123.o(.text)
    QEI0_Handler                             0x00000341   Thumb Code     2  startup_tm4c123.o(.text)
    ADC0SS0_Handler                          0x00000343   Thumb Code     2  startup_tm4c123.o(.text)
    ADC0SS1_Handler                          0x00000345   Thumb Code     2  startup_tm4c123.o(.text)
    ADC0SS2_Handler                          0x00000347   Thumb Code     2  startup_tm4c123.o(.text)
    ADC0SS3_Handler                          0x00000349   Thumb Code     2  startup_tm4c123.o(.text)
    WDT0_Handler                             0x0000034b   Thumb Code     2  startup_tm4c123.o(.text)
    TIMER0A_Handler                          0x0000034d   Thumb Code     2  startup_tm4c123.o(.text)
    TIMER0B_Handler                          0x0000034f   Thumb Code     2  startup_tm4c123.o(.text)
    TIMER1A_Handler                          0x00000351   Thumb Code     2  startup_tm4c123.o(.text)
    TIMER1B_Handler                          0x00000353   Thumb Code     2  startup_tm4c123.o(.text)
    TIMER2A_Handler                          0x00000355   Thumb Code     2  startup_tm4c123.o(.text)
    TIMER2B_Handler                          0x00000357   Thumb Code     2  startup_tm4c123.o(.text)
    COMP0_Handler                            0x00000359   Thumb Code     2  startup_tm4c123.o(.text)
    COMP1_Handler                            0x0000035b   Thumb Code     2  startup_tm4c123.o(.text)
    COMP2_Handler                            0x0000035d   Thumb Code     2  startup_tm4c123.o(.text)
    SYSCTL_Handler                           0x0000035f   Thumb Code     2  startup_tm4c123.o(.text)
    FLASH_Handler                            0x00000361   Thumb Code     2  startup_tm4c123.o(.text)
    GPIOF_Handler                            0x00000363   Thumb Code     2  startup_tm4c123.o(.text)
    GPIOG_Handler                            0x00000365   Thumb Code     2  startup_tm4c123.o(.text)
    GPIOH_Handler                            0x00000367   Thumb Code     2  startup_tm4c123.o(.text)
    UART2_Handler                            0x00000369   Thumb Code     2  startup_tm4c123.o(.text)
    SSI1_Handler                             0x0000036b   Thumb Code     2  startup_tm4c123.o(.text)
    TIMER3A_Handler                          0x0000036d   Thumb Code     2  startup_tm4c123.o(.text)
    TIMER3B_Handler                          0x0000036f   Thumb Code     2  startup_tm4c123.o(.text)
    I2C1_Handler                             0x00000371   Thumb Code     2  startup_tm4c123.o(.text)
    QEI1_Handler                             0x00000373   Thumb Code     2  startup_tm4c123.o(.text)
    CAN0_Handler                             0x00000375   Thumb Code     2  startup_tm4c123.o(.text)
    CAN1_Handler                             0x00000377   Thumb Code     2  startup_tm4c123.o(.text)
    CAN2_Handler                             0x00000379   Thumb Code     2  startup_tm4c123.o(.text)
    HIB_Handler                              0x0000037b   Thumb Code     2  startup_tm4c123.o(.text)
    USB0_Handler                             0x0000037d   Thumb Code     2  startup_tm4c123.o(.text)
    PWM0_3_Handler                           0x0000037f   Thumb Code     2  startup_tm4c123.o(.text)
    UDMA_Handler                             0x00000381   Thumb Code     2  startup_tm4c123.o(.text)
    UDMAERR_Handler                          0x00000383   Thumb Code     2  startup_tm4c123.o(.text)
    ADC1SS0_Handler                          0x00000385   Thumb Code     2  startup_tm4c123.o(.text)
    ADC1SS1_Handler                          0x00000387   Thumb Code     2  startup_tm4c123.o(.text)
    ADC1SS2_Handler                          0x00000389   Thumb Code     2  startup_tm4c123.o(.text)
    ADC1SS3_Handler                          0x0000038b   Thumb Code     2  startup_tm4c123.o(.text)
    GPIOJ_Handler                            0x0000038d   Thumb Code     2  startup_tm4c123.o(.text)
    GPIOK_Handler                            0x0000038f   Thumb Code     2  startup_tm4c123.o(.text)
    GPIOL_Handler                            0x00000391   Thumb Code     2  startup_tm4c123.o(.text)
    SSI2_Handler                             0x00000393   Thumb Code     2  startup_tm4c123.o(.text)
    SSI3_Handler                             0x00000395   Thumb Code     2  startup_tm4c123.o(.text)
    UART3_Handler                            0x00000397   Thumb Code     2  startup_tm4c123.o(.text)
    UART4_Handler                            0x00000399   Thumb Code     2  startup_tm4c123.o(.text)
    UART5_Handler                            0x0000039b   Thumb Code     2  startup_tm4c123.o(.text)
    UART6_Handler                            0x0000039d   Thumb Code     2  startup_tm4c123.o(.text)
    UART7_Handler                            0x0000039f   Thumb Code     2  startup_tm4c123.o(.text)
    I2C2_Handler                             0x000003a1   Thumb Code     2  startup_tm4c123.o(.text)
    I2C3_Handler                             0x000003a3   Thumb Code     2  startup_tm4c123.o(.text)
    TIMER4A_Handler                          0x000003a5   Thumb Code     2  startup_tm4c123.o(.text)
    TIMER4B_Handler                          0x000003a7   Thumb Code     2  startup_tm4c123.o(.text)
    TIMER5A_Handler                          0x000003a9   Thumb Code     2  startup_tm4c123.o(.text)
    TIMER5B_Handler                          0x000003ab   Thumb Code     2  startup_tm4c123.o(.text)
    WTIMER0A_Handler                         0x000003ad   Thumb Code     2  startup_tm4c123.o(.text)
    WTIMER0B_Handler                         0x000003af   Thumb Code     2  startup_tm4c123.o(.text)
    WTIMER1A_Handler                         0x000003b1   Thumb Code     2  startup_tm4c123.o(.text)
    WTIMER1B_Handler                         0x000003b3   Thumb Code     2  startup_tm4c123.o(.text)
    WTIMER2A_Handler                         0x000003b5   Thumb Code     2  startup_tm4c123.o(.text)
    WTIMER2B_Handler                         0x000003b7   Thumb Code     2  startup_tm4c123.o(.text)
    WTIMER3A_Handler                         0x000003b9   Thumb Code     2  startup_tm4c123.o(.text)
    WTIMER3B_Handler                         0x000003bb   Thumb Code     2  startup_tm4c123.o(.text)
    WTIMER4A_Handler                         0x000003bd   Thumb Code     2  startup_tm4c123.o(.text)
    WTIMER4B_Handler                         0x000003bf   Thumb Code     2  startup_tm4c123.o(.text)
    WTIMER5A_Handler                         0x000003c1   Thumb Code     2  startup_tm4c123.o(.text)
    WTIMER5B_Handler                         0x000003c3   Thumb Code     2  startup_tm4c123.o(.text)
    FPU_Handler                              0x000003c5   Thumb Code     2  startup_tm4c123.o(.text)
    I2C4_Handler                             0x000003c7   Thumb Code     2  startup_tm4c123.o(.text)
    I2C5_Handler                             0x000003c9   Thumb Code     2  startup_tm4c123.o(.text)
    GPIOM_Handler                            0x000003cb   Thumb Code     2  startup_tm4c123.o(.text)
    GPION_Handler                            0x000003cd   Thumb Code     2  startup_tm4c123.o(.text)
    QEI2_Handler                             0x000003cf   Thumb Code     2  startup_tm4c123.o(.text)
    GPIOP0_Handler                           0x000003d1   Thumb Code     2  startup_tm4c123.o(.text)
    GPIOP1_Handler                           0x000003d3   Thumb Code     2  startup_tm4c123.o(.text)
    GPIOP2_Handler                           0x000003d5   Thumb Code     2  startup_tm4c123.o(.text)
    GPIOP3_Handler                           0x000003d7   Thumb Code     2  startup_tm4c123.o(.text)
    GPIOP4_Handler                           0x000003d9   Thumb Code     2  startup_tm4c123.o(.text)
    GPIOP5_Handler                           0x000003db   Thumb Code     2  startup_tm4c123.o(.text)
    GPIOP6_Handler                           0x000003dd   Thumb Code     2  startup_tm4c123.o(.text)
    GPIOP7_Handler                           0x000003df   Thumb Code     2  startup_tm4c123.o(.text)
    GPIOQ0_Handler                           0x000003e1   Thumb Code     2  startup_tm4c123.o(.text)
    GPIOQ1_Handler                           0x000003e3   Thumb Code     2  startup_tm4c123.o(.text)
    GPIOQ2_Handler                           0x000003e5   Thumb Code     2  startup_tm4c123.o(.text)
    GPIOQ3_Handler                           0x000003e7   Thumb Code     2  startup_tm4c123.o(.text)
    GPIOQ4_Handler                           0x000003e9   Thumb Code     2  startup_tm4c123.o(.text)
    GPIOQ5_Handler                           0x000003eb   Thumb Code     2  startup_tm4c123.o(.text)
    GPIOQ6_Handler                           0x000003ed   Thumb Code     2  startup_tm4c123.o(.text)
    GPIOQ7_Handler                           0x000003ef   Thumb Code     2  startup_tm4c123.o(.text)
    GPIOR_Handler                            0x000003f1   Thumb Code     2  startup_tm4c123.o(.text)
    GPIOS_Handler                            0x000003f3   Thumb Code     2  startup_tm4c123.o(.text)
    PMW1_0_Handler                           0x000003f5   Thumb Code     2  startup_tm4c123.o(.text)
    PWM1_1_Handler                           0x000003f7   Thumb Code     2  startup_tm4c123.o(.text)
    PWM1_2_Handler                           0x000003f9   Thumb Code     2  startup_tm4c123.o(.text)
    PWM1_3_Handler                           0x000003fb   Thumb Code     2  startup_tm4c123.o(.text)
    PWM1_FAULT_Handler                       0x000003fd   Thumb Code     2  startup_tm4c123.o(.text)
    __user_initial_stackheap                 0x00000401   Thumb Code     0  startup_tm4c123.o(.text)
    __aeabi_memcpy                           0x00000421   Thumb Code     0  rt_memcpy_v6.o(.text)
    __rt_memcpy                              0x00000421   Thumb Code   138  rt_memcpy_v6.o(.text)
    _memcpy_lastbytes                        0x00000487   Thumb Code     0  rt_memcpy_v6.o(.text)
    __aeabi_memset4                          0x000004ab   Thumb Code    16  aeabi_memset4.o(.text)
    __aeabi_memset8                          0x000004ab   Thumb Code     0  aeabi_memset4.o(.text)
    __use_two_region_memory                  0x000004bb   Thumb Code     2  heapauxi.o(.text)
    __rt_heap_escrow                         0x000004bd   Thumb Code     2  heapauxi.o(.text)
    __rt_heap_expand                         0x000004bf   Thumb Code     2  heapauxi.o(.text)
    __aeabi_memcpy4                          0x000004c1   Thumb Code     0  rt_memcpy_w.o(.text)
    __aeabi_memcpy8                          0x000004c1   Thumb Code     0  rt_memcpy_w.o(.text)
    __rt_memcpy_w                            0x000004c1   Thumb Code   100  rt_memcpy_w.o(.text)
    _memcpy_lastbytes_aligned                0x00000509   Thumb Code     0  rt_memcpy_w.o(.text)
    __aeabi_memclr4                          0x00000525   Thumb Code     0  rt_memclr_w.o(.text)
    __aeabi_memclr8                          0x00000525   Thumb Code     0  rt_memclr_w.o(.text)
    __rt_memclr_w                            0x00000525   Thumb Code     0  rt_memclr_w.o(.text)
    _memset_w                                0x00000529   Thumb Code    74  rt_memclr_w.o(.text)
    __user_setup_stackheap                   0x00000573   Thumb Code    74  sys_stackheap_outer.o(.text)
    exit                                     0x000005bd   Thumb Code    18  exit.o(.text)
    __user_libspace                          0x000005d1   Thumb Code     8  libspace.o(.text)
    __user_perproc_libspace                  0x000005d1   Thumb Code     0  libspace.o(.text)
    __user_perthread_libspace                0x000005d1   Thumb Code     0  libspace.o(.text)
    _sys_exit                                0x000005d9   Thumb Code     8  sys_exit.o(.text)
    __I$use$semihosting                      0x000005e5   Thumb Code     0  use_no_semi.o(.text)
    __use_no_semihosting_swi                 0x000005e5   Thumb Code     2  use_no_semi.o(.text)
    __semihosting_library_function           0x000005e7   Thumb Code     0  indicate_semi.o(.text)
    PendSV_Handler                           0x00000691   Thumb Code   100  port.o(.text.PendSV_Handler)
    PortFInit                                0x000006f5   Thumb Code   106  init.o(.text.PortFInit)
    SVC_Handler                              0x00000761   Thumb Code    36  port.o(.text.SVC_Handler)
    SysTick_Handler                          0x00000785   Thumb Code    60  port.o(.text.SysTick_Handler)
    SystemInit                               0x000007c1   Thumb Code   268  system_tm4c123.o(.text.SystemInit)
    eTaskConfirmSleepModeStatus              0x000008cd   Thumb Code   128  tasks.o(.text.eTaskConfirmSleepModeStatus)
    main                                     0x0000094d   Thumb Code   126  main.o(.text.main)
    pvPortMalloc                             0x00001849   Thumb Code   192  heap_1.o(.text.pvPortMalloc)
    pxPortInitialiseStack                    0x00001909   Thumb Code    94  port.o(.text.pxPortInitialiseStack)
    uxListRemove                             0x00001969   Thumb Code    72  list.o(.text.uxListRemove)
    vApplicationIdleHook                     0x000019b1   Thumb Code     2  main.o(.text.vApplicationIdleHook)
    vListInitialise                          0x000019b5   Thumb Code    46  list.o(.text.vListInitialise)
    vListInitialiseItem                      0x000019e5   Thumb Code    14  list.o(.text.vListInitialiseItem)
    vListInsert                              0x000019f5   Thumb Code   106  list.o(.text.vListInsert)
    vPortEnterCritical                       0x00001a75   Thumb Code    86  port.o(.text.vPortEnterCritical)
    vPortExitCritical                        0x00001acd   Thumb Code    74  port.o(.text.vPortExitCritical)
    vPortFree                                0x00001b19   Thumb Code    36  heap_1.o(.text.vPortFree)
    vPortSetupTimerInterrupt                 0x00001b3d   Thumb Code   120  port.o(.text.vPortSetupTimerInterrupt)
    vPortSuppressTicksAndSleep               0x00001bb5   Thumb Code   524  port.o(.text.vPortSuppressTicksAndSleep)
    vQueueWaitForMessageRestricted           0x00001dc1   Thumb Code   100  queue.o(.text.vQueueWaitForMessageRestricted)
    vTaskInternalSetTimeOutState             0x00001e25   Thumb Code    36  tasks.o(.text.vTaskInternalSetTimeOutState)
    vTaskMissedYield                         0x00001e49   Thumb Code    14  tasks.o(.text.vTaskMissedYield)
    vTaskPlaceOnEventList                    0x00001e59   Thumb Code    66  tasks.o(.text.vTaskPlaceOnEventList)
    vTaskPlaceOnEventListRestricted          0x00001e9d   Thumb Code   124  tasks.o(.text.vTaskPlaceOnEventListRestricted)
    vTaskStartScheduler                      0x00001f19   Thumb Code   186  tasks.o(.text.vTaskStartScheduler)
    vTaskStepTick                            0x00001fd5   Thumb Code    76  tasks.o(.text.vTaskStepTick)
    vTaskSuspendAll                          0x00002021   Thumb Code    16  tasks.o(.text.vTaskSuspendAll)
    vTaskSwitchContext                       0x00002031   Thumb Code   190  tasks.o(.text.vTaskSwitchContext)
    xPortStartScheduler                      0x000020f1   Thumb Code   342  port.o(.text.xPortStartScheduler)
    xQueueGenericCreate                      0x00002249   Thumb Code   154  queue.o(.text.xQueueGenericCreate)
    xQueueGenericReset                       0x000022e5   Thumb Code   264  queue.o(.text.xQueueGenericReset)
    xQueueGenericSend                        0x000023ed   Thumb Code   628  queue.o(.text.xQueueGenericSend)
    xQueueReceive                            0x00002661   Thumb Code   476  queue.o(.text.xQueueReceive)
    xTaskCheckForTimeOut                     0x0000283d   Thumb Code   252  tasks.o(.text.xTaskCheckForTimeOut)
    xTaskCreate                              0x00002939   Thumb Code   152  tasks.o(.text.xTaskCreate)
    xTaskGetSchedulerState                   0x000029d1   Thumb Code    56  tasks.o(.text.xTaskGetSchedulerState)
    xTaskGetTickCount                        0x00002a09   Thumb Code    20  tasks.o(.text.xTaskGetTickCount)
    xTaskIncrementTick                       0x00002a1d   Thumb Code   608  tasks.o(.text.xTaskIncrementTick)
    xTaskPriorityDisinherit                  0x00002c7d   Thumb Code   312  tasks.o(.text.xTaskPriorityDisinherit)
    xTaskRemoveFromEventList                 0x00002db5   Thumb Code   402  tasks.o(.text.xTaskRemoveFromEventList)
    xTaskResumeAll                           0x00002f49   Thumb Code   546  tasks.o(.text.xTaskResumeAll)
    xTimerCreateTimerTask                    0x0000316d   Thumb Code   106  timers.o(.text.xTimerCreateTimerTask)
    GPIODirModeSet                           0x000031d7   Thumb Code    40  gpio.o(i.GPIODirModeSet)
    GPIOPadConfigSet                         0x00003201   Thumb Code   354  gpio.o(i.GPIOPadConfigSet)
    GPIOPinRead                              0x00003371   Thumb Code     6  gpio.o(i.GPIOPinRead)
    GPIOPinTypeGPIOInput                     0x00003377   Thumb Code    28  gpio.o(i.GPIOPinTypeGPIOInput)
    GPIOPinTypeGPIOOutput                    0x00003393   Thumb Code    28  gpio.o(i.GPIOPinTypeGPIOOutput)
    SysCtlPeripheralEnable                   0x000033b1   Thumb Code    36  sysctl.o(i.SysCtlPeripheralEnable)
    SysCtlPeripheralReady                    0x000033d9   Thumb Code    40  sysctl.o(i.SysCtlPeripheralReady)
    _fp_init                                 0x00003405   Thumb Code    26  fpinit.o(x$fpl$fpinit)
    __fplib_config_fpu_vfp                   0x0000341d   Thumb Code     0  fpinit.o(x$fpl$fpinit)
    __fplib_config_pureend_doubles           0x0000341d   Thumb Code     0  fpinit.o(x$fpl$fpinit)
    uxTopUsedPriority                        0x0000344c   Data           4  tasks.o(.rodata.uxTopUsedPriority)
    Region$$Table$$Base                      0x00003450   Number         0  anon$$obj.o(Region$$Table)
    Region$$Table$$Limit                     0x00003470   Number         0  anon$$obj.o(Region$$Table)
    SystemCoreClock                          0x20000000   Data           4  system_tm4c123.o(.data.SystemCoreClock)
    __libspace_start                         0x20000008   Data          96  libspace.o(.bss)
    __temporary_stack_top$libspace           0x20000068   Data           0  libspace.o(.bss)
    counter                                  0x20000068   Data           4  main.o(.bss.counter)
    pxCurrentTCB                             0x20000074   Data           4  tasks.o(.bss.pxCurrentTCB)
    xQueue                                   0x2000118c   Data           4  main.o(.bss.xQueue)



==============================================================================

Memory Map of the image

  Image Entry point : 0x0000030d

  Load Region LR_IROM1 (Base: 0x00000000, Size: 0x00003478, Max: 0x00040000, ABSOLUTE)

    Execution Region ER_IROM1 (Exec base: 0x00000000, Load base: 0x00000000, Size: 0x00003470, Max: 0x00040000, ABSOLUTE)

    Exec Addr    Load Addr    Size         Type   Attr      Idx    E Section Name        Object

    0x00000000   0x00000000   0x0000026c   Data   RO           54    RESET               startup_tm4c123.o
    0x0000026c   0x0000026c   0x00000008   Code   RO         1658  * !!!main             c_w.l(__main.o)
    0x00000274   0x00000274   0x00000034   Code   RO         2148    !!!scatter          c_w.l(__scatter.o)
    0x000002a8   0x000002a8   0x0000001a   Code   RO         2150    !!handler_copy      c_w.l(__scatter_copy.o)
    0x000002c2   0x000002c2   0x00000002   PAD
    0x000002c4   0x000002c4   0x0000001c   Code   RO         2152    !!handler_zi        c_w.l(__scatter_zi.o)
    0x000002e0   0x000002e0   0x00000002   Code   RO         1937    .ARM.Collect$$libinit$$00000000  c_w.l(libinit.o)
    0x000002e2   0x000002e2   0x00000004   Code   RO         1938    .ARM.Collect$$libinit$$00000001  c_w.l(libinit2.o)
    0x000002e6   0x000002e6   0x00000000   Code   RO         1941    .ARM.Collect$$libinit$$00000004  c_w.l(libinit2.o)
    0x000002e6   0x000002e6   0x00000000   Code   RO         1944    .ARM.Collect$$libinit$$0000000A  c_w.l(libinit2.o)
    0x000002e6   0x000002e6   0x00000000   Code   RO         1946    .ARM.Collect$$libinit$$0000000C  c_w.l(libinit2.o)
    0x000002e6   0x000002e6   0x00000000   Code   RO         1948    .ARM.Collect$$libinit$$0000000E  c_w.l(libinit2.o)
    0x000002e6   0x000002e6   0x00000000   Code   RO         1951    .ARM.Collect$$libinit$$00000011  c_w.l(libinit2.o)
    0x000002e6   0x000002e6   0x00000000   Code   RO         1953    .ARM.Collect$$libinit$$00000013  c_w.l(libinit2.o)
    0x000002e6   0x000002e6   0x00000000   Code   RO         1955    .ARM.Collect$$libinit$$00000015  c_w.l(libinit2.o)
    0x000002e6   0x000002e6   0x00000000   Code   RO         1957    .ARM.Collect$$libinit$$00000017  c_w.l(libinit2.o)
    0x000002e6   0x000002e6   0x00000000   Code   RO         1959    .ARM.Collect$$libinit$$00000019  c_w.l(libinit2.o)
    0x000002e6   0x000002e6   0x00000000   Code   RO         1961    .ARM.Collect$$libinit$$0000001B  c_w.l(libinit2.o)
    0x000002e6   0x000002e6   0x00000000   Code   RO         1963    .ARM.Collect$$libinit$$0000001D  c_w.l(libinit2.o)
    0x000002e6   0x000002e6   0x00000000   Code   RO         1965    .ARM.Collect$$libinit$$0000001F  c_w.l(libinit2.o)
    0x000002e6   0x000002e6   0x00000000   Code   RO         1967    .ARM.Collect$$libinit$$00000021  c_w.l(libinit2.o)
    0x000002e6   0x000002e6   0x00000000   Code   RO         1969    .ARM.Collect$$libinit$$00000023  c_w.l(libinit2.o)
    0x000002e6   0x000002e6   0x00000000   Code   RO         1971    .ARM.Collect$$libinit$$00000025  c_w.l(libinit2.o)
    0x000002e6   0x000002e6   0x00000000   Code   RO         1975    .ARM.Collect$$libinit$$0000002C  c_w.l(libinit2.o)
    0x000002e6   0x000002e6   0x00000000   Code   RO         1977    .ARM.Collect$$libinit$$0000002E  c_w.l(libinit2.o)
    0x000002e6   0x000002e6   0x00000000   Code   RO         1979    .ARM.Collect$$libinit$$00000030  c_w.l(libinit2.o)
    0x000002e6   0x000002e6   0x00000000   Code   RO         1981    .ARM.Collect$$libinit$$00000032  c_w.l(libinit2.o)
    0x000002e6   0x000002e6   0x00000002   Code   RO         1982    .ARM.Collect$$libinit$$00000033  c_w.l(libinit2.o)
    0x000002e8   0x000002e8   0x00000002   Code   RO         2127    .ARM.Collect$$libshutdown$$00000000  c_w.l(libshutdown.o)
    0x000002ea   0x000002ea   0x00000000   Code   RO         1984    .ARM.Collect$$libshutdown$$00000002  c_w.l(libshutdown2.o)
    0x000002ea   0x000002ea   0x00000000   Code   RO         1986    .ARM.Collect$$libshutdown$$00000004  c_w.l(libshutdown2.o)
    0x000002ea   0x000002ea   0x00000000   Code   RO         1989    .ARM.Collect$$libshutdown$$00000007  c_w.l(libshutdown2.o)
    0x000002ea   0x000002ea   0x00000000   Code   RO         1992    .ARM.Collect$$libshutdown$$0000000A  c_w.l(libshutdown2.o)
    0x000002ea   0x000002ea   0x00000000   Code   RO         1994    .ARM.Collect$$libshutdown$$0000000C  c_w.l(libshutdown2.o)
    0x000002ea   0x000002ea   0x00000000   Code   RO         1997    .ARM.Collect$$libshutdown$$0000000F  c_w.l(libshutdown2.o)
    0x000002ea   0x000002ea   0x00000002   Code   RO         1998    .ARM.Collect$$libshutdown$$00000010  c_w.l(libshutdown2.o)
    0x000002ec   0x000002ec   0x00000000   Code   RO         1660    .ARM.Collect$$rtentry$$00000000  c_w.l(__rtentry.o)
    0x000002ec   0x000002ec   0x00000000   Code   RO         1769    .ARM.Collect$$rtentry$$00000002  c_w.l(__rtentry2.o)
    0x000002ec   0x000002ec   0x00000006   Code   RO         1781    .ARM.Collect$$rtentry$$00000004  c_w.l(__rtentry4.o)
    0x000002f2   0x000002f2   0x00000000   Code   RO         1771    .ARM.Collect$$rtentry$$00000009  c_w.l(__rtentry2.o)
    0x000002f2   0x000002f2   0x00000004   Code   RO         1772    .ARM.Collect$$rtentry$$0000000A  c_w.l(__rtentry2.o)
    0x000002f6   0x000002f6   0x00000000   Code   RO         1774    .ARM.Collect$$rtentry$$0000000C  c_w.l(__rtentry2.o)
    0x000002f6   0x000002f6   0x00000008   Code   RO         1775    .ARM.Collect$$rtentry$$0000000D  c_w.l(__rtentry2.o)
    0x000002fe   0x000002fe   0x00000002   Code   RO         2011    .ARM.Collect$$rtexit$$00000000  c_w.l(rtexit.o)
    0x00000300   0x00000300   0x00000000   Code   RO         2067    .ARM.Collect$$rtexit$$00000002  c_w.l(rtexit2.o)
    0x00000300   0x00000300   0x00000004   Code   RO         2068    .ARM.Collect$$rtexit$$00000003  c_w.l(rtexit2.o)
    0x00000304   0x00000304   0x00000006   Code   RO         2069    .ARM.Collect$$rtexit$$00000004  c_w.l(rtexit2.o)
    0x0000030a   0x0000030a   0x00000002   PAD
    0x0000030c   0x0000030c   0x00000114   Code   RO           55  * .text               startup_tm4c123.o
    0x00000420   0x00000420   0x0000008a   Code   RO         1652    .text               c_w.l(rt_memcpy_v6.o)
    0x000004aa   0x000004aa   0x00000010   Code   RO         1654    .text               c_w.l(aeabi_memset4.o)
    0x000004ba   0x000004ba   0x00000006   Code   RO         1656    .text               c_w.l(heapauxi.o)
    0x000004c0   0x000004c0   0x00000064   Code   RO         1756    .text               c_w.l(rt_memcpy_w.o)
    0x00000524   0x00000524   0x0000004e   Code   RO         1758    .text               c_w.l(rt_memclr_w.o)
    0x00000572   0x00000572   0x0000004a   Code   RO         1816    .text               c_w.l(sys_stackheap_outer.o)
    0x000005bc   0x000005bc   0x00000012   Code   RO         1926    .text               c_w.l(exit.o)
    0x000005ce   0x000005ce   0x00000002   PAD
    0x000005d0   0x000005d0   0x00000008   Code   RO         2008    .text               c_w.l(libspace.o)
    0x000005d8   0x000005d8   0x0000000c   Code   RO         2059    .text               c_w.l(sys_exit.o)
    0x000005e4   0x000005e4   0x00000002   Code   RO         2063    .text               c_w.l(use_no_semi.o)
    0x000005e6   0x000005e6   0x00000000   Code   RO         2065    .text               c_w.l(indicate_semi.o)
    0x000005e6   0x000005e6   0x00000002   PAD
    0x000005e8   0x000005e8   0x00000040   Code   RO            4    .text.BTN1_CHK_TASK  main.o
    0x00000628   0x00000628   0x00000066   Code   RO            6    .text.BTN2_CHK_TASK  main.o
    0x0000068e   0x0000068e   0x00000002   PAD
    0x00000690   0x00000690   0x00000064   Code   RO          114    .text.PendSV_Handler  port.o
    0x000006f4   0x000006f4   0x0000006a   Code   RO           25    .text.PortFInit     init.o
    0x0000075e   0x0000075e   0x00000002   PAD
    0x00000760   0x00000760   0x00000024   Code   RO           98    .text.SVC_Handler   port.o
    0x00000784   0x00000784   0x0000003c   Code   RO          116    .text.SysTick_Handler  port.o
    0x000007c0   0x000007c0   0x0000010c   Code   RO           66    .text.SystemInit    system_tm4c123.o
    0x000008cc   0x000008cc   0x00000080   Code   RO          334    .text.eTaskConfirmSleepModeStatus  tasks.o
    0x0000094c   0x0000094c   0x0000007e   Code   RO            2    .text.main          main.o
    0x000009ca   0x000009ca   0x00000002   PAD
    0x000009cc   0x000009cc   0x00000122   Code   RO          256    .text.prvAddCurrentTaskToDelayedList  tasks.o
    0x00000aee   0x00000aee   0x00000002   PAD
    0x00000af0   0x00000af0   0x00000154   Code   RO          244    .text.prvAddNewTaskToReadyList  tasks.o
    0x00000c44   0x00000c44   0x0000006a   Code   RO          410    .text.prvCheckForValidListAndQueue  timers.o
    0x00000cae   0x00000cae   0x00000002   PAD
    0x00000cb0   0x00000cb0   0x0000005a   Code   RO          374    .text.prvCheckTasksWaitingTermination  tasks.o
    0x00000d0a   0x00000d0a   0x00000002   PAD
    0x00000d0c   0x00000d0c   0x00000042   Code   RO          191    .text.prvCopyDataFromQueue  queue.o
    0x00000d4e   0x00000d4e   0x00000002   PAD
    0x00000d50   0x00000d50   0x000000cc   Code   RO          177    .text.prvCopyDataToQueue  queue.o
    0x00000e1c   0x00000e1c   0x00000018   Code   RO          250    .text.prvDeleteTCB  tasks.o
    0x00000e34   0x00000e34   0x0000007c   Code   RO          376    .text.prvGetExpectedIdleTime  tasks.o
    0x00000eb0   0x00000eb0   0x00000040   Code   RO          446    .text.prvGetNextExpireTime  timers.o
    0x00000ef0   0x00000ef0   0x0000009e   Code   RO          282    .text.prvIdleTask   tasks.o
    0x00000f8e   0x00000f8e   0x00000002   PAD
    0x00000f90   0x00000f90   0x0000004e   Code   RO          157    .text.prvInitialiseNewQueue  queue.o
    0x00000fde   0x00000fde   0x00000002   PAD
    0x00000fe0   0x00000fe0   0x00000146   Code   RO          242    .text.prvInitialiseNewTask  tasks.o
    0x00001126   0x00001126   0x00000002   PAD
    0x00001128   0x00001128   0x0000008e   Code   RO          372    .text.prvInitialiseTaskLists  tasks.o
    0x000011b6   0x000011b6   0x00000002   PAD
    0x000011b8   0x000011b8   0x00000086   Code   RO          460    .text.prvInsertTimerInActiveList  timers.o
    0x0000123e   0x0000123e   0x00000002   PAD
    0x00001240   0x00001240   0x00000028   Code   RO          193    .text.prvIsQueueEmpty  queue.o
    0x00001268   0x00001268   0x0000002e   Code   RO          181    .text.prvIsQueueFull  queue.o
    0x00001296   0x00001296   0x00000002   PAD
    0x00001298   0x00001298   0x000000d8   Code   RO          179    .text.prvNotifyQueueSetContainer  queue.o
    0x00001370   0x00001370   0x00000028   Code   RO          106    .text.prvPortStartFirstTask  port.o
    0x00001398   0x00001398   0x00000054   Code   RO          454    .text.prvProcessExpiredTimer  timers.o
    0x000013ec   0x000013ec   0x00000180   Code   RO          450    .text.prvProcessReceivedCommands  timers.o
    0x0000156c   0x0000156c   0x0000009a   Code   RO          448    .text.prvProcessTimerOrBlockTask  timers.o
    0x00001606   0x00001606   0x00000002   PAD
    0x00001608   0x00001608   0x00000034   Code   RO          458    .text.prvReloadTimer  timers.o
    0x0000163c   0x0000163c   0x0000003c   Code   RO          248    .text.prvResetNextTaskUnblockTime  tasks.o
    0x00001678   0x00001678   0x00000044   Code   RO          452    .text.prvSampleTimeNow  timers.o
    0x000016bc   0x000016bc   0x00000052   Code   RO          456    .text.prvSwitchTimerLists  timers.o
    0x0000170e   0x0000170e   0x00000002   PAD
    0x00001710   0x00001710   0x0000004c   Code   RO           96    .text.prvTaskExitError  port.o
    0x0000175c   0x0000175c   0x0000001e   Code   RO          412    .text.prvTimerTask  timers.o
    0x0000177a   0x0000177a   0x00000002   PAD
    0x0000177c   0x0000177c   0x000000cc   Code   RO          183    .text.prvUnlockQueue  queue.o
    0x00001848   0x00001848   0x000000c0   Code   RO          135    .text.pvPortMalloc  heap_1.o
    0x00001908   0x00001908   0x0000005e   Code   RO           94    .text.pxPortInitialiseStack  port.o
    0x00001966   0x00001966   0x00000002   PAD
    0x00001968   0x00001968   0x00000048   Code   RO           85    .text.uxListRemove  list.o
    0x000019b0   0x000019b0   0x00000002   Code   RO            8    .text.vApplicationIdleHook  main.o
    0x000019b2   0x000019b2   0x00000002   PAD
    0x000019b4   0x000019b4   0x0000002e   Code   RO           77    .text.vListInitialise  list.o
    0x000019e2   0x000019e2   0x00000002   PAD
    0x000019e4   0x000019e4   0x0000000e   Code   RO           79    .text.vListInitialiseItem  list.o
    0x000019f2   0x000019f2   0x00000002   PAD
    0x000019f4   0x000019f4   0x0000006a   Code   RO           83    .text.vListInsert   list.o
    0x00001a5e   0x00001a5e   0x00000002   PAD
    0x00001a60   0x00001a60   0x00000014   Code   RO          104    .text.vPortEnableVFP  port.o
    0x00001a74   0x00001a74   0x00000056   Code   RO          110    .text.vPortEnterCritical  port.o
    0x00001aca   0x00001aca   0x00000002   PAD
    0x00001acc   0x00001acc   0x0000004a   Code   RO          112    .text.vPortExitCritical  port.o
    0x00001b16   0x00001b16   0x00000002   PAD
    0x00001b18   0x00001b18   0x00000024   Code   RO          137    .text.vPortFree     heap_1.o
    0x00001b3c   0x00001b3c   0x00000078   Code   RO          102    .text.vPortSetupTimerInterrupt  port.o
    0x00001bb4   0x00001bb4   0x0000020c   Code   RO          118    .text.vPortSuppressTicksAndSleep  port.o
    0x00001dc0   0x00001dc0   0x00000064   Code   RO          221    .text.vQueueWaitForMessageRestricted  queue.o
    0x00001e24   0x00001e24   0x00000024   Code   RO          324    .text.vTaskInternalSetTimeOutState  tasks.o
    0x00001e48   0x00001e48   0x0000000e   Code   RO          328    .text.vTaskMissedYield  tasks.o
    0x00001e56   0x00001e56   0x00000002   PAD
    0x00001e58   0x00001e58   0x00000042   Code   RO          312    .text.vTaskPlaceOnEventList  tasks.o
    0x00001e9a   0x00001e9a   0x00000002   PAD
    0x00001e9c   0x00001e9c   0x0000007c   Code   RO          316    .text.vTaskPlaceOnEventListRestricted  tasks.o
    0x00001f18   0x00001f18   0x000000ba   Code   RO          280    .text.vTaskStartScheduler  tasks.o
    0x00001fd2   0x00001fd2   0x00000002   PAD
    0x00001fd4   0x00001fd4   0x0000004c   Code   RO          306    .text.vTaskStepTick  tasks.o
    0x00002020   0x00002020   0x00000010   Code   RO          254    .text.vTaskSuspendAll  tasks.o
    0x00002030   0x00002030   0x000000be   Code   RO          272    .text.vTaskSwitchContext  tasks.o
    0x000020ee   0x000020ee   0x00000002   PAD
    0x000020f0   0x000020f0   0x00000156   Code   RO          100    .text.xPortStartScheduler  port.o
    0x00002246   0x00002246   0x00000002   PAD
    0x00002248   0x00002248   0x0000009a   Code   RO          155    .text.xQueueGenericCreate  queue.o
    0x000022e2   0x000022e2   0x00000002   PAD
    0x000022e4   0x000022e4   0x00000108   Code   RO          153    .text.xQueueGenericReset  queue.o
    0x000023ec   0x000023ec   0x00000274   Code   RO          169    .text.xQueueGenericSend  queue.o
    0x00002660   0x00002660   0x000001dc   Code   RO          189    .text.xQueueReceive  queue.o
    0x0000283c   0x0000283c   0x000000fc   Code   RO          326    .text.xTaskCheckForTimeOut  tasks.o
    0x00002938   0x00002938   0x00000098   Code   RO          240    .text.xTaskCreate   tasks.o
    0x000029d0   0x000029d0   0x00000038   Code   RO          346    .text.xTaskGetSchedulerState  tasks.o
    0x00002a08   0x00002a08   0x00000014   Code   RO          288    .text.xTaskGetTickCount  tasks.o
    0x00002a1c   0x00002a1c   0x00000260   Code   RO          286    .text.xTaskIncrementTick  tasks.o
    0x00002c7c   0x00002c7c   0x00000138   Code   RO          350    .text.xTaskPriorityDisinherit  tasks.o
    0x00002db4   0x00002db4   0x00000192   Code   RO          318    .text.xTaskRemoveFromEventList  tasks.o
    0x00002f46   0x00002f46   0x00000002   PAD
    0x00002f48   0x00002f48   0x00000222   Code   RO          258    .text.xTaskResumeAll  tasks.o
    0x0000316a   0x0000316a   0x00000002   PAD
    0x0000316c   0x0000316c   0x0000006a   Code   RO          408    .text.xTimerCreateTimerTask  timers.o
    0x000031d6   0x000031d6   0x00000028   Code   RO          481    i.GPIODirModeSet    driverlib.lib(gpio.o)
    0x000031fe   0x000031fe   0x00000002   PAD
    0x00003200   0x00003200   0x00000170   Code   RO          493    i.GPIOPadConfigSet  driverlib.lib(gpio.o)
    0x00003370   0x00003370   0x00000006   Code   RO          495    i.GPIOPinRead       driverlib.lib(gpio.o)
    0x00003376   0x00003376   0x0000001c   Code   RO          504    i.GPIOPinTypeGPIOInput  driverlib.lib(gpio.o)
    0x00003392   0x00003392   0x0000001c   Code   RO          505    i.GPIOPinTypeGPIOOutput  driverlib.lib(gpio.o)
    0x000033ae   0x000033ae   0x00000002   PAD
    0x000033b0   0x000033b0   0x00000028   Code   RO          848    i.SysCtlPeripheralEnable  driverlib.lib(sysctl.o)
    0x000033d8   0x000033d8   0x0000002c   Code   RO          852    i.SysCtlPeripheralReady  driverlib.lib(sysctl.o)
    0x00003404   0x00003404   0x0000001a   Code   RO         2057    x$fpl$fpinit        fz_wm.l(fpinit.o)
    0x0000341e   0x0000341e   0x0000001e   Data   RO           12    .rodata.str1.1      main.o
    0x0000343c   0x0000343c   0x00000005   Data   RO          394    .rodata.str1.1      tasks.o
    0x00003441   0x00003441   0x00000008   Data   RO          463    .rodata.str1.1      timers.o
    0x00003449   0x00003449   0x00000003   PAD
    0x0000344c   0x0000344c   0x00000004   Data   RO          379    .rodata.uxTopUsedPriority  tasks.o
    0x00003450   0x00003450   0x00000020   Data   RO         2147    Region$$Table       anon$$obj.o


    Execution Region RW_IRAM1 (Exec base: 0x20000000, Load base: 0x00003470, Size: 0x000013d0, Max: 0x00008000, ABSOLUTE)

    Exec Addr    Load Addr    Size         Type   Attr      Idx    E Section Name        Object

    0x20000000   0x00003470   0x00000004   Data   RW           68    .data.SystemCoreClock  system_tm4c123.o
    0x20000004   0x00003474   0x00000004   Data   RW          124    .data.uxCriticalNesting  port.o
    0x20000008        -       0x00000060   Zero   RW         2009    .bss                c_w.l(libspace.o)
    0x20000068        -       0x00000004   Zero   RW           10    .bss.counter        main.o
    0x2000006c        -       0x00000004   Zero   RW          467    .bss.prvSampleTimeNow.xLastTime  timers.o
    0x20000070        -       0x00000004   Zero   RW          143    .bss.pvPortMalloc.pucAlignedHeap  heap_1.o
    0x20000074        -       0x00000004   Zero   RW          378    .bss.pxCurrentTCB   tasks.o
    0x20000078        -       0x00000004   Zero   RW          465    .bss.pxCurrentTimerList  timers.o
    0x2000007c        -       0x00000004   Zero   RW          389    .bss.pxDelayedTaskList  tasks.o
    0x20000080        -       0x00000004   Zero   RW          390    .bss.pxOverflowDelayedTaskList  tasks.o
    0x20000084        -       0x00000004   Zero   RW          466    .bss.pxOverflowTimerList  timers.o
    0x20000088        -       0x00000064   Zero   RW          380    .bss.pxReadyTasksLists  tasks.o
    0x200000ec        -       0x00001000   Zero   RW          144    .bss.ucHeap         heap_1.o
    0x200010ec        -       0x00000001   Zero   RW          122    .bss.ucMaxSysCallPriority  port.o
    0x200010ed   0x00003478   0x00000003   PAD
    0x200010f0        -       0x00000004   Zero   RW          123    .bss.ulMaxPRIGROUPValue  port.o
    0x200010f4        -       0x00000004   Zero   RW          127    .bss.ulStoppedTimerCompensation  port.o
    0x200010f8        -       0x00000004   Zero   RW          126    .bss.ulTimerCountsForOneTick  port.o
    0x200010fc        -       0x00000004   Zero   RW          385    .bss.uxCurrentNumberOfTasks  tasks.o
    0x20001100        -       0x00000004   Zero   RW          384    .bss.uxDeletedTasksWaitingCleanUp  tasks.o
    0x20001104        -       0x00000004   Zero   RW          387    .bss.uxSchedulerSuspended  tasks.o
    0x20001108        -       0x00000004   Zero   RW          382    .bss.uxTaskNumber   tasks.o
    0x2000110c        -       0x00000004   Zero   RW          381    .bss.uxTopReadyPriority  tasks.o
    0x20001110        -       0x00000014   Zero   RW          468    .bss.xActiveTimerList1  timers.o
    0x20001124        -       0x00000014   Zero   RW          469    .bss.xActiveTimerList2  timers.o
    0x20001138        -       0x00000014   Zero   RW          399    .bss.xDelayedTaskList1  tasks.o
    0x2000114c        -       0x00000014   Zero   RW          400    .bss.xDelayedTaskList2  tasks.o
    0x20001160        -       0x00000004   Zero   RW          395    .bss.xIdleTaskHandle  tasks.o
    0x20001164        -       0x00000004   Zero   RW          125    .bss.xMaximumPossibleSuppressedTicks  port.o
    0x20001168        -       0x00000004   Zero   RW          145    .bss.xNextFreeByte  heap_1.o
    0x2000116c        -       0x00000004   Zero   RW          396    .bss.xNextTaskUnblockTime  tasks.o
    0x20001170        -       0x00000004   Zero   RW          398    .bss.xNumOfOverflows  tasks.o
    0x20001174        -       0x00000004   Zero   RW          397    .bss.xPendedTicks   tasks.o
    0x20001178        -       0x00000014   Zero   RW          393    .bss.xPendingReadyList  tasks.o
    0x2000118c        -       0x00000004   Zero   RW           11    .bss.xQueue         main.o
    0x20001190        -       0x00000004   Zero   RW          386    .bss.xSchedulerRunning  tasks.o
    0x20001194        -       0x00000014   Zero   RW          391    .bss.xSuspendedTaskList  tasks.o
    0x200011a8        -       0x00000014   Zero   RW          383    .bss.xTasksWaitingTermination  tasks.o
    0x200011bc        -       0x00000004   Zero   RW          388    .bss.xTickCount     tasks.o
    0x200011c0        -       0x00000004   Zero   RW          462    .bss.xTimerQueue    timers.o
    0x200011c4        -       0x00000004   Zero   RW          464    .bss.xTimerTaskHandle  timers.o
    0x200011c8        -       0x00000004   Zero   RW          392    .bss.xYieldPending  tasks.o
    0x200011cc   0x00003478   0x00000004   PAD
    0x200011d0        -       0x00000000   Zero   RW           53    HEAP                startup_tm4c123.o
    0x200011d0        -       0x00000200   Zero   RW           52    STACK               startup_tm4c123.o


==============================================================================

Image component sizes


      Code (inc. data)   RO Data    RW Data    ZI Data      Debug   Object Name

       228          0          0          0       4104       1819   heap_1.o
       106          0          0          0          0       1142   init.o
       238          0          0          0          0       2375   list.o
       294          0         30          0          8       1466   main.o
      1572         16          0          4         17       4917   port.o
      2476          0          0          0          0      17027   queue.o
       276         24        620          0        512       5524   startup_tm4c123.o
       268          0          0          4          0       6787   system_tm4c123.o
      4738          0          9          0        260      27232   tasks.o
      1264         10          8          0         60       9504   timers.o

    ----------------------------------------------------------------------
     11522         50        702          8       4968      77793   Object Totals
         0          0         32          0          0          0   (incl. Generated)
        62          0          3          0          7          0   (incl. Padding)

    ----------------------------------------------------------------------

      Code (inc. data)   RO Data    RW Data    ZI Data      Debug   Library Member Name

         8          0          0          0          0         68   __main.o
         0          0          0          0          0          0   __rtentry.o
        12          0          0          0          0          0   __rtentry2.o
         6          0          0          0          0          0   __rtentry4.o
        52          8          0          0          0          0   __scatter.o
        26          0          0          0          0          0   __scatter_copy.o
        28          0          0          0          0          0   __scatter_zi.o
        16          0          0          0          0         68   aeabi_memset4.o
        18          0          0          0          0         80   exit.o
         6          0          0          0          0        152   heapauxi.o
         0          0          0          0          0          0   indicate_semi.o
         2          0          0          0          0          0   libinit.o
         6          0          0          0          0          0   libinit2.o
         2          0          0          0          0          0   libshutdown.o
         2          0          0          0          0          0   libshutdown2.o
         8          4          0          0         96         68   libspace.o
        78          0          0          0          0         80   rt_memclr_w.o
       138          0          0          0          0         68   rt_memcpy_v6.o
       100          0          0          0          0         80   rt_memcpy_w.o
         2          0          0          0          0          0   rtexit.o
        10          0          0          0          0          0   rtexit2.o
        12          4          0          0          0         68   sys_exit.o
        74          0          0          0          0         80   sys_stackheap_outer.o
         2          0          0          0          0         68   use_no_semi.o
       470         14          0          0          0       8317   gpio.o
        84          8          0          0          0       1021   sysctl.o
        26          0          0          0          0        116   fpinit.o

    ----------------------------------------------------------------------
      1200         38          0          0         96      10334   Library Totals
        12          0          0          0          0          0   (incl. Padding)

    ----------------------------------------------------------------------

      Code (inc. data)   RO Data    RW Data    ZI Data      Debug   Library Name

       608         16          0          0         96        880   c_w.l
       554         22          0          0          0       9338   driverlib.lib
        26          0          0          0          0        116   fz_wm.l

    ----------------------------------------------------------------------
      1200         38          0          0         96      10334   Library Totals

    ----------------------------------------------------------------------

==============================================================================


      Code (inc. data)   RO Data    RW Data    ZI Data      Debug   

     12722         88        702          8       5064      87303   Grand Totals
     12722         88        702          8       5064      87303   ELF Image Totals
     12722         88        702          8          0          0   ROM Totals

==============================================================================

    Total RO  Size (Code + RO Data)                13424 (  13.11kB)
    Total RW  Size (RW Data + ZI Data)              5072 (   4.95kB)
    Total ROM Size (Code + RO Data + RW Data)      13432 (  13.12kB)

==============================================================================

