Component: ARM Compiler 6.16 Tool: armlink [5dfeaa00]

==============================================================================

Section Cross References

    main.o(.ARM.exidx.text.delay) refers to main.o(.text.delay) for [Anonymous Symbol]
    main.o(.text.main) refers to queue.o(.text.xQueueCreateMutex) for xQueueCreateMutex
    main.o(.text.main) refers to main.o(.bss.xMutex) for xMutex
    main.o(.text.main) refers to main.o(.bss.xMutex2) for xMutex2
    main.o(.text.main) refers to main.o(.bss.xTask1_Handle) for xTask1_Handle
    main.o(.text.main) refers to main.o(.text.vTask1) for vTask1
    main.o(.text.main) refers to main.o(.rodata.str1.1) for .L.str
    main.o(.text.main) refers to tasks.o(.text.xTaskCreate) for xTaskCreate
    main.o(.text.main) refers to main.o(.bss.xTask2_Handle) for xTask2_Handle
    main.o(.text.main) refers to main.o(.text.vTask2) for vTask2
    main.o(.text.main) refers to main.o(.text.INIT_TASK) for INIT_TASK
    main.o(.text.main) refers to tasks.o(.text.vTaskStartScheduler) for vTaskStartScheduler
    main.o(.ARM.exidx.text.main) refers to main.o(.text.main) for [Anonymous Symbol]
    main.o(.text.vTask1) refers to main.o(.bss.xMutex) for xMutex
    main.o(.text.vTask1) refers to queue.o(.text.xQueueSemaphoreTake) for xQueueSemaphoreTake
    main.o(.text.vTask1) refers to main.o(.bss.buffer) for buffer
    main.o(.text.vTask1) refers to main.o(.rodata.str1.1) for .L.str.3
    main.o(.text.vTask1) refers to sprintf.o(.text) for sprintf
    main.o(.text.vTask1) refers to main.o(.text.UART_PrintBuffer) for UART_PrintBuffer
    main.o(.text.vTask1) refers to main.o(.bss.xMutex2) for xMutex2
    main.o(.text.vTask1) refers to queue.o(.text.xQueueGenericSend) for xQueueGenericSend
    main.o(.ARM.exidx.text.vTask1) refers to main.o(.text.vTask1) for [Anonymous Symbol]
    main.o(.text.vTask2) refers to main.o(.bss.xMutex2) for xMutex2
    main.o(.text.vTask2) refers to queue.o(.text.xQueueSemaphoreTake) for xQueueSemaphoreTake
    main.o(.text.vTask2) refers to main.o(.bss.buffer) for buffer
    main.o(.text.vTask2) refers to main.o(.rodata.str1.1) for .L.str.3
    main.o(.text.vTask2) refers to sprintf.o(.text) for sprintf
    main.o(.text.vTask2) refers to main.o(.text.UART_PrintBuffer) for UART_PrintBuffer
    main.o(.text.vTask2) refers to main.o(.bss.xMutex) for xMutex
    main.o(.text.vTask2) refers to queue.o(.text.xQueueGenericSend) for xQueueGenericSend
    main.o(.ARM.exidx.text.vTask2) refers to main.o(.text.vTask2) for [Anonymous Symbol]
    main.o(.text.INIT_TASK) refers to init.o(.text.PortAInit) for PortAInit
    main.o(.text.INIT_TASK) refers to init.o(.text.PortFInit) for PortFInit
    main.o(.text.INIT_TASK) refers to init.o(.text.UART0Init) for UART0Init
    main.o(.text.INIT_TASK) refers to tasks.o(.text.vTaskDelete) for vTaskDelete
    main.o(.ARM.exidx.text.INIT_TASK) refers to main.o(.text.INIT_TASK) for [Anonymous Symbol]
    main.o(.text.vApplicationIdleHook) refers to main.o(.bss.buffer) for buffer
    main.o(.text.vApplicationIdleHook) refers to main.o(.rodata.str1.1) for .L.str.3
    main.o(.text.vApplicationIdleHook) refers to sprintf.o(.text) for sprintf
    main.o(.text.vApplicationIdleHook) refers to main.o(.text.UART_PrintBuffer) for UART_PrintBuffer
    main.o(.ARM.exidx.text.vApplicationIdleHook) refers to main.o(.text.vApplicationIdleHook) for [Anonymous Symbol]
    main.o(.text.UART_PrintBuffer) refers to main.o(.bss.buffer) for buffer
    main.o(.text.UART_PrintBuffer) refers to uart.o(i.UARTCharPut) for UARTCharPut
    main.o(.ARM.exidx.text.UART_PrintBuffer) refers to main.o(.text.UART_PrintBuffer) for [Anonymous Symbol]
    init.o(.ARM.exidx.text.CalcTicks) refers to init.o(.text.CalcTicks) for [Anonymous Symbol]
    init.o(.text.PortFInit) refers to sysctl.o(i.SysCtlPeripheralEnable) for SysCtlPeripheralEnable
    init.o(.text.PortFInit) refers to sysctl.o(i.SysCtlPeripheralReady) for SysCtlPeripheralReady
    init.o(.text.PortFInit) refers to gpio.o(i.GPIOPinTypeGPIOInput) for GPIOPinTypeGPIOInput
    init.o(.text.PortFInit) refers to gpio.o(i.GPIOPadConfigSet) for GPIOPadConfigSet
    init.o(.text.PortFInit) refers to gpio.o(i.GPIOPinTypeGPIOOutput) for GPIOPinTypeGPIOOutput
    init.o(.ARM.exidx.text.PortFInit) refers to init.o(.text.PortFInit) for [Anonymous Symbol]
    init.o(.text.PortAInit) refers to sysctl.o(i.SysCtlPeripheralEnable) for SysCtlPeripheralEnable
    init.o(.text.PortAInit) refers to sysctl.o(i.SysCtlPeripheralReady) for SysCtlPeripheralReady
    init.o(.text.PortAInit) refers to gpio.o(i.GPIOPinTypeUART) for GPIOPinTypeUART
    init.o(.ARM.exidx.text.PortAInit) refers to init.o(.text.PortAInit) for [Anonymous Symbol]
    init.o(.text.UART0Init) refers to sysctl.o(i.SysCtlPeripheralEnable) for SysCtlPeripheralEnable
    init.o(.text.UART0Init) refers to sysctl.o(i.SysCtlPeripheralReady) for SysCtlPeripheralReady
    init.o(.text.UART0Init) refers to uart.o(i.UARTDisable) for UARTDisable
[...]
    __lcnum_c_start                          0x00005e94   Data           0  lc_numeric_c.o(locale$$data)
    __lcnum_c_point                          0x00005ea0   Data           0  lc_numeric_c.o(locale$$data)
    __lcnum_c_thousands                      0x00005ea2   Data           0  lc_numeric_c.o(locale$$data)
    __lcnum_c_grouping                       0x00005ea3   Data           0  lc_numeric_c.o(locale$$data)
    __lcnum_c_end                            0x00005ea4   Data           0  lc_numeric_c.o(locale$$data)
    locale$$data                             0x00005ea4   Section      272  lc_ctype_c.o(locale$$data)
    __lcctype_c_name                         0x00005ea8   Data           2  lc_ctype_c.o(locale$$data)
    __lcctype_c_start                        0x00005eb0   Data           0  lc_ctype_c.o(locale$$data)
    __lcctype_c_end                          0x00005fb4   Data           0  lc_ctype_c.o(locale$$data)
    uxCriticalNesting                        0x20000004   Data           4  port.o(.data.uxCriticalNesting)
    [Anonymous Symbol]                       0x20000004   Section        0  port.o(.data.uxCriticalNesting)
    xFreeBytesRemaining                      0x20000008   Data           4  heap_2.o(.data.xFreeBytesRemaining)
    [Anonymous Symbol]                       0x20000008   Section        0  heap_2.o(.data.xFreeBytesRemaining)
    .bss                                     0x20000010   Section       96  libspace.o(.bss)
    prvSampleTimeNow.xLastTime               0x200000a4   Data           4  timers.o(.bss.prvSampleTimeNow.xLastTime)
    [Anonymous Symbol]                       0x200000a4   Section        0  timers.o(.bss.prvSampleTimeNow.xLastTime)
    pvPortMalloc.xHeapHasBeenInitialised     0x200000a8   Data           4  heap_2.o(.bss.pvPortMalloc.xHeapHasBeenInitialised)
    [Anonymous Symbol]                       0x200000a8   Section        0  heap_2.o(.bss.pvPortMalloc.xHeapHasBeenInitialised)
    pxCurrentTimerList                       0x200000b0   Data           4  timers.o(.bss.pxCurrentTimerList)
    [Anonymous Symbol]                       0x200000b0   Section        0  timers.o(.bss.pxCurrentTimerList)
    pxDelayedTaskList                        0x200000b4   Data           4  tasks.o(.bss.pxDelayedTaskList)
    [Anonymous Symbol]                       0x200000b4   Section        0  tasks.o(.bss.pxDelayedTaskList)
    pxOverflowDelayedTaskList                0x200000b8   Data           4  tasks.o(.bss.pxOverflowDelayedTaskList)
    [Anonymous Symbol]                       0x200000b8   Section        0  tasks.o(.bss.pxOverflowDelayedTaskList)
    pxOverflowTimerList                      0x200000bc   Data           4  timers.o(.bss.pxOverflowTimerList)
    [Anonymous Symbol]                       0x200000bc   Section        0  timers.o(.bss.pxOverflowTimerList)
    pxReadyTasksLists                        0x200000c0   Data         100  tasks.o(.bss.pxReadyTasksLists)
    [Anonymous Symbol]                       0x200000c0   Section        0  tasks.o(.bss.pxReadyTasksLists)
    ucHeap                                   0x20000124   Data        8192  heap_2.o(.bss.ucHeap)
    [Anonymous Symbol]                       0x20000124   Section        0  heap_2.o(.bss.ucHeap)
    ucMaxSysCallPriority                     0x20002124   Data           1  port.o(.bss.ucMaxSysCallPriority)
    [Anonymous Symbol]                       0x20002124   Section        0  port.o(.bss.ucMaxSysCallPriority)
    ulMaxPRIGROUPValue                       0x20002128   Data           4  port.o(.bss.ulMaxPRIGROUPValue)
    [Anonymous Symbol]                       0x20002128   Section        0  port.o(.bss.ulMaxPRIGROUPValue)
    ulStoppedTimerCompensation               0x2000212c   Data           4  port.o(.bss.ulStoppedTimerCompensation)
    [Anonymous Symbol]                       0x2000212c   Section        0  port.o(.bss.ulStoppedTimerCompensation)
    ulTimerCountsForOneTick                  0x20002130   Data           4  port.o(.bss.ulTimerCountsForOneTick)
    [Anonymous Symbol]                       0x20002130   Section        0  port.o(.bss.ulTimerCountsForOneTick)
    uxCurrentNumberOfTasks                   0x20002134   Data           4  tasks.o(.bss.uxCurrentNumberOfTasks)
    [Anonymous Symbol]                       0x20002134   Section        0  tasks.o(.bss.uxCurrentNumberOfTasks)
    uxDeletedTasksWaitingCleanUp             0x20002138   Data           4  tasks.o(.bss.uxDeletedTasksWaitingCleanUp)
    [Anonymous Symbol]                       0x20002138   Section        0  tasks.o(.bss.uxDeletedTasksWaitingCleanUp)
    uxSchedulerSuspended                     0x2000213c   Data           4  tasks.o(.bss.uxSchedulerSuspended)
    [Anonymous Symbol]                       0x2000213c   Section        0  tasks.o(.bss.uxSchedulerSuspended)
    uxTaskNumber                             0x20002140   Data           4  tasks.o(.bss.uxTaskNumber)
    [Anonymous Symbol]                       0x20002140   Section        0  tasks.o(.bss.uxTaskNumber)
    uxTopReadyPriority                       0x20002144   Data           4  tasks.o(.bss.uxTopReadyPriority)
    [Anonymous Symbol]                       0x20002144   Section        0  tasks.o(.bss.uxTopReadyPriority)
    xActiveTimerList1                        0x20002148   Data          20  timers.o(.bss.xActiveTimerList1)
    [Anonymous Symbol]                       0x20002148   Section        0  timers.o(.bss.xActiveTimerList1)
    xActiveTimerList2                        0x2000215c   Data          20  timers.o(.bss.xActiveTimerList2)
    [Anonymous Symbol]                       0x2000215c   Section        0  timers.o(.bss.xActiveTimerList2)
    xDelayedTaskList1                        0x20002170   Data          20  tasks.o(.bss.xDelayedTaskList1)
    [Anonymous Symbol]                       0x20002170   Section        0  tasks.o(.bss.xDelayedTaskList1)
    xDelayedTaskList2                        0x20002184   Data          20  tasks.o(.bss.xDelayedTaskList2)
    [Anonymous Symbol]                       0x20002184   Section        0  tasks.o(.bss.xDelayedTaskList2)
    xEnd                                     0x20002198   Data           8  heap_2.o(.bss.xEnd)
    [Anonymous Symbol]                       0x20002198   Section        0  heap_2.o(.bss.xEnd)
    xIdleTaskHandle                          0x200021a0   Data           4  tasks.o(.bss.xIdleTaskHandle)
    [Anonymous Symbol]                       0x200021a0   Section        0  tasks.o(.bss.xIdleTaskHandle)
    xMaximumPossibleSuppressedTicks          0x200021a4   Data           4  port.o(.bss.xMaximumPossibleSuppressedTicks)
    [Anonymous Symbol]                       0x200021a4   Section        0  port.o(.bss.xMaximumPossibleSuppressedTicks)
    xNextTaskUnblockTime                     0x200021b0   Data           4  tasks.o(.bss.xNextTaskUnblockTime)
    [Anonymous Symbol]                       0x200021b0   Section        0  tasks.o(.bss.xNextTaskUnblockTime)
    xNumOfOverflows                          0x200021b4   Data           4  tasks.o(.bss.xNumOfOverflows)
    [Anonymous Symbol]                       0x200021b4   Section        0  tasks.o(.bss.xNumOfOverflows)
    xPendedTicks                             0x200021b8   Data           4  tasks.o(.bss.xPendedTicks)
    [Anonymous Symbol]                       0x200021b8   Section        0  tasks.o(.bss.xPendedTicks)
    xPendingReadyList                        0x200021bc   Data          20  tasks.o(.bss.xPendingReadyList)
    [Anonymous Symbol]                       0x200021bc   Section        0  tasks.o(.bss.xPendingReadyList)
    xSchedulerRunning                        0x200021d0   Data           4  tasks.o(.bss.xSchedulerRunning)
    [Anonymous Symbol]                       0x200021d0   Section        0  tasks.o(.bss.xSchedulerRunning)
    xStart                                   0x200021d4   Data           8  heap_2.o(.bss.xStart)
    [Anonymous Symbol]                       0x200021d4   Section        0  heap_2.o(.bss.xStart)
    xSuspendedTaskList                       0x200021dc   Data          20  tasks.o(.bss.xSuspendedTaskList)
    [Anonymous Symbol]                       0x200021dc   Section        0  tasks.o(.bss.xSuspendedTaskList)
    xTasksWaitingTermination                 0x200021f8   Data          20  tasks.o(.bss.xTasksWaitingTermination)
    [Anonymous Symbol]                       0x200021f8   Section        0  tasks.o(.bss.xTasksWaitingTermination)
    xTickCount                               0x2000220c   Data           4  tasks.o(.bss.xTickCount)
    [Anonymous Symbol]                       0x2000220c   Section        0  tasks.o(.bss.xTickCount)
    xTimerQueue                              0x20002210   Data           4  timers.o(.bss.xTimerQueue)
    [Anonymous Symbol]                       0x20002210   Section        0  timers.o(.bss.xTimerQueue)
    xTimerTaskHandle                         0x20002214   Data           4  timers.o(.bss.xTimerTaskHandle)
    [Anonymous Symbol]                       0x20002214   Section        0  timers.o(.bss.xTimerTaskHandle)
    xYieldPending                            0x20002218   Data           4  tasks.o(.bss.xYieldPending)
    [Anonymous Symbol]                       0x20002218   Section        0  tasks.o(.bss.xYieldPending)
    Heap_Mem                                 0x20002220   Data           0  startup_tm4c123.o(HEAP)
    Stack_Mem                                0x20002220   Data         512  startup_tm4c123.o(STACK)
    HEAP                                     0x20002220   Section        0  startup_tm4c123.o(HEAP)
    STACK                                    0x20002220   Section      512  startup_tm4c123.o(STACK)
    __initial_sp                             0x20002420   Data           0  startup_tm4c123.o(STACK)

    Global Symbols

    Symbol Name                              Value     Ov Type        Size  Object(Section)

    BuildAttributes$$THM_ISAv4$E$P$D$K$B$S$7EM$VFPi3$EXTD16$VFPS$VFMA$PE$A:L22UL41UL21$X:L11$S22US41US21$IEEE1$IW$~IW$USESV6$~STKCKD$USESV7$~SHL$OTIME$ROPI$IEEEJ$EBA8$UX$STANDARDLIB$REQ8$PRES8$EABIv2 0x00000000   Number         0  anon$$obj.o ABSOLUTE
    __Vectors                                0x00000000   Data           4  startup_tm4c123.o(RESET)
    _printf_flags                            0x00000000   Number         0  printf_stubs.o ABSOLUTE
    _printf_return_value                     0x00000000   Number         0  printf_stubs.o ABSOLUTE
    _printf_sizespec                         0x00000000   Number         0  printf_stubs.o ABSOLUTE
    _printf_widthprec                        0x00000000   Number         0  printf_stubs.o ABSOLUTE
    __ARM_exceptions_init                     - Undefined Weak Reference
    __alloca_initialize                       - Undefined Weak Reference
    __arm_preinit_                            - Undefined Weak Reference
    __cpp_initialize__aeabi_                  - Undefined Weak Reference
    __cxa_finalize                            - Undefined Weak Reference
    __sigvec_lookup                           - Undefined Weak Reference
    _atexit_init                              - Undefined Weak Reference
    _call_atexit_fns                          - Undefined Weak Reference
    _clock_init                               - Undefined Weak Reference
    _fp_trap_init                             - Undefined Weak Reference
    _fp_trap_shutdown                         - Undefined Weak Reference
    _get_lc_collate                           - Undefined Weak Reference
    _get_lc_monetary                          - Undefined Weak Reference
    _get_lc_time                              - Undefined Weak Reference
    _getenv_init                              - Undefined Weak Reference
    _handle_redirection                       - Undefined Weak Reference
    _init_alloc                               - Undefined Weak Reference
    _init_user_alloc                          - Undefined Weak Reference
    _initio                                   - Undefined Weak Reference
    _printf_mbtowc                            - Undefined Weak Reference
    _printf_wc                                - Undefined Weak Reference
    _rand_init                                - Undefined Weak Reference
    _signal_finish                            - Undefined Weak Reference
    _signal_init                              - Undefined Weak Reference
    _terminate_alloc                          - Undefined Weak Reference
    _terminate_user_alloc                     - Undefined Weak Reference
    _terminateio                              - Undefined Weak Reference
    __Vectors_End                            0x0000026c   Data           0  startup_tm4c123.o(RESET)
    __Vectors_Size                           0x0000026c   Number         0  startup_tm4c123.o ABSOLUTE
    __main                                   0x0000026d   Thumb Code     8  __main.o(!!!main)
    __scatterload                            0x00000275   Thumb Code     0  __scatter.o(!!!scatter)
    __scatterload_rt2                        0x00000275   Thumb Code    44  __scatter.o(!!!scatter)
    __scatterload_rt2_thumb_only             0x00000275   Thumb Code     0  __scatter.o(!!!scatter)
    __scatterload_null                       0x00000283   Thumb Code     0  __scatter.o(!!!scatter)
    __scatterload_copy                       0x000002a9   Thumb Code    26  __scatter_copy.o(!!handler_copy)
    __scatterload_zeroinit                   0x000002c5   Thumb Code    28  __scatter_zi.o(!!handler_zi)
    _printf_n                                0x000002e1   Thumb Code     0  _printf_n.o(.ARM.Collect$$_printf_percent$$00000001)
    _printf_percent                          0x000002e1   Thumb Code     0  _printf_percent.o(.ARM.Collect$$_printf_percent$$00000000)
    _printf_p                                0x000002e7   Thumb Code     0  _printf_p.o(.ARM.Collect$$_printf_percent$$00000002)
    _printf_f                                0x000002ed   Thumb Code     0  _printf_f.o(.ARM.Collect$$_printf_percent$$00000003)
    _printf_e                                0x000002f3   Thumb Code     0  _printf_e.o(.ARM.Collect$$_printf_percent$$00000004)
    _printf_g                                0x000002f9   Thumb Code     0  _printf_g.o(.ARM.Collect$$_printf_percent$$00000005)
    _printf_a                                0x000002ff   Thumb Code     0  _printf_a.o(.ARM.Collect$$_printf_percent$$00000006)
    _printf_ll                               0x00000305   Thumb Code     0  _printf_ll.o(.ARM.Collect$$_printf_percent$$00000007)
    _printf_i                                0x0000030f   Thumb Code     0  _printf_i.o(.ARM.Collect$$_printf_percent$$00000008)
    _printf_d                                0x00000315   Thumb Code     0  _printf_d.o(.ARM.Collect$$_printf_percent$$00000009)
    _printf_u                                0x0000031b   Thumb Code     0  _printf_u.o(.ARM.Collect$$_printf_percent$$0000000A)
    _printf_o                                0x00000321   Thumb Code     0  _printf_o.o(.ARM.Collect$$_printf_percent$$0000000B)
    _printf_x                                0x00000327   Thumb Code     0  _printf_x.o(.ARM.Collect$$_printf_percent$$0000000C)
    _printf_lli                              0x0000032d   Thumb Code     0  _printf_lli.o(.ARM.Collect$$_printf_percent$$0000000D)
    _printf_lld                              0x00000333   Thumb Code     0  _printf_lld.o(.ARM.Collect$$_printf_percent$$0000000E)
    _printf_llu                              0x00000339   Thumb Code     0  _printf_llu.o(.ARM.Collect$$_printf_percent$$0000000F)
    _printf_llo                              0x0000033f   Thumb Code     0  _printf_llo.o(.ARM.Collect$$_printf_percent$$00000010)
    _printf_llx                              0x00000345   Thumb Code     0  _printf_llx.o(.ARM.Collect$$_printf_percent$$00000011)
    _printf_l                                0x0000034b   Thumb Code     0  _printf_l.o(.ARM.Collect$$_printf_percent$$00000012)
    _printf_c                                0x00000355   Thumb Code     0  _printf_c.o(.ARM.Collect$$_printf_percent$$00000013)
    _printf_s                                0x0000035b   Thumb Code     0  _printf_s.o(.ARM.Collect$$_printf_percent$$00000014)
    _printf_lc                               0x00000361   Thumb Code     0  _printf_lc.o(.ARM.Collect$$_printf_percent$$00000015)
    _printf_ls                               0x00000367   Thumb Code     0  _printf_ls.o(.ARM.Collect$$_printf_percent$$00000016)
    _printf_percent_end                      0x0000036d   Thumb Code     0  _printf_percent_end.o(.ARM.Collect$$_printf_percent$$00000017)
    __rt_lib_init                            0x00000371   Thumb Code     0  libinit.o(.ARM.Collect$$libinit$$00000000)
    __rt_lib_init_fp_1                       0x00000373   Thumb Code     0  libinit2.o(.ARM.Collect$$libinit$$00000001)
    __rt_lib_init_heap_1                     0x00000377   Thumb Code     0  libinit2.o(.ARM.Collect$$libinit$$0000000A)
    __rt_lib_init_lc_common                  0x00000377   Thumb Code     0  libinit2.o(.ARM.Collect$$libinit$$0000000F)
    __rt_lib_init_preinit_1                  0x00000377   Thumb Code     0  libinit2.o(.ARM.Collect$$libinit$$00000004)
    __rt_lib_init_rand_1                     0x00000377   Thumb Code     0  libinit2.o(.ARM.Collect$$libinit$$0000000E)
    __rt_lib_init_user_alloc_1               0x00000377   Thumb Code     0  libinit2.o(.ARM.Collect$$libinit$$0000000C)
    __rt_lib_init_lc_collate_1               0x0000037d   Thumb Code     0  libinit2.o(.ARM.Collect$$libinit$$00000011)
    __rt_lib_init_lc_ctype_2                 0x0000037d   Thumb Code     0  libinit2.o(.ARM.Collect$$libinit$$00000012)
    __rt_lib_init_lc_ctype_1                 0x00000389   Thumb Code     0  libinit2.o(.ARM.Collect$$libinit$$00000013)
    __rt_lib_init_lc_monetary_1              0x00000389   Thumb Code     0  libinit2.o(.ARM.Collect$$libinit$$00000015)
    __rt_lib_init_lc_numeric_2               0x00000389   Thumb Code     0  libinit2.o(.ARM.Collect$$libinit$$00000016)
    __rt_lib_init_alloca_1                   0x00000393   Thumb Code     0  libinit2.o(.ARM.Collect$$libinit$$0000002E)
    __rt_lib_init_argv_1                     0x00000393   Thumb Code     0  libinit2.o(.ARM.Collect$$libinit$$0000002C)
    __rt_lib_init_atexit_1                   0x00000393   Thumb Code     0  libinit2.o(.ARM.Collect$$libinit$$0000001B)
    __rt_lib_init_clock_1                    0x00000393   Thumb Code     0  libinit2.o(.ARM.Collect$$libinit$$00000021)
    __rt_lib_init_cpp_1                      0x00000393   Thumb Code     0  libinit2.o(.ARM.Collect$$libinit$$00000032)
    __rt_lib_init_exceptions_1               0x00000393   Thumb Code     0  libinit2.o(.ARM.Collect$$libinit$$00000030)
    __rt_lib_init_fp_trap_1                  0x00000393   Thumb Code     0  libinit2.o(.ARM.Collect$$libinit$$0000001F)
    __rt_lib_init_getenv_1                   0x00000393   Thumb Code     0  libinit2.o(.ARM.Collect$$libinit$$00000023)
    __rt_lib_init_lc_numeric_1               0x00000393   Thumb Code     0  libinit2.o(.ARM.Collect$$libinit$$00000017)
    __rt_lib_init_lc_time_1                  0x00000393   Thumb Code     0  libinit2.o(.ARM.Collect$$libinit$$00000019)
    __rt_lib_init_return                     0x00000393   Thumb Code     0  libinit2.o(.ARM.Collect$$libinit$$00000033)
    __rt_lib_init_signal_1                   0x00000393   Thumb Code     0  libinit2.o(.ARM.Collect$$libinit$$0000001D)
    __rt_lib_init_stdio_1                    0x00000393   Thumb Code     0  libinit2.o(.ARM.Collect$$libinit$$00000025)
    __rt_lib_shutdown                        0x00000395   Thumb Code     0  libshutdown.o(.ARM.Collect$$libshutdown$$00000000)
    __rt_lib_shutdown_cpp_1                  0x00000397   Thumb Code     0  libshutdown2.o(.ARM.Collect$$libshutdown$$00000002)
    __rt_lib_shutdown_fp_trap_1              0x00000397   Thumb Code     0  libshutdown2.o(.ARM.Collect$$libshutdown$$00000007)
    __rt_lib_shutdown_heap_1                 0x00000397   Thumb Code     0  libshutdown2.o(.ARM.Collect$$libshutdown$$0000000F)
    __rt_lib_shutdown_return                 0x00000397   Thumb Code     0  libshutdown2.o(.ARM.Collect$$libshutdown$$00000010)
    __rt_lib_shutdown_signal_1               0x00000397   Thumb Code     0  libshutdown2.o(.ARM.Collect$$libshutdown$$0000000A)
    __rt_lib_shutdown_stdio_1                0x00000397   Thumb Code     0  libshutdown2.o(.ARM.Collect$$libshutdown$$00000004)
    __rt_lib_shutdown_user_alloc_1           0x00000397   Thumb Code     0  libshutdown2.o(.ARM.Collect$$libshutdown$$0000000C)
    __rt_entry                               0x00000399   Thumb Code     0  __rtentry.o(.ARM.Collect$$rtentry$$00000000)
    __rt_entry_presh_1                       0x00000399   Thumb Code     0  __rtentry2.o(.ARM.Collect$$rtentry$$00000002)
    __rt_entry_sh                            0x00000399   Thumb Code     0  __rtentry4.o(.ARM.Collect$$rtentry$$00000004)
    __rt_entry_li                            0x0000039f   Thumb Code     0  __rtentry2.o(.ARM.Collect$$rtentry$$0000000A)
    __rt_entry_postsh_1                      0x0000039f   Thumb Code     0  __rtentry2.o(.ARM.Collect$$rtentry$$00000009)
    __rt_entry_main                          0x000003a3   Thumb Code     0  __rtentry2.o(.ARM.Collect$$rtentry$$0000000D)
    __rt_entry_postli_1                      0x000003a3   Thumb Code     0  __rtentry2.o(.ARM.Collect$$rtentry$$0000000C)
    __rt_exit                                0x000003ab   Thumb Code     0  rtexit.o(.ARM.Collect$$rtexit$$00000000)
    __rt_exit_ls                             0x000003ad   Thumb Code     0  rtexit2.o(.ARM.Collect$$rtexit$$00000003)
    __rt_exit_prels_1                        0x000003ad   Thumb Code     0  rtexit2.o(.ARM.Collect$$rtexit$$00000002)
    __rt_exit_exit                           0x000003b1   Thumb Code     0  rtexit2.o(.ARM.Collect$$rtexit$$00000004)
    Reset_Handler                            0x000003b9   Thumb Code     8  startup_tm4c123.o(.text)
    NMI_Handler                              0x000003c1   Thumb Code     2  startup_tm4c123.o(.text)
    HardFault_Handler                        0x000003c3   Thumb Code     2  startup_tm4c123.o(.text)
    MemManage_Handler                        0x000003c5   Thumb Code     2  startup_tm4c123.o(.text)
    BusFault_Handler                         0x000003c7   Thumb Code     2  startup_tm4c123.o(.text)
    UsageFault_Handler                       0x000003c9   Thumb Code     2  startup_tm4c123.o(.text)
    DebugMon_Handler                         0x000003cd   Thumb Code     2  startup_tm4c123.o(.text)
    GPIOA_Handler                            0x000003d3   Thumb Code     2  startup_tm4c123.o(.text)
    GPIOB_Handler                            0x000003d5   Thumb Code     2  startup_tm4c123.o(.text)
    GPIOC_Handler                            0x000003d7   Thumb Code     2  startup_tm4c123.o(.text)
    GPIOD_Handler                            0x000003d9   Thumb Code     2  startup_tm4c123.o(.text)
    GPIOE_Handler                            0x000003db   Thumb Code     2  startup_tm4c123.o(.text)
    UART0_Handler                            0x000003dd   Thumb Code     2  startup_tm4c123.o(.text)
    UART1_Handler                            0x000003df   Thumb Code     2  startup_tm4c123.o(.text)
    SSI0_Handler                             0x000003e1   Thumb Code     2  startup_tm4c123.o(.text)
    I2C0_Handler                             0x000003e3   Thumb Code     2  startup_tm4c123.o(.text)
    PMW0_FAULT_Handler                       0x000003e5   Thumb Code     2  startup_tm4c123.o(.text)
    PWM0_0_Handler                           0x000003e7   Thumb Code     2  startup_tm4c123.o(.text)
    PWM0_1_Handler                           0x000003e9   Thumb Code     2  startup_tm4c123.o(.text)
    PWM0_2_Handler                           0x000003eb   Thumb Code     2  startup_tm4c123.o(.text)
    QEI0_Handler                             0x000003ed   Thumb Code     2  startup_tm4c123.o(.text)
    ADC0SS0_Handler                          0x000003ef   Thumb Code     2  startup_tm4c123.o(.text)
    ADC0SS1_Handler                          0x000003f1   Thumb Code     2  startup_tm4c123.o(.text)
    ADC0SS2_Handler                          0x000003f3   Thumb Code     2  startup_tm4c123.o(.text)
    ADC0SS3_Handler                          0x000003f5   Thumb Code     2  startup_tm4c123.o(.text)
    WDT0_Handler                             0x000003f7   Thumb Code     2  startup_tm4c123.o(.text)
    TIMER0A_Handler                          0x000003f9   Thumb Code     2  startup_tm4c123.o(.text)
    TIMER0B_Handler                          0x000003fb   Thumb Code     2  startup_tm4c123.o(.text)
    TIMER1A_Handler                          0x000003fd   Thumb Code     2  startup_tm4c123.o(.text)
    TIMER1B_Handler                          0x000003ff   Thumb Code     2  startup_tm4c123.o(.text)
    TIMER2A_Handler                          0x00000401   Thumb Code     2  startup_tm4c123.o(.text)
    TIMER2B_Handler                          0x00000403   Thumb Code     2  startup_tm4c123.o(.text)
    COMP0_Handler                            0x00000405   Thumb Code     2  startup_tm4c123.o(.text)
    COMP1_Handler                            0x00000407   Thumb Code     2  startup_tm4c123.o(.text)
    COMP2_Handler                            0x00000409   Thumb Code     2  startup_tm4c123.o(.text)
    SYSCTL_Handler                           0x0000040b   Thumb Code     2  startup_tm4c123.o(.text)
    FLASH_Handler                            0x0000040d   Thumb Code     2  startup_tm4c123.o(.text)
    GPIOF_Handler                            0x0000040f   Thumb Code     2  startup_tm4c123.o(.text)
    GPIOG_Handler                            0x00000411   Thumb Code     2  startup_tm4c123.o(.text)
    GPIOH_Handler                            0x00000413   Thumb Code     2  startup_tm4c123.o(.text)
    UART2_Handler                            0x00000415   Thumb Code     2  startup_tm4c123.o(.text)
    SSI1_Handler                             0x00000417   Thumb Code     2  startup_tm4c123.o(.text)
    TIMER3A_Handler                          0x00000419   Thumb Code     2  startup_tm4c123.o(.text)
    TIMER3B_Handler                          0x0000041b   Thumb Code     2  startup_tm4c123.o(.text)
    I2C1_Handler                             0x0000041d   Thumb Code     2  startup_tm4c123.o(.text)
    QEI1_Handler                             0x0000041f   Thumb Code     2  startup_tm4c123.o(.text)
    CAN0_Handler                             0x00000421   Thumb Code     2  startup_tm4c123.o(.text)
    CAN1_Handler                             0x00000423   Thumb Code     2  startup_tm4c123.o(.text)
    CAN2_Handler                             0x00000425   Thumb Code     2  startup_tm4c123.o(.text)
    HIB_Handler                              0x00000427   Thumb Code     2  startup_tm4c123.o(.text)
    USB0_Handler                             0x00000429   Thumb Code     2  startup_tm4c123.o(.text)
    PWM0_3_Handler                           0x0000042b   Thumb Code     2  startup_tm4c123.o(.text)
    UDMA_Handler                             0x0000042d   Thumb Code     2  startup_tm4c123.o(.text)
    UDMAERR_Handler                          0x0000042f   Thumb Code     2  startup_tm4c123.o(.text)
    ADC1SS0_Handler                          0x00000431   Thumb Code     2  startup_tm4c123.o(.text)
    ADC1SS1_Handler                          0x00000433   Thumb Code     2  startup_tm4c123.o(.text)
    ADC1SS2_Handler                          0x00000435   Thumb Code     2  startup_tm4c123.o(.text)
    ADC1SS3_Handler                          0x00000437   Thumb Code     2  startup_tm4c123.o(.text)
    GPIOJ_Handler                            0x00000439   Thumb Code     2  startup_tm4c123.o(.text)
    GPIOK_Handler                            0x0000043b   Thumb Code     2  startup_tm4c123.o(.text)
    GPIOL_Handler                            0x0000043d   Thumb Code     2  startup_tm4c123.o(.text)
    SSI2_Handler                             0x0000043f   Thumb Code     2  startup_tm4c123.o(.text)
    SSI3_Handler                             0x00000441   Thumb Code     2  startup_tm4c123.o(.text)
    UART3_Handler                            0x00000443   Thumb Code     2  startup_tm4c123.o(.text)
    UART4_Handler                            0x00000445   Thumb Code     2  startup_tm4c123.o(.text)
    UART5_Handler                            0x00000447   Thumb Code     2  startup_tm4c123.o(.text)
    UART6_Handler                            0x00000449   Thumb Code     2  startup_tm4c123.o(.text)
    UART7_Handler                            0x0000044b   Thumb Code     2  startup_tm4c123.o(.text)
    I2C2_Handler                             0x0000044d   Thumb Code     2  startup_tm4c123.o(.text)
    I2C3_Handler                             0x0000044f   Thumb Code     2  startup_tm4c123.o(.text)
    TIMER4A_Handler                          0x00000451   Thumb Code     2  startup_tm4c123.o(.text)
    TIMER4B_Handler                          0x00000453   Thumb Code     2  startup_tm4c123.o(.text)
    TIMER5A_Handler                          0x00000455   Thumb Code     2  startup_tm4c123.o(.text)
    TIMER5B_Handler                          0x00000457   Thumb Code     2  startup_tm4c123.o(.text)
    WTIMER0A_Handler                         0x00000459   Thumb Code     2  startup_tm4c123.o(.text)
    WTIMER0B_Handler                         0x0000045b   Thumb Code     2  startup_tm4c123.o(.text)
    WTIMER1A_Handler                         0x0000045d   Thumb Code     2  startup_tm4c123.o(.text)
    WTIMER1B_Handler                         0x0000045f   Thumb Code     2  startup_tm4c123.o(.text)
    WTIMER2A_Handler                         0x00000461   Thumb Code     2  startup_tm4c123.o(.text)
    WTIMER2B_Handler                         0x00000463   Thumb Code     2  startup_tm4c123.o(.text)
    WTIMER3A_Handler                         0x00000465   Thumb Code     2  startup_tm4c123.o(.text)
    WTIMER3B_Handler                         0x00000467   Thumb Code     2  startup_tm4c123.o(.text)
    WTIMER4A_Handler                         0x00000469   Thumb Code     2  startup_tm4c123.o(.text)
    WTIMER4B_Handler                         0x0000046b   Thumb Code     2  startup_tm4c123.o(.text)
    WTIMER5A_Handler                         0x0000046d   Thumb Code     2  startup_tm4c123.o(.text)
    WTIMER5B_Handler                         0x0000046f   Thumb Code     2  startup_tm4c123.o(.text)
    FPU_Handler                              0x00000471   Thumb Code     2  startup_tm4c123.o(.text)
    I2C4_Handler                             0x00000473   Thumb Code     2  startup_tm4c123.o(.text)
    I2C5_Handler                             0x00000475   Thumb Code     2  startup_tm4c123.o(.text)
    GPIOM_Handler                            0x00000477   Thumb Code     2  startup_tm4c123.o(.text)
    GPION_Handler                            0x00000479   Thumb Code     2  startup_tm4c123.o(.text)
    QEI2_Handler                             0x0000047b   Thumb Code     2  startup_tm4c123.o(.text)
    GPIOP0_Handler                           0x0000047d   Thumb Code     2  startup_tm4c123.o(.text)
    GPIOP1_Handler                           0x0000047f   Thumb Code     2  startup_tm4c123.o(.text)
    GPIOP2_Handler                           0x00000481   Thumb Code     2  startup_tm4c123.o(.text)
    GPIOP3_Handler                           0x00000483   Thumb Code     2  startup_tm4c123.o(.text)
    GPIOP4_Handler                           0x00000485   Thumb Code     2  startup_tm4c123.o(.text)
    GPIOP5_Handler                           0x00000487   Thumb Code     2  startup_tm4c123.o(.text)
    GPIOP6_Handler                           0x00000489   Thumb Code     2  startup_tm4c123.o(.text)
    GPIOP7_Handler                           0x0000048b   Thumb Code     2  startup_tm4c123.o(.text)
    GPIOQ0_Handler                           0x0000048d   Thumb Code     2  startup_tm4c123.o(.text)
    GPIOQ1_Handler                           0x0000048f   Thumb Code     2  startup_tm4c123.o(.text)
    GPIOQ2_Handler                           0x00000491   Thumb Code     2  startup_tm4c123.o(.text)
    GPIOQ3_Handler                           0x00000493   Thumb Code     2  startup_tm4c123.o(.text)
    GPIOQ4_Handler                           0x00000495   Thumb Code     2  startup_tm4c123.o(.text)
    GPIOQ5_Handler                           0x00000497   Thumb Code     2  startup_tm4c123.o(.text)
    GPIOQ6_Handler                           0x00000499   Thumb Code     2  startup_tm4c123.o(.text)
    GPIOQ7_Handler                           0x0000049b   Thumb Code     2  startup_tm4c123.o(.text)
    GPIOR_Handler                            0x0000049d   Thumb Code     2  startup_tm4c123.o(.text)
    GPIOS_Handler                            0x0000049f   Thumb Code     2  startup_tm4c123.o(.text)
    PMW1_0_Handler                           0x000004a1   Thumb Code     2  startup_tm4c123.o(.text)
    PWM1_1_Handler                           0x000004a3   Thumb Code     2  startup_tm4c123.o(.text)
    PWM1_2_Handler                           0x000004a5   Thumb Code     2  startup_tm4c123.o(.text)
    PWM1_3_Handler                           0x000004a7   Thumb Code     2  startup_tm4c123.o(.text)
    PWM1_FAULT_Handler                       0x000004a9   Thumb Code     2  startup_tm4c123.o(.text)
    __user_initial_stackheap                 0x000004ad   Thumb Code     0  startup_tm4c123.o(.text)
    sprintf                                  0x000004cd   Thumb Code    38  sprintf.o(.text)
    __aeabi_memcpy                           0x000004f9   Thumb Code     0  rt_memcpy_v6.o(.text)
    __rt_memcpy                              0x000004f9   Thumb Code   138  rt_memcpy_v6.o(.text)
    _memcpy_lastbytes                        0x0000055f   Thumb Code     0  rt_memcpy_v6.o(.text)
    __aeabi_memset4                          0x00000583   Thumb Code    16  aeabi_memset4.o(.text)
    __aeabi_memset8                          0x00000583   Thumb Code     0  aeabi_memset4.o(.text)
    __use_two_region_memory                  0x00000593   Thumb Code     2  heapauxi.o(.text)
    __rt_heap_escrow$2region                 0x00000595   Thumb Code     2  heapauxi.o(.text)
    __rt_heap_expand$2region                 0x00000597   Thumb Code     2  heapauxi.o(.text)
    _printf_pre_padding                      0x00000599   Thumb Code    44  _printf_pad.o(.text)
    _printf_post_padding                     0x000005c5   Thumb Code    34  _printf_pad.o(.text)
    _printf_truncate_signed                  0x000005e7   Thumb Code    18  _printf_truncate.o(.text)
    _printf_truncate_unsigned                0x000005f9   Thumb Code    18  _printf_truncate.o(.text)
    _printf_str                              0x0000060b   Thumb Code    82  _printf_str.o(.text)
    _printf_int_dec                          0x0000065d   Thumb Code   104  _printf_dec.o(.text)
    _printf_charcount                        0x000006d5   Thumb Code    40  _printf_charcount.o(.text)
    _printf_char_common                      0x00000707   Thumb Code    32  _printf_char_common.o(.text)
    _sputc                                   0x0000072d   Thumb Code    10  _sputc.o(.text)
    _printf_wctomb                           0x00000739   Thumb Code   182  _printf_wctomb.o(.text)
    _printf_longlong_dec                     0x000007f5   Thumb Code   108  _printf_longlong_dec.o(.text)
    _printf_longlong_oct                     0x00000871   Thumb Code    68  _printf_oct_int_ll.o(.text)
    _printf_int_oct                          0x000008b5   Thumb Code    24  _printf_oct_int_ll.o(.text)
    _printf_ll_oct                           0x000008cd   Thumb Code    12  _printf_oct_int_ll.o(.text)
    _printf_longlong_hex                     0x000008e1   Thumb Code    86  _printf_hex_int_ll_ptr.o(.text)
    _printf_int_hex                          0x00000937   Thumb Code    28  _printf_hex_int_ll_ptr.o(.text)
    _printf_ll_hex                           0x00000953   Thumb Code    12  _printf_hex_int_ll_ptr.o(.text)
    _printf_hex_ptr                          0x0000095f   Thumb Code    18  _printf_hex_int_ll_ptr.o(.text)
    __printf                                 0x00000975   Thumb Code   388  __printf_flags_ss_wp.o(.text)
    __aeabi_memcpy4                          0x00000afd   Thumb Code     0  rt_memcpy_w.o(.text)
    __aeabi_memcpy8                          0x00000afd   Thumb Code     0  rt_memcpy_w.o(.text)
    __rt_memcpy_w                            0x00000afd   Thumb Code   100  rt_memcpy_w.o(.text)
    _memcpy_lastbytes_aligned                0x00000b45   Thumb Code     0  rt_memcpy_w.o(.text)
    __aeabi_memclr4                          0x00000b61   Thumb Code     0  rt_memclr_w.o(.text)
    __aeabi_memclr8                          0x00000b61   Thumb Code     0  rt_memclr_w.o(.text)
    __rt_memclr_w                            0x00000b61   Thumb Code     0  rt_memclr_w.o(.text)
    _memset_w                                0x00000b65   Thumb Code    74  rt_memclr_w.o(.text)
    _ll_udiv10                               0x00000baf   Thumb Code   138  lludiv10.o(.text)
    _printf_int_common                       0x00000c39   Thumb Code   178  _printf_intcommon.o(.text)
    _printf_fp_dec_real                      0x00000e9b   Thumb Code   620  _printf_fp_dec.o(.text)
    _printf_fp_hex_real                      0x00001109   Thumb Code   756  _printf_fp_hex.o(.text)
    _printf_cs_common                        0x00001405   Thumb Code    20  _printf_char.o(.text)
    _printf_char                             0x00001419   Thumb Code    16  _printf_char.o(.text)
    _printf_string                           0x00001429   Thumb Code     8  _printf_char.o(.text)
    _printf_lcs_common                       0x00001431   Thumb Code    20  _printf_wchar.o(.text)
    _printf_wchar                            0x00001445   Thumb Code    16  _printf_wchar.o(.text)
    _printf_wstring                          0x00001455   Thumb Code     8  _printf_wchar.o(.text)
    _c16rtomb                                0x0000145d   Thumb Code    72  _c16rtomb.o(.text)
    _wcrtomb                                 0x0000145d   Thumb Code     0  _c16rtomb.o(.text)
    __user_setup_stackheap                   0x000014a5   Thumb Code    74  sys_stackheap_outer.o(.text)
    __rt_ctype_table                         0x000014f1   Thumb Code    16  rt_ctype_table.o(.text)
    __rt_locale                              0x00001501   Thumb Code     8  rt_locale_intlibspace.o(.text)
    _printf_fp_infnan                        0x00001509   Thumb Code   112  _printf_fp_infnan.o(.text)
    _btod_etento                             0x00001589   Thumb Code   224  bigflt0.o(.text)
    exit                                     0x0000166d   Thumb Code    18  exit.o(.text)
    __user_libspace                          0x00001681   Thumb Code     8  libspace.o(.text)
    __user_perproc_libspace                  0x00001681   Thumb Code     0  libspace.o(.text)
    __user_perthread_libspace                0x00001681   Thumb Code     0  libspace.o(.text)
    strcmp                                   0x00001689   Thumb Code   124  strcmpv7em.o(.text)
    _sys_exit                                0x00001705   Thumb Code     8  sys_exit.o(.text)
    __I$use$semihosting                      0x00001711   Thumb Code     0  use_no_semi.o(.text)
    __use_no_semihosting_swi                 0x00001711   Thumb Code     2  use_no_semi.o(.text)
    __semihosting_library_function           0x00001713   Thumb Code     0  indicate_semi.o(.text)
    PendSV_Handler                           0x00001731   Thumb Code   100  port.o(.text.PendSV_Handler)
    PortAInit                                0x00001795   Thumb Code    46  init.o(.text.PortAInit)
    PortFInit                                0x000017c5   Thumb Code   122  init.o(.text.PortFInit)
    SVC_Handler                              0x00001841   Thumb Code    36  port.o(.text.SVC_Handler)
    SysTick_Handler                          0x00001865   Thumb Code    60  port.o(.text.SysTick_Handler)
    SystemInit                               0x000018a1   Thumb Code   268  system_tm4c123.o(.text.SystemInit)
    UART0Init                                0x000019ad   Thumb Code    86  init.o(.text.UART0Init)
    UART_PrintBuffer                         0x00001a05   Thumb Code    88  main.o(.text.UART_PrintBuffer)
    eTaskConfirmSleepModeStatus              0x00001a5d   Thumb Code   128  tasks.o(.text.eTaskConfirmSleepModeStatus)
    main                                     0x00001add   Thumb Code   202  main.o(.text.main)
    pvPortMalloc                             0x00002abd   Thumb Code   396  heap_2.o(.text.pvPortMalloc)
    pvTaskIncrementMutexHeldCount            0x00002c49   Thumb Code    44  tasks.o(.text.pvTaskIncrementMutexHeldCount)
    pxPortInitialiseStack                    0x00002c75   Thumb Code    94  port.o(.text.pxPortInitialiseStack)
    uxListRemove                             0x00002cd5   Thumb Code    72  list.o(.text.uxListRemove)
    vApplicationIdleHook                     0x00002d1d   Thumb Code    38  main.o(.text.vApplicationIdleHook)
    vListInitialise                          0x00002d45   Thumb Code    46  list.o(.text.vListInitialise)
    vListInitialiseItem                      0x00002d75   Thumb Code    14  list.o(.text.vListInitialiseItem)
    vListInsert                              0x00002d85   Thumb Code   106  list.o(.text.vListInsert)
    vListInsertEnd                           0x00002df1   Thumb Code    58  list.o(.text.vListInsertEnd)
    vPortEnterCritical                       0x00002e41   Thumb Code    86  port.o(.text.vPortEnterCritical)
    vPortExitCritical                        0x00002e99   Thumb Code    74  port.o(.text.vPortExitCritical)
    vPortFree                                0x00002ee5   Thumb Code   114  heap_2.o(.text.vPortFree)
    vPortSetupTimerInterrupt                 0x00002f59   Thumb Code   120  port.o(.text.vPortSetupTimerInterrupt)
    vPortSuppressTicksAndSleep               0x00002fd1   Thumb Code   524  port.o(.text.vPortSuppressTicksAndSleep)
    vQueueWaitForMessageRestricted           0x000031dd   Thumb Code   100  queue.o(.text.vQueueWaitForMessageRestricted)
    vTaskDelete                              0x000033c9   Thumb Code   340  tasks.o(.text.vTaskDelete)
    vTaskInternalSetTimeOutState             0x0000351d   Thumb Code    36  tasks.o(.text.vTaskInternalSetTimeOutState)
    vTaskMissedYield                         0x00003541   Thumb Code    14  tasks.o(.text.vTaskMissedYield)
    vTaskPlaceOnEventList                    0x00003551   Thumb Code    66  tasks.o(.text.vTaskPlaceOnEventList)
    vTaskPlaceOnEventListRestricted          0x00003595   Thumb Code   124  tasks.o(.text.vTaskPlaceOnEventListRestricted)
    vTaskPriorityDisinheritAfterTimeout      0x00003611   Thumb Code   386  tasks.o(.text.vTaskPriorityDisinheritAfterTimeout)
    vTaskStartScheduler                      0x00003795   Thumb Code   186  tasks.o(.text.vTaskStartScheduler)
    vTaskStepTick                            0x00003851   Thumb Code    76  tasks.o(.text.vTaskStepTick)
    vTaskSuspendAll                          0x0000389d   Thumb Code    16  tasks.o(.text.vTaskSuspendAll)
    vTaskSwitchContext                       0x000038ad   Thumb Code   190  tasks.o(.text.vTaskSwitchContext)
    xPortStartScheduler                      0x0000396d   Thumb Code   342  port.o(.text.xPortStartScheduler)
    xQueueCreateMutex                        0x00003ac5   Thumb Code    38  queue.o(.text.xQueueCreateMutex)
    xQueueGenericCreate                      0x00003aed   Thumb Code   154  queue.o(.text.xQueueGenericCreate)
    xQueueGenericReset                       0x00003b89   Thumb Code   264  queue.o(.text.xQueueGenericReset)
    xQueueGenericSend                        0x00003c91   Thumb Code   628  queue.o(.text.xQueueGenericSend)
    xQueueReceive                            0x00003f05   Thumb Code   476  queue.o(.text.xQueueReceive)
    xQueueSemaphoreTake                      0x000040e1   Thumb Code   556  queue.o(.text.xQueueSemaphoreTake)
    xTaskCheckForTimeOut                     0x0000430d   Thumb Code   252  tasks.o(.text.xTaskCheckForTimeOut)
    xTaskCreate                              0x00004409   Thumb Code   152  tasks.o(.text.xTaskCreate)
    xTaskGetSchedulerState                   0x000044a1   Thumb Code    56  tasks.o(.text.xTaskGetSchedulerState)
    xTaskGetTickCount                        0x000044d9   Thumb Code    20  tasks.o(.text.xTaskGetTickCount)
    xTaskIncrementTick                       0x000044ed   Thumb Code   608  tasks.o(.text.xTaskIncrementTick)
    xTaskPriorityDisinherit                  0x0000474d   Thumb Code   312  tasks.o(.text.xTaskPriorityDisinherit)
    xTaskPriorityInherit                     0x00004885   Thumb Code   348  tasks.o(.text.xTaskPriorityInherit)
    xTaskRemoveFromEventList                 0x000049e1   Thumb Code   402  tasks.o(.text.xTaskRemoveFromEventList)
    xTaskResumeAll                           0x00004b75   Thumb Code   546  tasks.o(.text.xTaskResumeAll)
    xTimerCreateTimerTask                    0x00004d99   Thumb Code   108  timers.o(.text.xTimerCreateTimerTask)
    _btod_d2e                                0x00004e05   Thumb Code    62  btod.o(CL$$btod_d2e)
    _d2e_denorm_low                          0x00004e43   Thumb Code    70  btod.o(CL$$btod_d2e_denorm_low)
    _d2e_norm_op1                            0x00004e89   Thumb Code    96  btod.o(CL$$btod_d2e_norm_op1)
    __btod_div_common                        0x00004ee9   Thumb Code   696  btod.o(CL$$btod_div_common)
    _e2e                                     0x00005221   Thumb Code   220  btod.o(CL$$btod_e2e)
    _btod_ediv                               0x000052fd   Thumb Code    42  btod.o(CL$$btod_ediv)
    _btod_emul                               0x00005327   Thumb Code    42  btod.o(CL$$btod_emul)
    __btod_mult_common                       0x00005351   Thumb Code   580  btod.o(CL$$btod_mult_common)
    GPIODirModeSet                           0x00005595   Thumb Code    40  gpio.o(i.GPIODirModeSet)
    GPIOPadConfigSet                         0x000055bd   Thumb Code   354  gpio.o(i.GPIOPadConfigSet)
    GPIOPinTypeGPIOInput                     0x0000572d   Thumb Code    28  gpio.o(i.GPIOPinTypeGPIOInput)
    GPIOPinTypeGPIOOutput                    0x00005749   Thumb Code    28  gpio.o(i.GPIOPinTypeGPIOOutput)
    GPIOPinTypeUART                          0x00005765   Thumb Code    28  gpio.o(i.GPIOPinTypeUART)
    SysCtlClockGet                           0x00005781   Thumb Code   304  sysctl.o(i.SysCtlClockGet)
    SysCtlPeripheralEnable                   0x000058d5   Thumb Code    36  sysctl.o(i.SysCtlPeripheralEnable)
    SysCtlPeripheralReady                    0x000058fd   Thumb Code    40  sysctl.o(i.SysCtlPeripheralReady)
    UARTCharPut                              0x00005929   Thumb Code    12  uart.o(i.UARTCharPut)
    UARTClockSourceSet                       0x00005935   Thumb Code     6  uart.o(i.UARTClockSourceSet)
    UARTConfigSetExpClk                      0x0000593b   Thumb Code   110  uart.o(i.UARTConfigSetExpClk)
    UARTDisable                              0x000059a9   Thumb Code    30  uart.o(i.UARTDisable)
    UARTEnable                               0x000059c7   Thumb Code    20  uart.o(i.UARTEnable)
    __ARM_fpclassify                         0x000059db   Thumb Code    48  fpclassify.o(i.__ARM_fpclassify)
    _is_digit                                0x00005a0b   Thumb Code    14  __printf_wp.o(i._is_digit)
    _get_lc_numeric                          0x00005a19   Thumb Code    44  lc_numeric_c.o(locale$$code)
    _get_lc_ctype                            0x00005a45   Thumb Code    44  lc_ctype_c.o(locale$$code)
    _fp_init                                 0x00005a71   Thumb Code    26  fpinit.o(x$fpl$fpinit)
    __fplib_config_fpu_vfp                   0x00005a89   Thumb Code     0  fpinit.o(x$fpl$fpinit)
    __fplib_config_pureend_doubles           0x00005a89   Thumb Code     0  fpinit.o(x$fpl$fpinit)
    _printf_fp_dec                           0x00005a8b   Thumb Code     4  printf1.o(x$fpl$printf1)
    _printf_fp_hex                           0x00005a8f   Thumb Code     4  printf2.o(x$fpl$printf2)
    __I$use$fp                               0x00005a92   Number         0  usenofp.o(x$fpl$usenofp)
    uxTopUsedPriority                        0x00005e64   Data           4  tasks.o(.rodata.uxTopUsedPriority)
    Region$$Table$$Base                      0x00005e68   Number         0  anon$$obj.o(Region$$Table)
    Region$$Table$$Limit                     0x00005e88   Number         0  anon$$obj.o(Region$$Table)
    __ctype                                  0x00005eb1   Data           0  lc_ctype_c.o(locale$$data)
    SystemCoreClock                          0x20000000   Data           4  system_tm4c123.o(.data.SystemCoreClock)
    __libspace_start                         0x20000010   Data          96  libspace.o(.bss)
    __temporary_stack_top$libspace           0x20000070   Data           0  libspace.o(.bss)
    buffer                                   0x20000070   Data          50  main.o(.bss.buffer)
    pxCurrentTCB                             0x200000ac   Data           4  tasks.o(.bss.pxCurrentTCB)
    xMutex                                   0x200021a8   Data           4  main.o(.bss.xMutex)
    xMutex2                                  0x200021ac   Data           4  main.o(.bss.xMutex2)
    xTask1_Handle                            0x200021f0   Data           4  main.o(.bss.xTask1_Handle)
    xTask2_Handle                            0x200021f4   Data           4  main.o(.bss.xTask2_Handle)



==============================================================================

Memory Map of the image

  Image Entry point : 0x000003b9

  Load Region LR_IROM1 (Base: 0x00000000, Size: 0x00005fc8, Max: 0x00040000, ABSOLUTE)

    Execution Region ER_IROM1 (Exec base: 0x00000000, Load base: 0x00000000, Size: 0x00005fb4, Max: 0x00040000, ABSOLUTE)

    Exec Addr    Load Addr    Size         Type   Attr      Idx    E Section Name        Object

    0x00000000   0x00000000   0x0000026c   Data   RO           46    RESET               startup_tm4c123.o
    0x0000026c   0x0000026c   0x00000008   Code   RO         1591  * !!!main             c_w.l(__main.o)
    0x00000274   0x00000274   0x00000034   Code   RO         1930    !!!scatter          c_w.l(__scatter.o)
    0x000002a8   0x000002a8   0x0000001a   Code   RO         1932    !!handler_copy      c_w.l(__scatter_copy.o)
    0x000002c2   0x000002c2   0x00000002   PAD
    0x000002c4   0x000002c4   0x0000001c   Code   RO         1934    !!handler_zi        c_w.l(__scatter_zi.o)
    0x000002e0   0x000002e0   0x00000000   Code   RO         1675    .ARM.Collect$$_printf_percent$$00000000  c_w.l(_printf_percent.o)
    0x000002e0   0x000002e0   0x00000006   Code   RO         1664    .ARM.Collect$$_printf_percent$$00000001  c_w.l(_printf_n.o)
    0x000002e6   0x000002e6   0x00000006   Code   RO         1666    .ARM.Collect$$_printf_percent$$00000002  c_w.l(_printf_p.o)
    0x000002ec   0x000002ec   0x00000006   Code   RO         1671    .ARM.Collect$$_printf_percent$$00000003  c_w.l(_printf_f.o)
    0x000002f2   0x000002f2   0x00000006   Code   RO         1672    .ARM.Collect$$_printf_percent$$00000004  c_w.l(_printf_e.o)
    0x000002f8   0x000002f8   0x00000006   Code   RO         1673    .ARM.Collect$$_printf_percent$$00000005  c_w.l(_printf_g.o)
    0x000002fe   0x000002fe   0x00000006   Code   RO         1674    .ARM.Collect$$_printf_percent$$00000006  c_w.l(_printf_a.o)
    0x00000304   0x00000304   0x0000000a   Code   RO         1679    .ARM.Collect$$_printf_percent$$00000007  c_w.l(_printf_ll.o)
    0x0000030e   0x0000030e   0x00000006   Code   RO         1668    .ARM.Collect$$_printf_percent$$00000008  c_w.l(_printf_i.o)
    0x00000314   0x00000314   0x00000006   Code   RO         1669    .ARM.Collect$$_printf_percent$$00000009  c_w.l(_printf_d.o)
    0x0000031a   0x0000031a   0x00000006   Code   RO         1670    .ARM.Collect$$_printf_percent$$0000000A  c_w.l(_printf_u.o)
    0x00000320   0x00000320   0x00000006   Code   RO         1667    .ARM.Collect$$_printf_percent$$0000000B  c_w.l(_printf_o.o)
    0x00000326   0x00000326   0x00000006   Code   RO         1665    .ARM.Collect$$_printf_percent$$0000000C  c_w.l(_printf_x.o)
    0x0000032c   0x0000032c   0x00000006   Code   RO         1676    .ARM.Collect$$_printf_percent$$0000000D  c_w.l(_printf_lli.o)
    0x00000332   0x00000332   0x00000006   Code   RO         1677    .ARM.Collect$$_printf_percent$$0000000E  c_w.l(_printf_lld.o)
    0x00000338   0x00000338   0x00000006   Code   RO         1678    .ARM.Collect$$_printf_percent$$0000000F  c_w.l(_printf_llu.o)
    0x0000033e   0x0000033e   0x00000006   Code   RO         1683    .ARM.Collect$$_printf_percent$$00000010  c_w.l(_printf_llo.o)
    0x00000344   0x00000344   0x00000006   Code   RO         1684    .ARM.Collect$$_printf_percent$$00000011  c_w.l(_printf_llx.o)
    0x0000034a   0x0000034a   0x0000000a   Code   RO         1680    .ARM.Collect$$_printf_percent$$00000012  c_w.l(_printf_l.o)
    0x00000354   0x00000354   0x00000006   Code   RO         1662    .ARM.Collect$$_printf_percent$$00000013  c_w.l(_printf_c.o)
    0x0000035a   0x0000035a   0x00000006   Code   RO         1663    .ARM.Collect$$_printf_percent$$00000014  c_w.l(_printf_s.o)
    0x00000360   0x00000360   0x00000006   Code   RO         1681    .ARM.Collect$$_printf_percent$$00000015  c_w.l(_printf_lc.o)
    0x00000366   0x00000366   0x00000006   Code   RO         1682    .ARM.Collect$$_printf_percent$$00000016  c_w.l(_printf_ls.o)
    0x0000036c   0x0000036c   0x00000004   Code   RO         1729    .ARM.Collect$$_printf_percent$$00000017  c_w.l(_printf_percent_end.o)
    0x00000370   0x00000370   0x00000002   Code   RO         1780    .ARM.Collect$$libinit$$00000000  c_w.l(libinit.o)
    0x00000372   0x00000372   0x00000004   Code   RO         1798    .ARM.Collect$$libinit$$00000001  c_w.l(libinit2.o)
    0x00000376   0x00000376   0x00000000   Code   RO         1801    .ARM.Collect$$libinit$$00000004  c_w.l(libinit2.o)
    0x00000376   0x00000376   0x00000000   Code   RO         1804    .ARM.Collect$$libinit$$0000000A  c_w.l(libinit2.o)
    0x00000376   0x00000376   0x00000000   Code   RO         1806    .ARM.Collect$$libinit$$0000000C  c_w.l(libinit2.o)
    0x00000376   0x00000376   0x00000000   Code   RO         1808    .ARM.Collect$$libinit$$0000000E  c_w.l(libinit2.o)
    0x00000376   0x00000376   0x00000006   Code   RO         1809    .ARM.Collect$$libinit$$0000000F  c_w.l(libinit2.o)
    0x0000037c   0x0000037c   0x00000000   Code   RO         1811    .ARM.Collect$$libinit$$00000011  c_w.l(libinit2.o)
    0x0000037c   0x0000037c   0x0000000c   Code   RO         1812    .ARM.Collect$$libinit$$00000012  c_w.l(libinit2.o)
    0x00000388   0x00000388   0x00000000   Code   RO         1813    .ARM.Collect$$libinit$$00000013  c_w.l(libinit2.o)
    0x00000388   0x00000388   0x00000000   Code   RO         1815    .ARM.Collect$$libinit$$00000015  c_w.l(libinit2.o)
    0x00000388   0x00000388   0x0000000a   Code   RO         1816    .ARM.Collect$$libinit$$00000016  c_w.l(libinit2.o)
    0x00000392   0x00000392   0x00000000   Code   RO         1817    .ARM.Collect$$libinit$$00000017  c_w.l(libinit2.o)
    0x00000392   0x00000392   0x00000000   Code   RO         1819    .ARM.Collect$$libinit$$00000019  c_w.l(libinit2.o)
    0x00000392   0x00000392   0x00000000   Code   RO         1821    .ARM.Collect$$libinit$$0000001B  c_w.l(libinit2.o)
    0x00000392   0x00000392   0x00000000   Code   RO         1823    .ARM.Collect$$libinit$$0000001D  c_w.l(libinit2.o)
    0x00000392   0x00000392   0x00000000   Code   RO         1825    .ARM.Collect$$libinit$$0000001F  c_w.l(libinit2.o)
    0x00000392   0x00000392   0x00000000   Code   RO         1827    .ARM.Collect$$libinit$$00000021  c_w.l(libinit2.o)
    0x00000392   0x00000392   0x00000000   Code   RO         1829    .ARM.Collect$$libinit$$00000023  c_w.l(libinit2.o)
    0x00000392   0x00000392   0x00000000   Code   RO         1831    .ARM.Collect$$libinit$$00000025  c_w.l(libinit2.o)
    0x00000392   0x00000392   0x00000000   Code   RO         1835    .ARM.Collect$$libinit$$0000002C  c_w.l(libinit2.o)
    0x00000392   0x00000392   0x00000000   Code   RO         1837    .ARM.Collect$$libinit$$0000002E  c_w.l(libinit2.o)
    0x00000392   0x00000392   0x00000000   Code   RO         1839    .ARM.Collect$$libinit$$00000030  c_w.l(libinit2.o)
    0x00000392   0x00000392   0x00000000   Code   RO         1841    .ARM.Collect$$libinit$$00000032  c_w.l(libinit2.o)
    0x00000392   0x00000392   0x00000002   Code   RO         1842    .ARM.Collect$$libinit$$00000033  c_w.l(libinit2.o)
    0x00000394   0x00000394   0x00000002   Code   RO         1866    .ARM.Collect$$libshutdown$$00000000  c_w.l(libshutdown.o)
    0x00000396   0x00000396   0x00000000   Code   RO         1881    .ARM.Collect$$libshutdown$$00000002  c_w.l(libshutdown2.o)
    0x00000396   0x00000396   0x00000000   Code   RO         1883    .ARM.Collect$$libshutdown$$00000004  c_w.l(libshutdown2.o)
    0x00000396   0x00000396   0x00000000   Code   RO         1886    .ARM.Collect$$libshutdown$$00000007  c_w.l(libshutdown2.o)
    0x00000396   0x00000396   0x00000000   Code   RO         1889    .ARM.Collect$$libshutdown$$0000000A  c_w.l(libshutdown2.o)
    0x00000396   0x00000396   0x00000000   Code   RO         1891    .ARM.Collect$$libshutdown$$0000000C  c_w.l(libshutdown2.o)
    0x00000396   0x00000396   0x00000000   Code   RO         1894    .ARM.Collect$$libshutdown$$0000000F  c_w.l(libshutdown2.o)
    0x00000396   0x00000396   0x00000002   Code   RO         1895    .ARM.Collect$$libshutdown$$00000010  c_w.l(libshutdown2.o)
    0x00000398   0x00000398   0x00000000   Code   RO         1593    .ARM.Collect$$rtentry$$00000000  c_w.l(__rtentry.o)
    0x00000398   0x00000398   0x00000000   Code   RO         1698    .ARM.Collect$$rtentry$$00000002  c_w.l(__rtentry2.o)
    0x00000398   0x00000398   0x00000006   Code   RO         1710    .ARM.Collect$$rtentry$$00000004  c_w.l(__rtentry4.o)
    0x0000039e   0x0000039e   0x00000000   Code   RO         1700    .ARM.Collect$$rtentry$$00000009  c_w.l(__rtentry2.o)
    0x0000039e   0x0000039e   0x00000004   Code   RO         1701    .ARM.Collect$$rtentry$$0000000A  c_w.l(__rtentry2.o)
    0x000003a2   0x000003a2   0x00000000   Code   RO         1703    .ARM.Collect$$rtentry$$0000000C  c_w.l(__rtentry2.o)
    0x000003a2   0x000003a2   0x00000008   Code   RO         1704    .ARM.Collect$$rtentry$$0000000D  c_w.l(__rtentry2.o)
    0x000003aa   0x000003aa   0x00000002   Code   RO         1789    .ARM.Collect$$rtexit$$00000000  c_w.l(rtexit.o)
    0x000003ac   0x000003ac   0x00000000   Code   RO         1844    .ARM.Collect$$rtexit$$00000002  c_w.l(rtexit2.o)
    0x000003ac   0x000003ac   0x00000004   Code   RO         1845    .ARM.Collect$$rtexit$$00000003  c_w.l(rtexit2.o)
    0x000003b0   0x000003b0   0x00000006   Code   RO         1846    .ARM.Collect$$rtexit$$00000004  c_w.l(rtexit2.o)
    0x000003b6   0x000003b6   0x00000002   PAD
    0x000003b8   0x000003b8   0x00000114   Code   RO           47  * .text               startup_tm4c123.o
    0x000004cc   0x000004cc   0x0000002c   Code   RO         1581    .text               c_w.l(sprintf.o)
    0x000004f8   0x000004f8   0x0000008a   Code   RO         1585    .text               c_w.l(rt_memcpy_v6.o)
    0x00000582   0x00000582   0x00000010   Code   RO         1587    .text               c_w.l(aeabi_memset4.o)
    0x00000592   0x00000592   0x00000006   Code   RO         1589    .text               c_w.l(heapauxi.o)
    0x00000598   0x00000598   0x0000004e   Code   RO         1596    .text               c_w.l(_printf_pad.o)
    0x000005e6   0x000005e6   0x00000024   Code   RO         1598    .text               c_w.l(_printf_truncate.o)
    0x0000060a   0x0000060a   0x00000052   Code   RO         1600    .text               c_w.l(_printf_str.o)
    0x0000065c   0x0000065c   0x00000078   Code   RO         1602    .text               c_w.l(_printf_dec.o)
    0x000006d4   0x000006d4   0x00000028   Code   RO         1604    .text               c_w.l(_printf_charcount.o)
    0x000006fc   0x000006fc   0x00000030   Code   RO         1606    .text               c_w.l(_printf_char_common.o)
    0x0000072c   0x0000072c   0x0000000a   Code   RO         1608    .text               c_w.l(_sputc.o)
    0x00000736   0x00000736   0x00000002   PAD
    0x00000738   0x00000738   0x000000bc   Code   RO         1610    .text               c_w.l(_printf_wctomb.o)
    0x000007f4   0x000007f4   0x0000007c   Code   RO         1613    .text               c_w.l(_printf_longlong_dec.o)
    0x00000870   0x00000870   0x00000070   Code   RO         1619    .text               c_w.l(_printf_oct_int_ll.o)
    0x000008e0   0x000008e0   0x00000094   Code   RO         1639    .text               c_w.l(_printf_hex_int_ll_ptr.o)
    0x00000974   0x00000974   0x00000188   Code   RO         1659    .text               c_w.l(__printf_flags_ss_wp.o)
    0x00000afc   0x00000afc   0x00000064   Code   RO         1685    .text               c_w.l(rt_memcpy_w.o)
    0x00000b60   0x00000b60   0x0000004e   Code   RO         1687    .text               c_w.l(rt_memclr_w.o)
    0x00000bae   0x00000bae   0x0000008a   Code   RO         1712    .text               c_w.l(lludiv10.o)
    0x00000c38   0x00000c38   0x000000b2   Code   RO         1714    .text               c_w.l(_printf_intcommon.o)
    0x00000cea   0x00000cea   0x0000041c   Code   RO         1716    .text               c_w.l(_printf_fp_dec.o)
    0x00001106   0x00001106   0x00000002   PAD
    0x00001108   0x00001108   0x000002fc   Code   RO         1720    .text               c_w.l(_printf_fp_hex.o)
    0x00001404   0x00001404   0x0000002c   Code   RO         1725    .text               c_w.l(_printf_char.o)
    0x00001430   0x00001430   0x0000002c   Code   RO         1727    .text               c_w.l(_printf_wchar.o)
    0x0000145c   0x0000145c   0x00000048   Code   RO         1730    .text               c_w.l(_c16rtomb.o)
    0x000014a4   0x000014a4   0x0000004a   Code   RO         1732    .text               c_w.l(sys_stackheap_outer.o)
    0x000014ee   0x000014ee   0x00000002   PAD
    0x000014f0   0x000014f0   0x00000010   Code   RO         1734    .text               c_w.l(rt_ctype_table.o)
    0x00001500   0x00001500   0x00000008   Code   RO         1739    .text               c_w.l(rt_locale_intlibspace.o)
    0x00001508   0x00001508   0x00000080   Code   RO         1741    .text               c_w.l(_printf_fp_infnan.o)
    0x00001588   0x00001588   0x000000e4   Code   RO         1743    .text               c_w.l(bigflt0.o)
    0x0000166c   0x0000166c   0x00000012   Code   RO         1773    .text               c_w.l(exit.o)
    0x0000167e   0x0000167e   0x00000002   PAD
    0x00001680   0x00001680   0x00000008   Code   RO         1786    .text               c_w.l(libspace.o)
    0x00001688   0x00001688   0x0000007c   Code   RO         1796    .text               c_w.l(strcmpv7em.o)
    0x00001704   0x00001704   0x0000000c   Code   RO         1856    .text               c_w.l(sys_exit.o)
    0x00001710   0x00001710   0x00000002   Code   RO         1871    .text               c_w.l(use_no_semi.o)
    0x00001712   0x00001712   0x00000000   Code   RO         1873    .text               c_w.l(indicate_semi.o)
    0x00001712   0x00001712   0x00000002   PAD
    0x00001714   0x00001714   0x0000001c   Code   RO           10    .text.INIT_TASK     main.o
    0x00001730   0x00001730   0x00000064   Code   RO          106    .text.PendSV_Handler  port.o
    0x00001794   0x00001794   0x0000002e   Code   RO           34    .text.PortAInit     init.o
    0x000017c2   0x000017c2   0x00000002   PAD
    0x000017c4   0x000017c4   0x0000007a   Code   RO           32    .text.PortFInit     init.o
    0x0000183e   0x0000183e   0x00000002   PAD
    0x00001840   0x00001840   0x00000024   Code   RO           90    .text.SVC_Handler   port.o
    0x00001864   0x00001864   0x0000003c   Code   RO          108    .text.SysTick_Handler  port.o
    0x000018a0   0x000018a0   0x0000010c   Code   RO           58    .text.SystemInit    system_tm4c123.o
    0x000019ac   0x000019ac   0x00000056   Code   RO           36    .text.UART0Init     init.o
    0x00001a02   0x00001a02   0x00000002   PAD
    0x00001a04   0x00001a04   0x00000058   Code   RO           14    .text.UART_PrintBuffer  main.o
    0x00001a5c   0x00001a5c   0x00000080   Code   RO          330    .text.eTaskConfirmSleepModeStatus  tasks.o
    0x00001adc   0x00001adc   0x000000ca   Code   RO            4    .text.main          main.o
    0x00001ba6   0x00001ba6   0x00000002   PAD
    0x00001ba8   0x00001ba8   0x00000122   Code   RO          252    .text.prvAddCurrentTaskToDelayedList  tasks.o
    0x00001cca   0x00001cca   0x00000002   PAD
    0x00001ccc   0x00001ccc   0x00000154   Code   RO          240    .text.prvAddNewTaskToReadyList  tasks.o
    0x00001e20   0x00001e20   0x0000006a   Code   RO          406    .text.prvCheckForValidListAndQueue  timers.o
    0x00001e8a   0x00001e8a   0x00000002   PAD
    0x00001e8c   0x00001e8c   0x0000005a   Code   RO          370    .text.prvCheckTasksWaitingTermination  tasks.o
    0x00001ee6   0x00001ee6   0x00000002   PAD
    0x00001ee8   0x00001ee8   0x00000042   Code   RO          187    .text.prvCopyDataFromQueue  queue.o
    0x00001f2a   0x00001f2a   0x00000002   PAD
    0x00001f2c   0x00001f2c   0x000000cc   Code   RO          173    .text.prvCopyDataToQueue  queue.o
    0x00001ff8   0x00001ff8   0x00000018   Code   RO          246    .text.prvDeleteTCB  tasks.o
    0x00002010   0x00002010   0x00000026   Code   RO          191    .text.prvGetDisinheritPriorityAfterTimeout  queue.o
    0x00002036   0x00002036   0x00000002   PAD
    0x00002038   0x00002038   0x0000007c   Code   RO          372    .text.prvGetExpectedIdleTime  tasks.o
    0x000020b4   0x000020b4   0x00000040   Code   RO          442    .text.prvGetNextExpireTime  timers.o
    0x000020f4   0x000020f4   0x00000042   Code   RO          129    .text.prvHeapInit   heap_2.o
    0x00002136   0x00002136   0x00000002   PAD
    0x00002138   0x00002138   0x0000009e   Code   RO          278    .text.prvIdleTask   tasks.o
    0x000021d6   0x000021d6   0x00000002   PAD
    0x000021d8   0x000021d8   0x0000002c   Code   RO          157    .text.prvInitialiseMutex  queue.o
    0x00002204   0x00002204   0x0000004e   Code   RO          153    .text.prvInitialiseNewQueue  queue.o
    0x00002252   0x00002252   0x00000002   PAD
    0x00002254   0x00002254   0x00000146   Code   RO          238    .text.prvInitialiseNewTask  tasks.o
    0x0000239a   0x0000239a   0x00000002   PAD
    0x0000239c   0x0000239c   0x0000008e   Code   RO          368    .text.prvInitialiseTaskLists  tasks.o
    0x0000242a   0x0000242a   0x00000002   PAD
    0x0000242c   0x0000242c   0x00000086   Code   RO          456    .text.prvInsertTimerInActiveList  timers.o
    0x000024b2   0x000024b2   0x00000002   PAD
    0x000024b4   0x000024b4   0x00000028   Code   RO          189    .text.prvIsQueueEmpty  queue.o
    0x000024dc   0x000024dc   0x0000002e   Code   RO          177    .text.prvIsQueueFull  queue.o
    0x0000250a   0x0000250a   0x00000002   PAD
    0x0000250c   0x0000250c   0x000000d8   Code   RO          175    .text.prvNotifyQueueSetContainer  queue.o
    0x000025e4   0x000025e4   0x00000028   Code   RO           98    .text.prvPortStartFirstTask  port.o
    0x0000260c   0x0000260c   0x00000054   Code   RO          450    .text.prvProcessExpiredTimer  timers.o
    0x00002660   0x00002660   0x00000180   Code   RO          446    .text.prvProcessReceivedCommands  timers.o
    0x000027e0   0x000027e0   0x0000009a   Code   RO          444    .text.prvProcessTimerOrBlockTask  timers.o
    0x0000287a   0x0000287a   0x00000002   PAD
    0x0000287c   0x0000287c   0x00000034   Code   RO          454    .text.prvReloadTimer  timers.o
    0x000028b0   0x000028b0   0x0000003c   Code   RO          244    .text.prvResetNextTaskUnblockTime  tasks.o
    0x000028ec   0x000028ec   0x00000044   Code   RO          448    .text.prvSampleTimeNow  timers.o
    0x00002930   0x00002930   0x00000052   Code   RO          452    .text.prvSwitchTimerLists  timers.o
    0x00002982   0x00002982   0x00000002   PAD
    0x00002984   0x00002984   0x0000004c   Code   RO           88    .text.prvTaskExitError  port.o
    0x000029d0   0x000029d0   0x0000001e   Code   RO          408    .text.prvTimerTask  timers.o
    0x000029ee   0x000029ee   0x00000002   PAD
    0x000029f0   0x000029f0   0x000000cc   Code   RO          179    .text.prvUnlockQueue  queue.o
    0x00002abc   0x00002abc   0x0000018c   Code   RO          127    .text.pvPortMalloc  heap_2.o
    0x00002c48   0x00002c48   0x0000002c   Code   RO          352    .text.pvTaskIncrementMutexHeldCount  tasks.o
    0x00002c74   0x00002c74   0x0000005e   Code   RO           86    .text.pxPortInitialiseStack  port.o
    0x00002cd2   0x00002cd2   0x00000002   PAD
    0x00002cd4   0x00002cd4   0x00000048   Code   RO           77    .text.uxListRemove  list.o
    0x00002d1c   0x00002d1c   0x00000026   Code   RO           12    .text.vApplicationIdleHook  main.o
    0x00002d42   0x00002d42   0x00000002   PAD
    0x00002d44   0x00002d44   0x0000002e   Code   RO           69    .text.vListInitialise  list.o
    0x00002d72   0x00002d72   0x00000002   PAD
    0x00002d74   0x00002d74   0x0000000e   Code   RO           71    .text.vListInitialiseItem  list.o
    0x00002d82   0x00002d82   0x00000002   PAD
    0x00002d84   0x00002d84   0x0000006a   Code   RO           75    .text.vListInsert   list.o
    0x00002dee   0x00002dee   0x00000002   PAD
    0x00002df0   0x00002df0   0x0000003a   Code   RO           73    .text.vListInsertEnd  list.o
    0x00002e2a   0x00002e2a   0x00000002   PAD
    0x00002e2c   0x00002e2c   0x00000014   Code   RO           96    .text.vPortEnableVFP  port.o
    0x00002e40   0x00002e40   0x00000056   Code   RO          102    .text.vPortEnterCritical  port.o
    0x00002e96   0x00002e96   0x00000002   PAD
    0x00002e98   0x00002e98   0x0000004a   Code   RO          104    .text.vPortExitCritical  port.o
    0x00002ee2   0x00002ee2   0x00000002   PAD
    0x00002ee4   0x00002ee4   0x00000072   Code   RO          131    .text.vPortFree     heap_2.o
    0x00002f56   0x00002f56   0x00000002   PAD
    0x00002f58   0x00002f58   0x00000078   Code   RO           94    .text.vPortSetupTimerInterrupt  port.o
    0x00002fd0   0x00002fd0   0x0000020c   Code   RO          110    .text.vPortSuppressTicksAndSleep  port.o
    0x000031dc   0x000031dc   0x00000064   Code   RO          217    .text.vQueueWaitForMessageRestricted  queue.o
    0x00003240   0x00003240   0x000000c4   Code   RO            6    .text.vTask1        main.o
    0x00003304   0x00003304   0x000000c4   Code   RO            8    .text.vTask2        main.o
    0x000033c8   0x000033c8   0x00000154   Code   RO          242    .text.vTaskDelete   tasks.o
    0x0000351c   0x0000351c   0x00000024   Code   RO          320    .text.vTaskInternalSetTimeOutState  tasks.o
    0x00003540   0x00003540   0x0000000e   Code   RO          324    .text.vTaskMissedYield  tasks.o
    0x0000354e   0x0000354e   0x00000002   PAD
    0x00003550   0x00003550   0x00000042   Code   RO          308    .text.vTaskPlaceOnEventList  tasks.o
    0x00003592   0x00003592   0x00000002   PAD
    0x00003594   0x00003594   0x0000007c   Code   RO          312    .text.vTaskPlaceOnEventListRestricted  tasks.o
    0x00003610   0x00003610   0x00000182   Code   RO          348    .text.vTaskPriorityDisinheritAfterTimeout  tasks.o
    0x00003792   0x00003792   0x00000002   PAD
    0x00003794   0x00003794   0x000000ba   Code   RO          276    .text.vTaskStartScheduler  tasks.o
    0x0000384e   0x0000384e   0x00000002   PAD
    0x00003850   0x00003850   0x0000004c   Code   RO          302    .text.vTaskStepTick  tasks.o
    0x0000389c   0x0000389c   0x00000010   Code   RO          250    .text.vTaskSuspendAll  tasks.o
    0x000038ac   0x000038ac   0x000000be   Code   RO          268    .text.vTaskSwitchContext  tasks.o
    0x0000396a   0x0000396a   0x00000002   PAD
    0x0000396c   0x0000396c   0x00000156   Code   RO           92    .text.xPortStartScheduler  port.o
    0x00003ac2   0x00003ac2   0x00000002   PAD
    0x00003ac4   0x00003ac4   0x00000026   Code   RO          155    .text.xQueueCreateMutex  queue.o
    0x00003aea   0x00003aea   0x00000002   PAD
    0x00003aec   0x00003aec   0x0000009a   Code   RO          151    .text.xQueueGenericCreate  queue.o
    0x00003b86   0x00003b86   0x00000002   PAD
    0x00003b88   0x00003b88   0x00000108   Code   RO          149    .text.xQueueGenericReset  queue.o
    0x00003c90   0x00003c90   0x00000274   Code   RO          165    .text.xQueueGenericSend  queue.o
    0x00003f04   0x00003f04   0x000001dc   Code   RO          185    .text.xQueueReceive  queue.o
    0x000040e0   0x000040e0   0x0000022c   Code   RO          169    .text.xQueueSemaphoreTake  queue.o
    0x0000430c   0x0000430c   0x000000fc   Code   RO          322    .text.xTaskCheckForTimeOut  tasks.o
    0x00004408   0x00004408   0x00000098   Code   RO          236    .text.xTaskCreate   tasks.o
    0x000044a0   0x000044a0   0x00000038   Code   RO          342    .text.xTaskGetSchedulerState  tasks.o
    0x000044d8   0x000044d8   0x00000014   Code   RO          284    .text.xTaskGetTickCount  tasks.o
    0x000044ec   0x000044ec   0x00000260   Code   RO          282    .text.xTaskIncrementTick  tasks.o
    0x0000474c   0x0000474c   0x00000138   Code   RO          346    .text.xTaskPriorityDisinherit  tasks.o
    0x00004884   0x00004884   0x0000015c   Code   RO          344    .text.xTaskPriorityInherit  tasks.o
    0x000049e0   0x000049e0   0x00000192   Code   RO          314    .text.xTaskRemoveFromEventList  tasks.o
    0x00004b72   0x00004b72   0x00000002   PAD
    0x00004b74   0x00004b74   0x00000222   Code   RO          254    .text.xTaskResumeAll  tasks.o
    0x00004d96   0x00004d96   0x00000002   PAD
    0x00004d98   0x00004d98   0x0000006c   Code   RO          404    .text.xTimerCreateTimerTask  timers.o
    0x00004e04   0x00004e04   0x0000003e   Code   RO         1746    CL$$btod_d2e        c_w.l(btod.o)
    0x00004e42   0x00004e42   0x00000046   Code   RO         1748    CL$$btod_d2e_denorm_low  c_w.l(btod.o)
    0x00004e88   0x00004e88   0x00000060   Code   RO         1747    CL$$btod_d2e_norm_op1  c_w.l(btod.o)
    0x00004ee8   0x00004ee8   0x00000338   Code   RO         1756    CL$$btod_div_common  c_w.l(btod.o)
    0x00005220   0x00005220   0x000000dc   Code   RO         1753    CL$$btod_e2e        c_w.l(btod.o)
    0x000052fc   0x000052fc   0x0000002a   Code   RO         1750    CL$$btod_ediv       c_w.l(btod.o)
    0x00005326   0x00005326   0x0000002a   Code   RO         1749    CL$$btod_emul       c_w.l(btod.o)
    0x00005350   0x00005350   0x00000244   Code   RO         1755    CL$$btod_mult_common  c_w.l(btod.o)
    0x00005594   0x00005594   0x00000028   Code   RO          477    i.GPIODirModeSet    driverlib.lib(gpio.o)
    0x000055bc   0x000055bc   0x00000170   Code   RO          489    i.GPIOPadConfigSet  driverlib.lib(gpio.o)
    0x0000572c   0x0000572c   0x0000001c   Code   RO          500    i.GPIOPinTypeGPIOInput  driverlib.lib(gpio.o)
    0x00005748   0x00005748   0x0000001c   Code   RO          501    i.GPIOPinTypeGPIOOutput  driverlib.lib(gpio.o)
    0x00005764   0x00005764   0x0000001c   Code   RO          513    i.GPIOPinTypeUART   driverlib.lib(gpio.o)
    0x00005780   0x00005780   0x00000154   Code   RO          813    i.SysCtlClockGet    driverlib.lib(sysctl.o)
    0x000058d4   0x000058d4   0x00000028   Code   RO          844    i.SysCtlPeripheralEnable  driverlib.lib(sysctl.o)
    0x000058fc   0x000058fc   0x0000002c   Code   RO          848    i.SysCtlPeripheralReady  driverlib.lib(sysctl.o)
    0x00005928   0x00005928   0x0000000c   Code   RO         1172    i.UARTCharPut       driverlib.lib(uart.o)
    0x00005934   0x00005934   0x00000006   Code   RO         1176    i.UARTClockSourceSet  driverlib.lib(uart.o)
    0x0000593a   0x0000593a   0x0000006e   Code   RO         1178    i.UARTConfigSetExpClk  driverlib.lib(uart.o)
    0x000059a8   0x000059a8   0x0000001e   Code   RO         1181    i.UARTDisable       driverlib.lib(uart.o)
    0x000059c6   0x000059c6   0x00000014   Code   RO         1183    i.UARTEnable        driverlib.lib(uart.o)
    0x000059da   0x000059da   0x00000030   Code   RO         1784    i.__ARM_fpclassify  m_wm.l(fpclassify.o)
    0x00005a0a   0x00005a0a   0x0000000e   Code   RO         1652    i._is_digit         c_w.l(__printf_wp.o)
    0x00005a18   0x00005a18   0x0000002c   Code   RO         1771    locale$$code        c_w.l(lc_numeric_c.o)
    0x00005a44   0x00005a44   0x0000002c   Code   RO         1794    locale$$code        c_w.l(lc_ctype_c.o)
    0x00005a70   0x00005a70   0x0000001a   Code   RO         1854    x$fpl$fpinit        fz_wm.l(fpinit.o)
    0x00005a8a   0x00005a8a   0x00000004   Code   RO         1689    x$fpl$printf1       fz_wm.l(printf1.o)
    0x00005a8e   0x00005a8e   0x00000004   Code   RO         1691    x$fpl$printf2       fz_wm.l(printf2.o)
    0x00005a92   0x00005a92   0x00000000   Code   RO         1783    x$fpl$usenofp       fz_wm.l(usenofp.o)
    0x00005a92   0x00005a92   0x00000002   PAD
    0x00005a94   0x00005a94   0x00000254   Data   RO          866    .constdata          driverlib.lib(sysctl.o)
    0x00005ce8   0x00005ce8   0x00000008   Data   RO         1611    .constdata          c_w.l(_printf_wctomb.o)
    0x00005cf0   0x00005cf0   0x00000028   Data   RO         1640    .constdata          c_w.l(_printf_hex_int_ll_ptr.o)
    0x00005d18   0x00005d18   0x00000011   Data   RO         1660    .constdata          c_w.l(__printf_flags_ss_wp.o)
    0x00005d29   0x00005d29   0x00000026   Data   RO         1721    .constdata          c_w.l(_printf_fp_hex.o)
    0x00005d4f   0x00005d4f   0x00000001   PAD
    0x00005d50   0x00005d50   0x00000094   Data   RO         1744    .constdata          c_w.l(bigflt0.o)
    0x00005de4   0x00005de4   0x00000073   Data   RO           18    .rodata.str1.1      main.o
    0x00005e57   0x00005e57   0x00000005   Data   RO          390    .rodata.str1.1      tasks.o
    0x00005e5c   0x00005e5c   0x00000008   Data   RO          459    .rodata.str1.1      timers.o
    0x00005e64   0x00005e64   0x00000004   Data   RO          375    .rodata.uxTopUsedPriority  tasks.o
    0x00005e68   0x00005e68   0x00000020   Data   RO         1929    Region$$Table       anon$$obj.o
    0x00005e88   0x00005e88   0x0000001c   Data   RO         1770    locale$$data        c_w.l(lc_numeric_c.o)
    0x00005ea4   0x00005ea4   0x00000110   Data   RO         1793    locale$$data        c_w.l(lc_ctype_c.o)


    Execution Region RW_IRAM1 (Exec base: 0x20000000, Load base: 0x00005fb8, Size: 0x00002420, Max: 0x00008000, ABSOLUTE)

    Exec Addr    Load Addr    Size         Type   Attr      Idx    E Section Name        Object

    0x20000000   0x00005fb8   0x00000004   Data   RW           60    .data.SystemCoreClock  system_tm4c123.o
    0x20000004   0x00005fbc   0x00000004   Data   RW          116    .data.uxCriticalNesting  port.o
    0x20000008   0x00005fc0   0x00000004   Data   RW          138    .data.xFreeBytesRemaining  heap_2.o
    0x2000000c   0x00005fc4   0x00000004   PAD
    0x20000010        -       0x00000060   Zero   RW         1787    .bss                c_w.l(libspace.o)
    0x20000070        -       0x00000032   Zero   RW           21    .bss.buffer         main.o
    0x200000a2   0x00005fc4   0x00000002   PAD
    0x200000a4        -       0x00000004   Zero   RW          463    .bss.prvSampleTimeNow.xLastTime  timers.o
    0x200000a8        -       0x00000004   Zero   RW          137    .bss.pvPortMalloc.xHeapHasBeenInitialised  heap_2.o
    0x200000ac        -       0x00000004   Zero   RW          374    .bss.pxCurrentTCB   tasks.o
    0x200000b0        -       0x00000004   Zero   RW          461    .bss.pxCurrentTimerList  timers.o
    0x200000b4        -       0x00000004   Zero   RW          385    .bss.pxDelayedTaskList  tasks.o
    0x200000b8        -       0x00000004   Zero   RW          386    .bss.pxOverflowDelayedTaskList  tasks.o
    0x200000bc        -       0x00000004   Zero   RW          462    .bss.pxOverflowTimerList  timers.o
    0x200000c0        -       0x00000064   Zero   RW          376    .bss.pxReadyTasksLists  tasks.o
    0x20000124        -       0x00002000   Zero   RW          141    .bss.ucHeap         heap_2.o
    0x20002124        -       0x00000001   Zero   RW          114    .bss.ucMaxSysCallPriority  port.o
    0x20002125   0x00005fc4   0x00000003   PAD
    0x20002128        -       0x00000004   Zero   RW          115    .bss.ulMaxPRIGROUPValue  port.o
    0x2000212c        -       0x00000004   Zero   RW          119    .bss.ulStoppedTimerCompensation  port.o
    0x20002130        -       0x00000004   Zero   RW          118    .bss.ulTimerCountsForOneTick  port.o
    0x20002134        -       0x00000004   Zero   RW          381    .bss.uxCurrentNumberOfTasks  tasks.o
    0x20002138        -       0x00000004   Zero   RW          380    .bss.uxDeletedTasksWaitingCleanUp  tasks.o
    0x2000213c        -       0x00000004   Zero   RW          383    .bss.uxSchedulerSuspended  tasks.o
    0x20002140        -       0x00000004   Zero   RW          378    .bss.uxTaskNumber   tasks.o
    0x20002144        -       0x00000004   Zero   RW          377    .bss.uxTopReadyPriority  tasks.o
    0x20002148        -       0x00000014   Zero   RW          464    .bss.xActiveTimerList1  timers.o
    0x2000215c        -       0x00000014   Zero   RW          465    .bss.xActiveTimerList2  timers.o
    0x20002170        -       0x00000014   Zero   RW          395    .bss.xDelayedTaskList1  tasks.o
    0x20002184        -       0x00000014   Zero   RW          396    .bss.xDelayedTaskList2  tasks.o
    0x20002198        -       0x00000008   Zero   RW          140    .bss.xEnd           heap_2.o
    0x200021a0        -       0x00000004   Zero   RW          391    .bss.xIdleTaskHandle  tasks.o
    0x200021a4        -       0x00000004   Zero   RW          117    .bss.xMaximumPossibleSuppressedTicks  port.o
    0x200021a8        -       0x00000004   Zero   RW           16    .bss.xMutex         main.o
    0x200021ac        -       0x00000004   Zero   RW           17    .bss.xMutex2        main.o
    0x200021b0        -       0x00000004   Zero   RW          392    .bss.xNextTaskUnblockTime  tasks.o
    0x200021b4        -       0x00000004   Zero   RW          394    .bss.xNumOfOverflows  tasks.o
    0x200021b8        -       0x00000004   Zero   RW          393    .bss.xPendedTicks   tasks.o
    0x200021bc        -       0x00000014   Zero   RW          389    .bss.xPendingReadyList  tasks.o
    0x200021d0        -       0x00000004   Zero   RW          382    .bss.xSchedulerRunning  tasks.o
    0x200021d4        -       0x00000008   Zero   RW          139    .bss.xStart         heap_2.o
    0x200021dc        -       0x00000014   Zero   RW          387    .bss.xSuspendedTaskList  tasks.o
    0x200021f0        -       0x00000004   Zero   RW           19    .bss.xTask1_Handle  main.o
    0x200021f4        -       0x00000004   Zero   RW           20    .bss.xTask2_Handle  main.o
    0x200021f8        -       0x00000014   Zero   RW          379    .bss.xTasksWaitingTermination  tasks.o
    0x2000220c        -       0x00000004   Zero   RW          384    .bss.xTickCount     tasks.o
    0x20002210        -       0x00000004   Zero   RW          458    .bss.xTimerQueue    timers.o
    0x20002214        -       0x00000004   Zero   RW          460    .bss.xTimerTaskHandle  timers.o
    0x20002218        -       0x00000004   Zero   RW          388    .bss.xYieldPending  tasks.o
    0x2000221c   0x00005fc4   0x00000004   PAD
    0x20002220        -       0x00000000   Zero   RW           45    HEAP                startup_tm4c123.o
    0x20002220        -       0x00000200   Zero   RW           44    STACK               startup_tm4c123.o


==============================================================================

Image component sizes


      Code (inc. data)   RO Data    RW Data    ZI Data      Debug   Object Name

       576          0          0          4       8212       2835   heap_2.o
       254          0          0          0          0        986   init.o
       296          0          0          0          0       2375   list.o
       748          0        115          0         66       2354   main.o
      1572         16          0          4         17       4917   port.o
      3152          0          0          0          0      17027   queue.o
       276         24        620          0        512       5524   startup_tm4c123.o
       268          0          0          4          0       6787   system_tm4c123.o
      5856          0          9          0        260      27232   tasks.o
      1266         10          8          0         60       9504   timers.o

    ----------------------------------------------------------------------
     14340         50        784         12       9140      79541   Object Totals
         0          0         32          0          0          0   (incl. Generated)
        76          0          0          0         13          0   (incl. Padding)

    ----------------------------------------------------------------------

      Code (inc. data)   RO Data    RW Data    ZI Data      Debug   Library Member Name

         8          0          0          0          0         68   __main.o
       392          4         17          0          0         92   __printf_flags_ss_wp.o
        14          0          0          0          0         68   __printf_wp.o
         0          0          0          0          0          0   __rtentry.o
        12          0          0          0          0          0   __rtentry2.o
         6          0          0          0          0          0   __rtentry4.o
        52          8          0          0          0          0   __scatter.o
        26          0          0          0          0          0   __scatter_copy.o
        28          0          0          0          0          0   __scatter_zi.o
        72          0          0          0          0         96   _c16rtomb.o
         6          0          0          0          0          0   _printf_a.o
         6          0          0          0          0          0   _printf_c.o
        44          0          0          0          0        108   _printf_char.o
        48          6          0          0          0         96   _printf_char_common.o
        40          0          0          0          0         68   _printf_charcount.o
         6          0          0          0          0          0   _printf_d.o
       120         16          0          0          0         92   _printf_dec.o
         6          0          0          0          0          0   _printf_e.o
         6          0          0          0          0          0   _printf_f.o
      1052          0          0          0          0        148   _printf_fp_dec.o
       764          8         38          0          0        100   _printf_fp_hex.o
       128         16          0          0          0         84   _printf_fp_infnan.o
         6          0          0          0          0          0   _printf_g.o
       148          4         40          0          0        160   _printf_hex_int_ll_ptr.o
         6          0          0          0          0          0   _printf_i.o
       178          0          0          0          0         88   _printf_intcommon.o
        10          0          0          0          0          0   _printf_l.o
         6          0          0          0          0          0   _printf_lc.o
        10          0          0          0          0          0   _printf_ll.o
         6          0          0          0          0          0   _printf_lld.o
         6          0          0          0          0          0   _printf_lli.o
         6          0          0          0          0          0   _printf_llo.o
         6          0          0          0          0          0   _printf_llu.o
         6          0          0          0          0          0   _printf_llx.o
       124         16          0          0          0         92   _printf_longlong_dec.o
         6          0          0          0          0          0   _printf_ls.o
         6          0          0          0          0          0   _printf_n.o
         6          0          0          0          0          0   _printf_o.o
       112          8          0          0          0        124   _printf_oct_int_ll.o
         6          0          0          0          0          0   _printf_p.o
        78          0          0          0          0        108   _printf_pad.o
         0          0          0          0          0          0   _printf_percent.o
         4          0          0          0          0          0   _printf_percent_end.o
         6          0          0          0          0          0   _printf_s.o
        82          0          0          0          0         80   _printf_str.o
        36          0          0          0          0         84   _printf_truncate.o
         6          0          0          0          0          0   _printf_u.o
        44          0          0          0          0        108   _printf_wchar.o
       188          6          8          0          0         92   _printf_wctomb.o
         6          0          0          0          0          0   _printf_x.o
        10          0          0          0          0         68   _sputc.o
        16          0          0          0          0         68   aeabi_memset4.o
       228          4        148          0          0         96   bigflt0.o
      1936        128          0          0          0        668   btod.o
        18          0          0          0          0         80   exit.o
         6          0          0          0          0        152   heapauxi.o
         0          0          0          0          0          0   indicate_semi.o
        44         10        272          0          0         76   lc_ctype_c.o
        44         10         28          0          0         76   lc_numeric_c.o
         2          0          0          0          0          0   libinit.o
        34          0          0          0          0          0   libinit2.o
         2          0          0          0          0          0   libshutdown.o
         2          0          0          0          0          0   libshutdown2.o
         8          4          0          0         96         68   libspace.o
       138          0          0          0          0         80   lludiv10.o
        16          4          0          0          0         76   rt_ctype_table.o
         8          4          0          0          0         68   rt_locale_intlibspace.o
        78          0          0          0          0         80   rt_memclr_w.o
       138          0          0          0          0         68   rt_memcpy_v6.o
       100          0          0          0          0         80   rt_memcpy_w.o
         2          0          0          0          0          0   rtexit.o
        10          0          0          0          0          0   rtexit2.o
        44          6          0          0          0         84   sprintf.o
       124          0          0          0          0         88   strcmpv7em.o
        12          4          0          0          0         68   sys_exit.o
        74          0          0          0          0         80   sys_stackheap_outer.o
         2          0          0          0          0         68   use_no_semi.o
       492         14          0          0          0       8353   gpio.o
       424         44        596          0          0       3674   sysctl.o
       178          0          0          0          0       3406   uart.o
        26          0          0          0          0        116   fpinit.o
         4          0          0          0          0        116   printf1.o
         4          0          0          0          0        116   printf2.o
         0          0          0          0          0          0   usenofp.o
        48          0          0          0          0        124   fpclassify.o

    ----------------------------------------------------------------------
      8228        324       1148          0         96      20053   Library Totals
        16          0          1          0          0          0   (incl. Padding)

    ----------------------------------------------------------------------

      Code (inc. data)   RO Data    RW Data    ZI Data      Debug   Library Name

      7036        266        551          0         96       4148   c_w.l
      1094         58        596          0          0      15433   driverlib.lib
        34          0          0          0          0        348   fz_wm.l
        48          0          0          0          0        124   m_wm.l

    ----------------------------------------------------------------------
      8228        324       1148          0         96      20053   Library Totals

    ----------------------------------------------------------------------

==============================================================================


      Code (inc. data)   RO Data    RW Data    ZI Data      Debug   

     22568        374       1932         12       9236      96098   Grand Totals
     22568        374       1932         12       9236      96098   ELF Image Totals
     22568        374       1932         12          0          0   ROM Totals

==============================================================================

    Total RO  Size (Code + RO Data)                24500 (  23.93kB)
    Total RW  Size (RW Data + ZI Data)              9248 (   9.03kB)
    Total ROM Size (Code + RO Data + RW Data)      24512 (  23.94kB)

==============================================================================

